Component: ARM Compiler 5.05 update 1 (build 106) Tool: armlink [4d0efa]

==============================================================================

Section Cross References

    canbustask.o(i.CanReceiveMsgProcess) refers to encoder.o(i.GetEncoderBias) for GetEncoderBias
    canbustask.o(i.CanReceiveMsgProcess) refers to encoder.o(i.Motor_3508_EncoderProcess) for Motor_3508_EncoderProcess
    canbustask.o(i.CanReceiveMsgProcess) refers to encoder.o(i.Motor_6020_EncoderProcess) for Motor_6020_EncoderProcess
    canbustask.o(i.CanReceiveMsgProcess) refers to canbustask.o(.data) for can_count
    canbustask.o(i.CanReceiveMsgProcess) refers to workstate.o(.data) for Chassis_Power_On_Flag
    canbustask.o(i.CanReceiveMsgProcess) refers to canbustask.o(.bss) for CM1Encoder
    canbustask.o(i.CanReceiveMsgProcess1) refers to encoder.o(i.GetEncoderBias) for GetEncoderBias
    canbustask.o(i.CanReceiveMsgProcess1) refers to encoder.o(i.Motor_2310_EncoderProcess) for Motor_2310_EncoderProcess
    canbustask.o(i.CanReceiveMsgProcess1) refers to encoder.o(i.Up_to_Down_Flag) for Up_to_Down_Flag
    canbustask.o(i.CanReceiveMsgProcess1) refers to canbustask.o(.data) for can_count
    canbustask.o(i.CanReceiveMsgProcess1) refers to canbustask.o(.bss) for CM7Encoder
    canbustask.o(i.Send_Down_to_Up_Message) refers to stm32f4xx_can.o(i.CAN_Transmit) for CAN_Transmit
    canbustask.o(i.Set_CM_Speed) refers to stm32f4xx_can.o(i.CAN_Transmit) for CAN_Transmit
    canbustask.o(i.Set_Gimbal_CALI_STATE) refers to stm32f4xx_can.o(i.CAN_Transmit) for CAN_Transmit
    canbustask.o(i.Set_Gimbal_Current) refers to stm32f4xx_can.o(i.CAN_Transmit) for CAN_Transmit
    canbustask.o(i.Set_Gimbal_Current1) refers to stm32f4xx_can.o(i.CAN_Transmit) for CAN_Transmit
    controltask.o(i.Control_Task) refers to workstate.o(i.WorkStateFSM) for WorkStateFSM
    controltask.o(i.Control_Task) refers to workstate.o(i.WorkStateSwitchProcess) for WorkStateSwitchProcess
    controltask.o(i.Control_Task) refers to freedom_status.o(i.YawFreeRoation) for YawFreeRoation
    controltask.o(i.Control_Task) refers to doget_state.o(i.YawFreeRoation_Doget) for YawFreeRoation_Doget
    controltask.o(i.Control_Task) refers to speedtask.o(i.GMYawControlLoop) for GMYawControlLoop
    controltask.o(i.Control_Task) refers to speedtask.o(i.GMPitchControlLoop) for GMPitchControlLoop
    controltask.o(i.Control_Task) refers to shootingtask.o(i.HeatControl_Task) for HeatControl_Task
    controltask.o(i.Control_Task) refers to shootingtask.o(i.FrictionWheelControl) for FrictionWheelControl
    controltask.o(i.Control_Task) refers to shootingtask.o(i.BoLunMotorControl) for BoLunMotorControl
    controltask.o(i.Control_Task) refers to speedtask.o(i.ShooterMControlLoop) for ShooterMControlLoop
    controltask.o(i.Control_Task) refers to speedtask.o(i.SetGimbalMotorOutput) for SetGimbalMotorOutput
    controltask.o(i.Control_Task) refers to freedom_status.o(i.Chassis_Motion_Switch) for Chassis_Motion_Switch
    controltask.o(i.Control_Task) refers to doget_state.o(i.Chassis_Motion_Switch_Doget) for Chassis_Motion_Switch_Doget
    controltask.o(i.Control_Task) refers to speedtask.o(i.GraduallyChangeCMSpeed) for GraduallyChangeCMSpeed
    controltask.o(i.Control_Task) refers to speedtask.o(i.CMControlLoop) for CMControlLoop
    controltask.o(i.Control_Task) refers to phototube.o(i.Phototube_Handle) for Phototube_Handle
    controltask.o(i.Control_Task) refers to timer.o(i.Get_Time_Micros) for Get_Time_Micros
    controltask.o(i.Control_Task) refers to controltask.o(.data) for time_tick_2ms
    controltask.o(i.Control_Task) refers to timer.o(.bss) for Remote_microsecond
    controltask.o(i.Control_Task) refers to workstate.o(.data) for RemoteTest_Flag
    controltask.o(i.ControtLoopTaskInit) refers to controltask.o(.data) for time_tick_2ms
    controltask.o(i.ControtLoopTaskInit) refers to speedtask.o(.data) for CM1SpeedPID
    controltask.o(i.ControtLoopTaskInit) refers to freedom_status.o(.data) for YawCurrentPositionSave
    controltask.o(i.engineerpower_Init) refers to stm32f4xx_rcc.o(i.RCC_AHB1PeriphClockCmd) for RCC_AHB1PeriphClockCmd
    controltask.o(i.engineerpower_Init) refers to stm32f4xx_gpio.o(i.GPIO_Init) for GPIO_Init
    controltask.o(i.engineerpower_Init) refers to stm32f4xx_gpio.o(i.GPIO_SetBits) for GPIO_SetBits
    doget_state.o(i.Chassis_Motion_Switch_Doget) refers to rand.o(.emb_text) for rand
    doget_state.o(i.Chassis_Motion_Switch_Doget) refers to workstate.o(i.GetWorkState) for GetWorkState
    doget_state.o(i.Chassis_Motion_Switch_Doget) refers to f2d.o(x$fpl$f2d) for __aeabi_f2d
    doget_state.o(i.Chassis_Motion_Switch_Doget) refers to daddsub_clz.o(x$fpl$dsub) for __aeabi_dsub
    doget_state.o(i.Chassis_Motion_Switch_Doget) refers to fabs.o(i.__hardfp_fabs) for __hardfp_fabs
    doget_state.o(i.Chassis_Motion_Switch_Doget) refers to dleqf.o(x$fpl$dleqf) for __aeabi_cdcmple
[...]
    __rt_lib_init_stdio_1                    0x08000247   Thumb Code     0  libinit2.o(.ARM.Collect$$libinit$$00000025)
    __rt_lib_shutdown                        0x08000249   Thumb Code     0  libshutdown.o(.ARM.Collect$$libshutdown$$00000000)
    __rt_lib_shutdown_fp_trap_1              0x0800024b   Thumb Code     0  libshutdown2.o(.ARM.Collect$$libshutdown$$00000006)
    __rt_lib_shutdown_heap_1                 0x0800024b   Thumb Code     0  libshutdown2.o(.ARM.Collect$$libshutdown$$0000000E)
    __rt_lib_shutdown_return                 0x0800024b   Thumb Code     0  libshutdown2.o(.ARM.Collect$$libshutdown$$0000000F)
    __rt_lib_shutdown_signal_1               0x0800024b   Thumb Code     0  libshutdown2.o(.ARM.Collect$$libshutdown$$00000009)
    __rt_lib_shutdown_stdio_1                0x0800024b   Thumb Code     0  libshutdown2.o(.ARM.Collect$$libshutdown$$00000003)
    __rt_lib_shutdown_user_alloc_1           0x0800024b   Thumb Code     0  libshutdown2.o(.ARM.Collect$$libshutdown$$0000000B)
    __rt_entry                               0x0800024d   Thumb Code     0  __rtentry.o(.ARM.Collect$$rtentry$$00000000)
    __rt_entry_presh_1                       0x0800024d   Thumb Code     0  __rtentry2.o(.ARM.Collect$$rtentry$$00000002)
    __rt_entry_sh                            0x0800024d   Thumb Code     0  __rtentry4.o(.ARM.Collect$$rtentry$$00000004)
    __rt_entry_li                            0x08000253   Thumb Code     0  __rtentry2.o(.ARM.Collect$$rtentry$$0000000A)
    __rt_entry_postsh_1                      0x08000253   Thumb Code     0  __rtentry2.o(.ARM.Collect$$rtentry$$00000009)
    __rt_entry_main                          0x08000257   Thumb Code     0  __rtentry2.o(.ARM.Collect$$rtentry$$0000000D)
    __rt_entry_postli_1                      0x08000257   Thumb Code     0  __rtentry2.o(.ARM.Collect$$rtentry$$0000000C)
    __rt_exit                                0x0800025f   Thumb Code     0  rtexit.o(.ARM.Collect$$rtexit$$00000000)
    __rt_exit_ls                             0x08000261   Thumb Code     0  rtexit2.o(.ARM.Collect$$rtexit$$00000003)
    __rt_exit_prels_1                        0x08000261   Thumb Code     0  rtexit2.o(.ARM.Collect$$rtexit$$00000002)
    __rt_exit_exit                           0x08000265   Thumb Code     0  rtexit2.o(.ARM.Collect$$rtexit$$00000004)
    rand                                     0x0800026d   Thumb Code    48  rand.o(.emb_text)
    Reset_Handler                            0x080002a1   Thumb Code     8  startup_stm32f40_41xxx.o(.text)
    ADC_IRQHandler                           0x080002bb   Thumb Code     0  startup_stm32f40_41xxx.o(.text)
    CAN1_RX1_IRQHandler                      0x080002bb   Thumb Code     0  startup_stm32f40_41xxx.o(.text)
    CAN1_SCE_IRQHandler                      0x080002bb   Thumb Code     0  startup_stm32f40_41xxx.o(.text)
    CAN2_RX1_IRQHandler                      0x080002bb   Thumb Code     0  startup_stm32f40_41xxx.o(.text)
    CAN2_SCE_IRQHandler                      0x080002bb   Thumb Code     0  startup_stm32f40_41xxx.o(.text)
    CRYP_IRQHandler                          0x080002bb   Thumb Code     0  startup_stm32f40_41xxx.o(.text)
    DCMI_IRQHandler                          0x080002bb   Thumb Code     0  startup_stm32f40_41xxx.o(.text)
    DMA1_Stream0_IRQHandler                  0x080002bb   Thumb Code     0  startup_stm32f40_41xxx.o(.text)
    DMA1_Stream1_IRQHandler                  0x080002bb   Thumb Code     0  startup_stm32f40_41xxx.o(.text)
    DMA1_Stream2_IRQHandler                  0x080002bb   Thumb Code     0  startup_stm32f40_41xxx.o(.text)
    DMA1_Stream3_IRQHandler                  0x080002bb   Thumb Code     0  startup_stm32f40_41xxx.o(.text)
    DMA1_Stream4_IRQHandler                  0x080002bb   Thumb Code     0  startup_stm32f40_41xxx.o(.text)
    DMA1_Stream5_IRQHandler                  0x080002bb   Thumb Code     0  startup_stm32f40_41xxx.o(.text)
    DMA1_Stream6_IRQHandler                  0x080002bb   Thumb Code     0  startup_stm32f40_41xxx.o(.text)
    DMA1_Stream7_IRQHandler                  0x080002bb   Thumb Code     0  startup_stm32f40_41xxx.o(.text)
    DMA2_Stream0_IRQHandler                  0x080002bb   Thumb Code     0  startup_stm32f40_41xxx.o(.text)
    DMA2_Stream1_IRQHandler                  0x080002bb   Thumb Code     0  startup_stm32f40_41xxx.o(.text)
    DMA2_Stream2_IRQHandler                  0x080002bb   Thumb Code     0  startup_stm32f40_41xxx.o(.text)
    DMA2_Stream3_IRQHandler                  0x080002bb   Thumb Code     0  startup_stm32f40_41xxx.o(.text)
    DMA2_Stream4_IRQHandler                  0x080002bb   Thumb Code     0  startup_stm32f40_41xxx.o(.text)
    DMA2_Stream5_IRQHandler                  0x080002bb   Thumb Code     0  startup_stm32f40_41xxx.o(.text)
    DMA2_Stream6_IRQHandler                  0x080002bb   Thumb Code     0  startup_stm32f40_41xxx.o(.text)
    DMA2_Stream7_IRQHandler                  0x080002bb   Thumb Code     0  startup_stm32f40_41xxx.o(.text)
    ETH_IRQHandler                           0x080002bb   Thumb Code     0  startup_stm32f40_41xxx.o(.text)
    ETH_WKUP_IRQHandler                      0x080002bb   Thumb Code     0  startup_stm32f40_41xxx.o(.text)
    EXTI0_IRQHandler                         0x080002bb   Thumb Code     0  startup_stm32f40_41xxx.o(.text)
    EXTI15_10_IRQHandler                     0x080002bb   Thumb Code     0  startup_stm32f40_41xxx.o(.text)
    EXTI1_IRQHandler                         0x080002bb   Thumb Code     0  startup_stm32f40_41xxx.o(.text)
    EXTI2_IRQHandler                         0x080002bb   Thumb Code     0  startup_stm32f40_41xxx.o(.text)
    EXTI3_IRQHandler                         0x080002bb   Thumb Code     0  startup_stm32f40_41xxx.o(.text)
    EXTI4_IRQHandler                         0x080002bb   Thumb Code     0  startup_stm32f40_41xxx.o(.text)
    EXTI9_5_IRQHandler                       0x080002bb   Thumb Code     0  startup_stm32f40_41xxx.o(.text)
    FLASH_IRQHandler                         0x080002bb   Thumb Code     0  startup_stm32f40_41xxx.o(.text)
    FPU_IRQHandler                           0x080002bb   Thumb Code     0  startup_stm32f40_41xxx.o(.text)
    FSMC_IRQHandler                          0x080002bb   Thumb Code     0  startup_stm32f40_41xxx.o(.text)
    HASH_RNG_IRQHandler                      0x080002bb   Thumb Code     0  startup_stm32f40_41xxx.o(.text)
    I2C1_ER_IRQHandler                       0x080002bb   Thumb Code     0  startup_stm32f40_41xxx.o(.text)
    I2C1_EV_IRQHandler                       0x080002bb   Thumb Code     0  startup_stm32f40_41xxx.o(.text)
    I2C2_ER_IRQHandler                       0x080002bb   Thumb Code     0  startup_stm32f40_41xxx.o(.text)
    I2C2_EV_IRQHandler                       0x080002bb   Thumb Code     0  startup_stm32f40_41xxx.o(.text)
    I2C3_ER_IRQHandler                       0x080002bb   Thumb Code     0  startup_stm32f40_41xxx.o(.text)
    I2C3_EV_IRQHandler                       0x080002bb   Thumb Code     0  startup_stm32f40_41xxx.o(.text)
    OTG_FS_IRQHandler                        0x080002bb   Thumb Code     0  startup_stm32f40_41xxx.o(.text)
    OTG_FS_WKUP_IRQHandler                   0x080002bb   Thumb Code     0  startup_stm32f40_41xxx.o(.text)
    OTG_HS_EP1_IN_IRQHandler                 0x080002bb   Thumb Code     0  startup_stm32f40_41xxx.o(.text)
    OTG_HS_EP1_OUT_IRQHandler                0x080002bb   Thumb Code     0  startup_stm32f40_41xxx.o(.text)
    OTG_HS_IRQHandler                        0x080002bb   Thumb Code     0  startup_stm32f40_41xxx.o(.text)
    OTG_HS_WKUP_IRQHandler                   0x080002bb   Thumb Code     0  startup_stm32f40_41xxx.o(.text)
    PVD_IRQHandler                           0x080002bb   Thumb Code     0  startup_stm32f40_41xxx.o(.text)
    RCC_IRQHandler                           0x080002bb   Thumb Code     0  startup_stm32f40_41xxx.o(.text)
    RTC_Alarm_IRQHandler                     0x080002bb   Thumb Code     0  startup_stm32f40_41xxx.o(.text)
    RTC_WKUP_IRQHandler                      0x080002bb   Thumb Code     0  startup_stm32f40_41xxx.o(.text)
    SDIO_IRQHandler                          0x080002bb   Thumb Code     0  startup_stm32f40_41xxx.o(.text)
    SPI1_IRQHandler                          0x080002bb   Thumb Code     0  startup_stm32f40_41xxx.o(.text)
    SPI2_IRQHandler                          0x080002bb   Thumb Code     0  startup_stm32f40_41xxx.o(.text)
    SPI3_IRQHandler                          0x080002bb   Thumb Code     0  startup_stm32f40_41xxx.o(.text)
    TAMP_STAMP_IRQHandler                    0x080002bb   Thumb Code     0  startup_stm32f40_41xxx.o(.text)
    TIM1_BRK_TIM9_IRQHandler                 0x080002bb   Thumb Code     0  startup_stm32f40_41xxx.o(.text)
    TIM1_CC_IRQHandler                       0x080002bb   Thumb Code     0  startup_stm32f40_41xxx.o(.text)
    TIM1_TRG_COM_TIM11_IRQHandler            0x080002bb   Thumb Code     0  startup_stm32f40_41xxx.o(.text)
    TIM1_UP_TIM10_IRQHandler                 0x080002bb   Thumb Code     0  startup_stm32f40_41xxx.o(.text)
    TIM4_IRQHandler                          0x080002bb   Thumb Code     0  startup_stm32f40_41xxx.o(.text)
    TIM5_IRQHandler                          0x080002bb   Thumb Code     0  startup_stm32f40_41xxx.o(.text)
    TIM7_IRQHandler                          0x080002bb   Thumb Code     0  startup_stm32f40_41xxx.o(.text)
    TIM8_BRK_TIM12_IRQHandler                0x080002bb   Thumb Code     0  startup_stm32f40_41xxx.o(.text)
    TIM8_CC_IRQHandler                       0x080002bb   Thumb Code     0  startup_stm32f40_41xxx.o(.text)
    TIM8_TRG_COM_TIM14_IRQHandler            0x080002bb   Thumb Code     0  startup_stm32f40_41xxx.o(.text)
    TIM8_UP_TIM13_IRQHandler                 0x080002bb   Thumb Code     0  startup_stm32f40_41xxx.o(.text)
    UART4_IRQHandler                         0x080002bb   Thumb Code     0  startup_stm32f40_41xxx.o(.text)
    UART5_IRQHandler                         0x080002bb   Thumb Code     0  startup_stm32f40_41xxx.o(.text)
    WWDG_IRQHandler                          0x080002bb   Thumb Code     0  startup_stm32f40_41xxx.o(.text)
    __user_initial_stackheap                 0x080002bd   Thumb Code     0  startup_stm32f40_41xxx.o(.text)
    __use_no_semihosting                     0x080002e1   Thumb Code     2  use_no_semi_2.o(.text)
    srand                                    0x080002e5   Thumb Code    42  rand.o(.text)
    _rand_init                               0x0800030f   Thumb Code     4  rand.o(.text)
    __aeabi_memcpy4                          0x08000321   Thumb Code     0  rt_memcpy_w.o(.text)
    __aeabi_memcpy8                          0x08000321   Thumb Code     0  rt_memcpy_w.o(.text)
    __rt_memcpy_w                            0x08000321   Thumb Code   100  rt_memcpy_w.o(.text)
    _memcpy_lastbytes_aligned                0x08000369   Thumb Code     0  rt_memcpy_w.o(.text)
    __use_two_region_memory                  0x08000385   Thumb Code     2  heapauxi.o(.text)
    __rt_heap_escrow$2region                 0x08000387   Thumb Code     2  heapauxi.o(.text)
    __rt_heap_expand$2region                 0x08000389   Thumb Code     2  heapauxi.o(.text)
    __I$use$semihosting                      0x0800038b   Thumb Code     0  use_no_semi.o(.text)
    __use_no_semihosting_swi                 0x0800038b   Thumb Code     2  use_no_semi.o(.text)
    __read_errno                             0x0800038d   Thumb Code    10  _rserrno.o(.text)
    __set_errno                              0x08000397   Thumb Code    12  _rserrno.o(.text)
    __aeabi_errno_addr                       0x080003a5   Thumb Code     8  rt_errno_addr_intlibspace.o(.text)
    __errno$intlibspace                      0x080003a5   Thumb Code     0  rt_errno_addr_intlibspace.o(.text)
    __rt_errno_addr$intlibspace              0x080003a5   Thumb Code     0  rt_errno_addr_intlibspace.o(.text)
    __user_libspace                          0x080003ad   Thumb Code     8  libspace.o(.text)
    __user_perproc_libspace                  0x080003ad   Thumb Code     0  libspace.o(.text)
    __user_perthread_libspace                0x080003ad   Thumb Code     0  libspace.o(.text)
    __user_setup_stackheap                   0x080003b5   Thumb Code    74  sys_stackheap_outer.o(.text)
    exit                                     0x080003ff   Thumb Code    12  exit.o(.text)
    Attacked_Monitor                         0x0800040d   Thumb Code   454  gunheartandbleed.o(i.Attacked_Monitor)
    BSP_Init                                 0x08000605   Thumb Code    60  bsp.o(i.BSP_Init)
    Bleed_Monitor                            0x08000641   Thumb Code   494  gunheartandbleed.o(i.Bleed_Monitor)
    BoLunMotorControl                        0x08000885   Thumb Code   104  shootingtask.o(i.BoLunMotorControl)
    BulletSpeed_Monitor                      0x08000905   Thumb Code   136  gunheartandbleed.o(i.BulletSpeed_Monitor)
    BusFault_Handler                         0x0800099d   Thumb Code     4  stm32f4xx_it.o(i.BusFault_Handler)
    CAN1_Configuration                       0x080009a1   Thumb Code   264  can1.o(i.CAN1_Configuration)
    CAN1_RX0_IRQHandler                      0x08000ab1   Thumb Code    50  can1.o(i.CAN1_RX0_IRQHandler)
    CAN1_TX_IRQHandler                       0x08000aed   Thumb Code    22  can1.o(i.CAN1_TX_IRQHandler)
    CAN2_Configuration                       0x08000b09   Thumb Code   266  can2.o(i.CAN2_Configuration)
    CAN2_RX0_IRQHandler                      0x08000c1d   Thumb Code    50  can2.o(i.CAN2_RX0_IRQHandler)
    CAN2_TX_IRQHandler                       0x08000c59   Thumb Code    22  can2.o(i.CAN2_TX_IRQHandler)
    CAN_ClearFlag                            0x08000c75   Thumb Code    52  stm32f4xx_can.o(i.CAN_ClearFlag)
    CAN_ClearITPendingBit                    0x08000cad   Thumb Code   162  stm32f4xx_can.o(i.CAN_ClearITPendingBit)
    CAN_DeInit                               0x08000d55   Thumb Code    50  stm32f4xx_can.o(i.CAN_DeInit)
    CAN_FilterInit                           0x08000d8d   Thumb Code   258  stm32f4xx_can.o(i.CAN_FilterInit)
    CAN_GetITStatus                          0x08000e95   Thumb Code   284  stm32f4xx_can.o(i.CAN_GetITStatus)
    CAN_ITConfig                             0x08000fb5   Thumb Code    18  stm32f4xx_can.o(i.CAN_ITConfig)
    CAN_Init                                 0x08000fc7   Thumb Code   276  stm32f4xx_can.o(i.CAN_Init)
    CAN_Receive                              0x080010db   Thumb Code   240  stm32f4xx_can.o(i.CAN_Receive)
    CAN_StructInit                           0x080011cb   Thumb Code    32  stm32f4xx_can.o(i.CAN_StructInit)
    CAN_Transmit                             0x080011eb   Thumb Code   294  stm32f4xx_can.o(i.CAN_Transmit)
    CMControlLoop                            0x08001311   Thumb Code   952  speedtask.o(i.CMControlLoop)
    CanReceiveMsgProcess                     0x0800173d   Thumb Code   438  canbustask.o(i.CanReceiveMsgProcess)
    CanReceiveMsgProcess1                    0x0800191d   Thumb Code   178  canbustask.o(i.CanReceiveMsgProcess1)
    ChariotRecognition_Mes_Process           0x080019e1   Thumb Code   834  usart3.o(i.ChariotRecognition_Mes_Process)
    Chassis_Motion_Switch                    0x08001d99   Thumb Code   574  freedom_status.o(i.Chassis_Motion_Switch)
    Chassis_Motion_Switch_Doget              0x08002025   Thumb Code  2520  doget_state.o(i.Chassis_Motion_Switch_Doget)
    Control_Task                             0x08002a31   Thumb Code   114  controltask.o(i.Control_Task)
    ControtLoopTaskInit                      0x08002ab5   Thumb Code   150  controltask.o(i.ControtLoopTaskInit)
    DMA_Cmd                                  0x08002b95   Thumb Code    22  stm32f4xx_dma.o(i.DMA_Cmd)
    DMA_DeInit                               0x08002bad   Thumb Code   324  stm32f4xx_dma.o(i.DMA_DeInit)
    DMA_DoubleBufferModeCmd                  0x08002d05   Thumb Code    22  stm32f4xx_dma.o(i.DMA_DoubleBufferModeCmd)
    DMA_DoubleBufferModeConfig               0x08002d1b   Thumb Code    24  stm32f4xx_dma.o(i.DMA_DoubleBufferModeConfig)
    DMA_GetCurrDataCounter                   0x08002d33   Thumb Code     8  stm32f4xx_dma.o(i.DMA_GetCurrDataCounter)
    DMA_GetCurrentMemoryTarget               0x08002d3b   Thumb Code    20  stm32f4xx_dma.o(i.DMA_GetCurrentMemoryTarget)
    DMA_Init                                 0x08002d51   Thumb Code    82  stm32f4xx_dma.o(i.DMA_Init)
    DMA_StructInit                           0x08002da9   Thumb Code    34  stm32f4xx_dma.o(i.DMA_StructInit)
    DebugMon_Handler                         0x08002dcb   Thumb Code     2  stm32f4xx_it.o(i.DebugMon_Handler)
    FloatValueSolveFunction                  0x08002dcd   Thumb Code   138  judgingsystemtask.o(i.FloatValueSolveFunction)
    FrictionWheelControl                     0x08002e59   Thumb Code    64  shootingtask.o(i.FrictionWheelControl)
    GMPitchControlLoop                       0x08002eb1   Thumb Code   868  speedtask.o(i.GMPitchControlLoop)
    GMYawControlLoop                         0x080032a5   Thumb Code   906  speedtask.o(i.GMYawControlLoop)
    GPIO_Init                                0x080036e5   Thumb Code   144  stm32f4xx_gpio.o(i.GPIO_Init)
    GPIO_PinAFConfig                         0x08003775   Thumb Code    70  stm32f4xx_gpio.o(i.GPIO_PinAFConfig)
    GPIO_SetBits                             0x080037bb   Thumb Code     4  stm32f4xx_gpio.o(i.GPIO_SetBits)
    GPIO_StructInit                          0x080037bf   Thumb Code    18  stm32f4xx_gpio.o(i.GPIO_StructInit)
    GetEncoderBias                           0x080037d1   Thumb Code    20  encoder.o(i.GetEncoderBias)
    GetWorkState                             0x080037e5   Thumb Code     6  workstate.o(i.GetWorkState)
    Get_CRC16_Check_Sum                      0x080037f1   Thumb Code    46  crc.o(i.Get_CRC16_Check_Sum)
    Get_CRC8_Check_Sum                       0x08003825   Thumb Code    30  crc.o(i.Get_CRC8_Check_Sum)
    Get_Time_Micros                          0x08003849   Thumb Code     8  timer.o(i.Get_Time_Micros)
    GetlastWorkState                         0x08003851   Thumb Code     6  workstate.o(i.GetlastWorkState)
    GraduallyChangeCMSpeed                   0x0800385d   Thumb Code   202  speedtask.o(i.GraduallyChangeCMSpeed)
    GunHeart_CalcProcess                     0x08003949   Thumb Code    14  gunheartandbleed.o(i.GunHeart_CalcProcess)
    HardFault_Handler                        0x0800395d   Thumb Code     4  stm32f4xx_it.o(i.HardFault_Handler)
    HeatControl_Task                         0x08003961   Thumb Code    10  shootingtask.o(i.HeatControl_Task)
    IMUDataProcess                           0x08003975   Thumb Code   490  usart6.o(i.IMUDataProcess)
    MemManage_Handler                        0x08003b95   Thumb Code     4  stm32f4xx_it.o(i.MemManage_Handler)
    Motor_2310_EncoderProcess                0x08003b99   Thumb Code   242  encoder.o(i.Motor_2310_EncoderProcess)
    Motor_3508_EncoderProcess                0x08003ca5   Thumb Code   308  encoder.o(i.Motor_3508_EncoderProcess)
    Motor_6020_EncoderProcess                0x08003df1   Thumb Code   314  encoder.o(i.Motor_6020_EncoderProcess)
    NMI_Handler                              0x08003f3d   Thumb Code     2  stm32f4xx_it.o(i.NMI_Handler)
    NVIC_Init                                0x08003f41   Thumb Code   106  misc.o(i.NVIC_Init)
    NVIC_PriorityGroupConfig                 0x08003fb9   Thumb Code    10  misc.o(i.NVIC_PriorityGroupConfig)
    PID_Calc                                 0x08003fcd   Thumb Code   954  pid.o(i.PID_Calc)
    PID_Reset                                0x08004399   Thumb Code    74  pid.o(i.PID_Reset)
    Parameter_Transformation                 0x080043ed   Thumb Code   150  judgingsystemtask.o(i.Parameter_Transformation)
    PendSV_Handler                           0x0800448d   Thumb Code     2  stm32f4xx_it.o(i.PendSV_Handler)
    Phototube_Configuration                  0x08004491   Thumb Code   126  phototube.o(i.Phototube_Configuration)
    Phototube_Handle                         0x08004519   Thumb Code   230  phototube.o(i.Phototube_Handle)
    RCC_AHB1PeriphClockCmd                   0x08004635   Thumb Code    26  stm32f4xx_rcc.o(i.RCC_AHB1PeriphClockCmd)
    RCC_APB1PeriphClockCmd                   0x08004655   Thumb Code    26  stm32f4xx_rcc.o(i.RCC_APB1PeriphClockCmd)
    RCC_APB1PeriphResetCmd                   0x08004675   Thumb Code    26  stm32f4xx_rcc.o(i.RCC_APB1PeriphResetCmd)
    RCC_APB2PeriphClockCmd                   0x08004695   Thumb Code    26  stm32f4xx_rcc.o(i.RCC_APB2PeriphClockCmd)
    RCC_APB2PeriphResetCmd                   0x080046b5   Thumb Code    26  stm32f4xx_rcc.o(i.RCC_APB2PeriphResetCmd)
    RCC_GetClocksFreq                        0x080046d5   Thumb Code   214  stm32f4xx_rcc.o(i.RCC_GetClocksFreq)
    RampCalc                                 0x080047bd   Thumb Code    50  ramp.o(i.RampCalc)
    RampInit                                 0x080047ef   Thumb Code     2  ramp.o(i.RampInit)
    RampIsOverflow                           0x080047f1   Thumb Code    44  ramp.o(i.RampIsOverflow)
    RampResetCounter                         0x0800481d   Thumb Code     6  ramp.o(i.RampResetCounter)
    RampSetCounter                           0x08004823   Thumb Code     4  ramp.o(i.RampSetCounter)
    RampSetScale                             0x08004827   Thumb Code     4  ramp.o(i.RampSetScale)
    RemoteDataPrcess                         0x0800482d   Thumb Code   688  remotetask.o(i.RemoteDataPrcess)
    RingBuffer_Read                          0x08004b1d   Thumb Code    50  judgingsystemtask.o(i.RingBuffer_Read)
    RingBuffer_Write                         0x08004b55   Thumb Code    58  judgingsystemtask.o(i.RingBuffer_Write)
    SVC_Handler                              0x08004b95   Thumb Code     2  stm32f4xx_it.o(i.SVC_Handler)
    Sendtosightway                           0x08004b99   Thumb Code   482  usart3.o(i.Sendtosightway)
    SetGimbalMotorOutput                     0x08004db5   Thumb Code   116  speedtask.o(i.SetGimbalMotorOutput)
    Set_CM_Speed                             0x08004f29   Thumb Code    92  canbustask.o(i.Set_CM_Speed)
    Set_Gimbal_Current                       0x08004f85   Thumb Code    84  canbustask.o(i.Set_Gimbal_Current)
    Set_Gimbal_Current1                      0x08004fd9   Thumb Code    86  canbustask.o(i.Set_Gimbal_Current1)
    ShooterMControlLoop                      0x08005031   Thumb Code   184  speedtask.o(i.ShooterMControlLoop)
    SysTick_Handler                          0x0800511d   Thumb Code     2  stm32f4xx_it.o(i.SysTick_Handler)
    SystemInit                               0x08005121   Thumb Code    88  system_stm32f4xx.o(i.SystemInit)
    TIM2_Configuration                       0x08005189   Thumb Code    60  timer.o(i.TIM2_Configuration)
    TIM2_IRQHandler                          0x080051c5   Thumb Code    30  timer.o(i.TIM2_IRQHandler)
    TIM3_Configuration                       0x080051e5   Thumb Code    84  timer.o(i.TIM3_Configuration)
    TIM3_IRQHandler                          0x0800523d   Thumb Code    46  timer.o(i.TIM3_IRQHandler)
    TIM3_Start                               0x08005275   Thumb Code    30  timer.o(i.TIM3_Start)
    TIM6_Configuration                       0x08005299   Thumb Code    70  timer.o(i.TIM6_Configuration)
    TIM6_DAC_IRQHandler                      0x080052e5   Thumb Code    44  timer.o(i.TIM6_DAC_IRQHandler)
    TIM6_Start                               0x08005319   Thumb Code    30  timer.o(i.TIM6_Start)
    TIM_ARRPreloadConfig                     0x0800533d   Thumb Code    24  stm32f4xx_tim.o(i.TIM_ARRPreloadConfig)
    TIM_ClearFlag                            0x08005355   Thumb Code     6  stm32f4xx_tim.o(i.TIM_ClearFlag)
    TIM_ClearITPendingBit                    0x0800535b   Thumb Code     6  stm32f4xx_tim.o(i.TIM_ClearITPendingBit)
    TIM_Cmd                                  0x08005361   Thumb Code    24  stm32f4xx_tim.o(i.TIM_Cmd)
    TIM_GetITStatus                          0x08005379   Thumb Code    34  stm32f4xx_tim.o(i.TIM_GetITStatus)
    TIM_ITConfig                             0x0800539b   Thumb Code    18  stm32f4xx_tim.o(i.TIM_ITConfig)
    TIM_TimeBaseInit                         0x080053ad   Thumb Code   104  stm32f4xx_tim.o(i.TIM_TimeBaseInit)
    Transform_Hex_To_Oct                     0x08005431   Thumb Code    86  judgingsystemtask.o(i.Transform_Hex_To_Oct)
    USART1_Configuration                     0x08005489   Thumb Code   302  usart1.o(i.USART1_Configuration)
    USART1_IRQHandler                        0x080055cd   Thumb Code   166  usart1.o(i.USART1_IRQHandler)
    USART2_IRQHandler                        0x08005685   Thumb Code   574  usart2.o(i.USART2_IRQHandler)
    USART3_IRQHandler                        0x080058f9   Thumb Code   164  usart3.o(i.USART3_IRQHandler)
    USART6_Configuration                     0x080059ad   Thumb Code   294  usart6.o(i.USART6_Configuration)
    USART6_IRQHandler                        0x08005ae5   Thumb Code   168  usart6.o(i.USART6_IRQHandler)
    USART_Cmd                                0x08005b9d   Thumb Code    24  stm32f4xx_usart.o(i.USART_Cmd)
    USART_DMACmd                             0x08005bb5   Thumb Code    18  stm32f4xx_usart.o(i.USART_DMACmd)
    USART_DeInit                             0x08005bc9   Thumb Code   206  stm32f4xx_usart.o(i.USART_DeInit)
    USART_GetITStatus                        0x08005cb9   Thumb Code    84  stm32f4xx_usart.o(i.USART_GetITStatus)
    USART_ITConfig                           0x08005d0d   Thumb Code    74  stm32f4xx_usart.o(i.USART_ITConfig)
    USART_Init                               0x08005d59   Thumb Code   204  stm32f4xx_usart.o(i.USART_Init)
    USART_SendData                           0x08005e2d   Thumb Code     8  stm32f4xx_usart.o(i.USART_SendData)
    USART_StructInit                         0x08005e35   Thumb Code    24  stm32f4xx_usart.o(i.USART_StructInit)
    Up_to_Down_Flag                          0x08005e4d   Thumb Code    28  encoder.o(i.Up_to_Down_Flag)
    UsageFault_Handler                       0x08005e6d   Thumb Code     4  stm32f4xx_it.o(i.UsageFault_Handler)
    WorkStateFSM                             0x08005e71   Thumb Code   452  workstate.o(i.WorkStateFSM)
    WorkStateSwitchProcess                   0x0800605d   Thumb Code   596  workstate.o(i.WorkStateSwitchProcess)
    YawFreeRoation                           0x08006309   Thumb Code   824  freedom_status.o(i.YawFreeRoation)
    YawFreeRoation_Doget                     0x080066a1   Thumb Code   184  doget_state.o(i.YawFreeRoation_Doget)
    __ARM_fpclassify                         0x08006791   Thumb Code    48  fpclassify.o(i.__ARM_fpclassify)
    __hardfp_exp                             0x080067c1   Thumb Code   714  exp.o(i.__hardfp_exp)
    __hardfp_fabs                            0x08006b19   Thumb Code    20  fabs.o(i.__hardfp_fabs)
    __hardfp_ldexp                           0x08006b31   Thumb Code   200  ldexp.o(i.__hardfp_ldexp)
    __kernel_poly                            0x08006c01   Thumb Code   248  poly.o(i.__kernel_poly)
    __mathlib_dbl_infnan                     0x08006cf9   Thumb Code    20  dunder.o(i.__mathlib_dbl_infnan)
    __mathlib_dbl_overflow                   0x08006d11   Thumb Code    24  dunder.o(i.__mathlib_dbl_overflow)
    __mathlib_dbl_underflow                  0x08006d31   Thumb Code    24  dunder.o(i.__mathlib_dbl_underflow)
    _sys_exit                                0x08006d51   Thumb Code     4  usart2.o(i._sys_exit)
    delay_ms                                 0x08006d55   Thumb Code    28  common.o(i.delay_ms)
    delay_us                                 0x08006d71   Thumb Code    26  common.o(i.delay_us)
    engineerpower_Init                       0x08006d8d   Thumb Code    56  controltask.o(i.engineerpower_Init)
    filter                                   0x08006dc9   Thumb Code    64  usart3.o(i.filter)
    getRandom_MotionRange                    0x08006e09   Thumb Code   420  doget_state.o(i.getRandom_MotionRange)
    getRobotHurt                             0x08006fc1   Thumb Code    46  judgingsystemtask.o(i.getRobotHurt)
    getRobotPowerHeat                        0x08006ff5   Thumb Code   232  judgingsystemtask.o(i.getRobotPowerHeat)
    getRobotShootData                        0x08007115   Thumb Code   146  judgingsystemtask.o(i.getRobotShootData)
    getRobotState                            0x080071b5   Thumb Code    60  judgingsystemtask.o(i.getRobotState)
    main                                     0x080071f5   Thumb Code    38  main.o(i.main)
    solve_chengfang                          0x0800721d   Thumb Code    72  judgingsystemtask.o(i.solve_chengfang)
    usart2_Init                              0x08007269   Thumb Code   306  usart2.o(i.usart2_Init)
    usart3_Init                              0x080073ad   Thumb Code   306  usart3.o(i.usart3_Init)
    __aeabi_dneg                             0x080074f1   Thumb Code     0  basic.o(x$fpl$basic)
    _dneg                                    0x080074f1   Thumb Code     6  basic.o(x$fpl$basic)
    __aeabi_fneg                             0x080074f7   Thumb Code     0  basic.o(x$fpl$basic)
    _fneg                                    0x080074f7   Thumb Code     6  basic.o(x$fpl$basic)
    _dabs                                    0x080074fd   Thumb Code     6  basic.o(x$fpl$basic)
    _fabs                                    0x08007503   Thumb Code     6  basic.o(x$fpl$basic)
    __aeabi_d2f                              0x08007509   Thumb Code     0  d2f.o(x$fpl$d2f)
    _d2f                                     0x08007509   Thumb Code    98  d2f.o(x$fpl$d2f)
    __aeabi_dadd                             0x0800756d   Thumb Code     0  daddsub_clz.o(x$fpl$dadd)
    _dadd                                    0x0800756d   Thumb Code   332  daddsub_clz.o(x$fpl$dadd)
    __fpl_dcheck_NaN1                        0x080076bd   Thumb Code    10  dcheck1.o(x$fpl$dcheck1)
    __fpl_dcmp_Inf                           0x080076cd   Thumb Code    24  dcmpi.o(x$fpl$dcmpinf)
    __aeabi_ddiv                             0x080076e5   Thumb Code     0  ddiv.o(x$fpl$ddiv)
    _ddiv                                    0x080076e5   Thumb Code   552  ddiv.o(x$fpl$ddiv)
    __aeabi_cdcmpeq                          0x08007995   Thumb Code     0  deqf.o(x$fpl$deqf)
    _dcmpeq                                  0x08007995   Thumb Code   120  deqf.o(x$fpl$deqf)
    __aeabi_d2iz                             0x08007a0d   Thumb Code     0  dfix.o(x$fpl$dfix)
    _dfix                                    0x08007a0d   Thumb Code    94  dfix.o(x$fpl$dfix)
    __aeabi_i2d                              0x08007a6b   Thumb Code     0  dflt_clz.o(x$fpl$dflt)
    _dflt                                    0x08007a6b   Thumb Code    46  dflt_clz.o(x$fpl$dflt)
    __aeabi_ui2d                             0x08007a99   Thumb Code     0  dflt_clz.o(x$fpl$dfltu)
    _dfltu                                   0x08007a99   Thumb Code    38  dflt_clz.o(x$fpl$dfltu)
    __aeabi_cdcmple                          0x08007ac1   Thumb Code     0  dleqf.o(x$fpl$dleqf)
    _dcmple                                  0x08007ac1   Thumb Code   120  dleqf.o(x$fpl$dleqf)
    __fpl_dcmple_InfNaN                      0x08007b23   Thumb Code     0  dleqf.o(x$fpl$dleqf)
    __aeabi_dmul                             0x08007b39   Thumb Code     0  dmul.o(x$fpl$dmul)
    _dmul                                    0x08007b39   Thumb Code   332  dmul.o(x$fpl$dmul)
    __fpl_dnaninf                            0x08007c8d   Thumb Code   156  dnaninf.o(x$fpl$dnaninf)
    __fpl_dretinf                            0x08007d29   Thumb Code    12  dretinf.o(x$fpl$dretinf)
    __aeabi_cdrcmple                         0x08007d35   Thumb Code     0  drleqf.o(x$fpl$drleqf)
    _drcmple                                 0x08007d35   Thumb Code   108  drleqf.o(x$fpl$drleqf)
    __aeabi_drsub                            0x08007da1   Thumb Code     0  daddsub_clz.o(x$fpl$drsb)
    _drsb                                    0x08007da1   Thumb Code    22  daddsub_clz.o(x$fpl$drsb)
    __aeabi_dsub                             0x08007db9   Thumb Code     0  daddsub_clz.o(x$fpl$dsub)
    _dsub                                    0x08007db9   Thumb Code   464  daddsub_clz.o(x$fpl$dsub)
    __aeabi_f2d                              0x08007f8d   Thumb Code     0  f2d.o(x$fpl$f2d)
    _f2d                                     0x08007f8d   Thumb Code    86  f2d.o(x$fpl$f2d)
    __fpl_fnaninf                            0x08007fe3   Thumb Code   140  fnaninf.o(x$fpl$fnaninf)
    _fp_init                                 0x0800806f   Thumb Code    10  fpinit.o(x$fpl$fpinit)
    __fplib_config_fpu_vfp                   0x08008077   Thumb Code     0  fpinit.o(x$fpl$fpinit)
    __fplib_config_pureend_doubles           0x08008077   Thumb Code     0  fpinit.o(x$fpl$fpinit)
    __fpl_fretinf                            0x08008079   Thumb Code    10  fretinf.o(x$fpl$fretinf)
    __fpl_return_NaN                         0x08008083   Thumb Code   100  retnan.o(x$fpl$retnan)
    __ARM_scalbn                             0x080080e7   Thumb Code    92  scalbn.o(x$fpl$scalbn)
    __fpl_cmpreturn                          0x08008143   Thumb Code    48  trapv.o(x$fpl$trapveneer)
    __I$use$fp                               0x08008172   Number         0  usenofp.o(x$fpl$usenofp)
    CRC8_INIT                                0x080081a0   Data           1  crc.o(.constdata)
    CRC8_TAB                                 0x080081a1   Data         256  crc.o(.constdata)
    wCRC_Table                               0x080082a2   Data         512  crc.o(.constdata)
    Region$$Table$$Base                      0x08008500   Number         0  anon$$obj.o(Region$$Table)
    Region$$Table$$Limit                     0x08008520   Number         0  anon$$obj.o(Region$$Table)
    can_count                                0x20000000   Data           4  canbustask.o(.data)
    pitch_ecd_bias                           0x20000004   Data           2  canbustask.o(.data)
    yaw_ecd_bias                             0x20000006   Data           2  canbustask.o(.data)
    brake_ecd_bias                           0x20000008   Data           2  canbustask.o(.data)
    Shooter_17_Heat                          0x2000000a   Data           2  canbustask.o(.data)
    lastRobotHP                              0x2000000c   Data           2  canbustask.o(.data)
    RobotHP                                  0x2000000e   Data           2  canbustask.o(.data)
    Hurt_COUNT                               0x20000010   Data           2  canbustask.o(.data)
    Amor_ID                                  0x20000012   Data           1  canbustask.o(.data)
    time_tick_2ms                            0x20000014   Data           4  controltask.o(.data)
    adc_Value                                0x20000018   Data           2  controltask.o(.data)
    Doget_Change_Flag                        0x2000001c   Data           4  doget_state.o(.data)
    Destination_Flag                         0x20000020   Data           4  doget_state.o(.data)
    last_Random_MotionRange                  0x20000024   Data           2  doget_state.o(.data)
    Random_MotionRange                       0x20000026   Data           2  doget_state.o(.data)
    Doget_twice                              0x20000028   Data           4  doget_state.o(.data)
    Random_change_flag                       0x2000002c   Data           4  doget_state.o(.data)
    Random_change__flag_2                    0x20000030   Data           4  doget_state.o(.data)
    Doget_rego_flag                          0x20000034   Data           4  doget_state.o(.data)
    test_ecd                                 0x20000038   Data           4  doget_state.o(.data)
    doget_chassis_speed                      0x2000003c   Data           4  doget_state.o(.data)
    speed_rand                               0x20000040   Data           4  doget_state.o(.data)
    speed_dash_flag                          0x20000044   Data           4  doget_state.o(.data)
    speed_rand_flag                          0x20000048   Data           4  doget_state.o(.data)
    YawCurrentPositionSave                   0x20000050   Data           4  freedom_status.o(.data)
    PitchCurrentPositionSave                 0x20000054   Data           4  freedom_status.o(.data)
    YawInitPositionSave                      0x20000058   Data           4  freedom_status.o(.data)
    DetectTargetFinish_Flag                  0x2000005c   Data           1  freedom_status.o(.data)
    RotationDir_Flag                         0x2000005d   Data           1  freedom_status.o(.data)
    Chassis_Change_Dir_Flag                  0x2000005e   Data           1  freedom_status.o(.data)
    Chassis_Speed_UP_Flag                    0x2000005f   Data           1  freedom_status.o(.data)
    Chassis_Speed_DOWN_Flag                  0x20000060   Data           1  freedom_status.o(.data)
    GimbalRefTest                            0x20000062   Data           2  freedom_status.o(.data)
    YAW_Round_Cnt                            0x20000064   Data           4  freedom_status.o(.data)
    YAW_Angle_YuShu                          0x20000068   Data           2  freedom_status.o(.data)
    Attacked_YAW_Pos_Ref                     0x2000006c   Data           4  freedom_status.o(.data)
    Attacked_YAW_Rotation_Dir                0x20000070   Data           1  freedom_status.o(.data)
    Chassis_Freedom_i                        0x20000071   Data           1  freedom_status.o(.data)
    Yaw_rotate_flag                          0x20000074   Data           4  freedom_status.o(.data)
    pitch_rotate_flag                        0x20000078   Data           4  freedom_status.o(.data)
    count_i                                  0x2000007c   Data           4  freedom_status.o(.data)
    attack_dally_count                       0x20000080   Data           4  freedom_status.o(.data)
    Speed_change                             0x20000084   Data           4  freedom_status.o(.data)
    time_CNT_i                               0x20000088   Data           4  freedom_status.o(.data)
    TimeCount                                0x2000008c   Data           4  freedom_status.o(.data)
    Recognition_YAW_Rotation_Dir             0x20000090   Data           4  freedom_status.o(.data)
    Recognition_YAW_Pos_Ref                  0x20000094   Data           4  freedom_status.o(.data)
    Freedom_Rotation_flag                    0x20000098   Data           4  freedom_status.o(.data)
    Recognition_Delay_count                  0x2000009c   Data           4  freedom_status.o(.data)
    time_track_left                          0x200000a0   Data           4  freedom_status.o(.data)
    time_track_left_max                      0x200000a4   Data           4  freedom_status.o(.data)
    time_track_right                         0x200000a8   Data           4  freedom_status.o(.data)
    time_track_right_max                     0x200000ac   Data           4  freedom_status.o(.data)
    yaw_ecd_angle_flag                       0x200000b0   Data           8  freedom_status.o(.data)
    yaw_ecd_angle_flag1                      0x200000b8   Data           8  freedom_status.o(.data)
    GunHeart_Value                           0x200000c0   Data           2  gunheartandbleed.o(.data)
    Doget_bleed_time                         0x200000c4   Data           4  gunheartandbleed.o(.data)
    Dodeg_Delay_Count                        0x200000c8   Data           4  gunheartandbleed.o(.data)
    Dodeg_Delay__Count_2                     0x200000cc   Data           4  gunheartandbleed.o(.data)
    test_HP                                  0x200000d0   Data           4  gunheartandbleed.o(.data)
    Count_flag                               0x200000d4   Data           4  gunheartandbleed.o(.data)
    HP_error                                 0x200000d8   Data           4  gunheartandbleed.o(.data)
    HP__error_time_count                     0x200000dc   Data           2  gunheartandbleed.o(.data)
    HP__error_count                          0x200000e0   Data           4  gunheartandbleed.o(.data)
    Doget_HP_Flag                            0x200000e4   Data           4  gunheartandbleed.o(.data)
    Big_armor_recognition_count              0x200000e8   Data           4  gunheartandbleed.o(.data)
    Big_armor_recognition_flag               0x200000ec   Data           4  gunheartandbleed.o(.data)
    Aerocraft_attack_flag                    0x200000f0   Data           4  gunheartandbleed.o(.data)
    Aerocraft_flag                           0x200000f4   Data           4  gunheartandbleed.o(.data)
    Aerocraft_doget_count_delay              0x200000f8   Data           4  gunheartandbleed.o(.data)
    Aerocraft_Phototube_flag                 0x200000fc   Data           4  gunheartandbleed.o(.data)
    time_test                                0x20000100   Data           4  gunheartandbleed.o(.data)
    robotHurt                                0x20000104   Data           2  judgingsystemtask.o(.data)
    robotShootData                           0x20000106   Data           6  judgingsystemtask.o(.data)
    eventState                               0x2000010c   Data           2  judgingsystemtask.o(.data)
    ChassisPower_temp                        0x20000110   Data           4  judgingsystemtask.o(.data)
    ChassisPower_buffer                      0x20000114   Data           4  judgingsystemtask.o(.data)
    chassisPowerBuffer                       0x20000118   Data           4  judgingsystemtask.o(.data)
    Yaw_encoder                              0x2000011c   Data           4  judgingsystemtask.o(.data)
    Yaw_encoder_s                            0x20000120   Data           4  judgingsystemtask.o(.data)
    test_power                               0x20000124   Data           4  judgingsystemtask.o(.data)
    lastPI7_Level                            0x20000128   Data           1  phototube.o(.data)
    PI7_Level                                0x20000129   Data           1  phototube.o(.data)
    lastPC6_Level                            0x2000012a   Data           1  phototube.o(.data)
    PC6_Level                                0x2000012b   Data           1  phototube.o(.data)
    lastPI6_Level                            0x2000012c   Data           1  phototube.o(.data)
    PI6_Level                                0x2000012d   Data           1  phototube.o(.data)
    Dir_Change_Flag                          0x2000012e   Data           2  phototube.o(.data)
    Phototube_Flag                           0x20000130   Data           4  phototube.o(.data)
    Phototube_Left_Flag                      0x20000134   Data           1  phototube.o(.data)
    Phototube_Middle_Flag                    0x20000135   Data           1  phototube.o(.data)
    Phototube_Right_Flag                     0x20000136   Data           1  phototube.o(.data)
    Phototube_Time_Count_R                   0x20000138   Data           4  phototube.o(.data)
    Phototube_Time_Count_L                   0x2000013c   Data           4  phototube.o(.data)
    Phototube_brake                          0x20000140   Data           4  phototube.o(.data)
    Phototube_brake1                         0x20000144   Data           4  phototube.o(.data)
    pitch_err                                0x20000148   Data           8  remotetask.o(.data)
    pitch_err_flag                           0x20000150   Data           4  remotetask.o(.data)
    friction_wheel_state                     0x20000154   Data           1  shootingtask.o(.data)
    friction_wheel_state_flag                0x20000155   Data           1  shootingtask.o(.data)
    FrictionWheel_COUNT                      0x20000158   Data           4  shootingtask.o(.data)
    Friction_Output_Speed                    0x2000015c   Data           2  shootingtask.o(.data)
    frictionRamp                             0x20000160   Data          36  shootingtask.o(.data)
    shootState                               0x20000184   Data           1  shootingtask.o(.data)
    TempShootingFlag                         0x20000185   Data           1  shootingtask.o(.data)
    Friction_Speed                           0x20000186   Data           4  shootingtask.o(.data)
    Bullet_Speed_Ref                         0x2000018a   Data           4  shootingtask.o(.data)
    Bullet_Freq_Ref                          0x2000018e   Data           4  shootingtask.o(.data)
    Bullet_17_real_Speed                     0x20000192   Data           2  shootingtask.o(.data)
    Bullet_Ouput_Freq                        0x20000194   Data           1  shootingtask.o(.data)
    Gravity_Add_Angle                        0x20000195   Data           2  shootingtask.o(.data)
    CMPositionPID                            0x20000198   Data         152  speedtask.o(.data)
    CM1SpeedPID                              0x20000230   Data         152  speedtask.o(.data)
    CM2SpeedPID                              0x200002c8   Data         152  speedtask.o(.data)
    CM3SpeedPID                              0x20000360   Data         152  speedtask.o(.data)
    CM4SpeedPID                              0x200003f8   Data         152  speedtask.o(.data)
    Speed_Offset                             0x20000490   Data         152  speedtask.o(.data)
    GMPPositionPID                           0x20000528   Data         152  speedtask.o(.data)
    GMPPositionPID1                          0x200005c0   Data         152  speedtask.o(.data)
    GMPSpeedPID                              0x20000658   Data         152  speedtask.o(.data)
    GMYPositionPID                           0x200006f0   Data         152  speedtask.o(.data)
    GMYSpeedPID                              0x20000788   Data         152  speedtask.o(.data)
    CM7PositionPID                           0x20000820   Data         152  speedtask.o(.data)
    CM7SpeedPID                              0x200008b8   Data         152  speedtask.o(.data)
    GMPitchRamp                              0x20000950   Data          36  speedtask.o(.data)
    GMYawRamp                                0x20000974   Data          36  speedtask.o(.data)
    CMRamp                                   0x20000998   Data          36  speedtask.o(.data)
    GimbalRef                                0x200009bc   Data           8  speedtask.o(.data)
    CM2Ref                                   0x200009c4   Data           4  speedtask.o(.data)
    Brake_flag                               0x200009c8   Data           4  speedtask.o(.data)
    CMSpeedRate                              0x200009cc   Data           4  speedtask.o(.data)
    Yaw_FeedForward                          0x200009d0   Data           4  speedtask.o(.data)
    Chassis_Position_Ref                     0x200009d4   Data           4  speedtask.o(.data)
    last_Chassis_Temp_Speed                  0x200009d8   Data           4  speedtask.o(.data)
    Chassis_Temp_Speed                       0x200009dc   Data           4  speedtask.o(.data)
    last_Chassis_Temp_Speed_Save             0x200009e0   Data           4  speedtask.o(.data)
    Chassis_Temp_Speed_Save                  0x200009e4   Data           4  speedtask.o(.data)
    Chassis_Speed_Ref                        0x200009e8   Data           4  speedtask.o(.data)
    pitch_POS_Flag                           0x200009ec   Data           1  speedtask.o(.data)
    test1                                    0x200009f0   Data           4  speedtask.o(.data)
    GMY_Previous_Output                      0x200009f4   Data           4  speedtask.o(.data)
    GMY_Previous_Position_ref                0x200009f8   Data           4  speedtask.o(.data)
    GMY_Previous_Position_fdb                0x200009fc   Data           4  speedtask.o(.data)
    CR_yaw_Symbol                            0x20000a00   Data           4  speedtask.o(.data)
    CR_yaw_increment                         0x20000a04   Data           4  speedtask.o(.data)
    CR_Pitch_Symbol                          0x20000a08   Data           4  speedtask.o(.data)
    CR_Pitch_increment                       0x20000a0c   Data           4  speedtask.o(.data)
    Dodeg_STATE_Change                       0x20000a10   Data           4  speedtask.o(.data)
    Last_Dodeg_STATE_Change                  0x20000a14   Data           4  speedtask.o(.data)
    sbyaw                                    0x20000a18   Data           4  speedtask.o(.data)
    count_temp                               0x20000a1c   Data           2  speedtask.o(.data)
    lastWorkState                            0x20000a20   Data           1  workstate.o(.data)
    workState                                0x20000a21   Data           1  workstate.o(.data)
    CameraDetectTarget_Flag                  0x20000a22   Data           1  workstate.o(.data)
    DodgeTarget_Flag                         0x20000a23   Data           1  workstate.o(.data)
    RemoteTest_Flag                          0x20000a24   Data           1  workstate.o(.data)
    Waiting_Flag                             0x20000a25   Data           1  workstate.o(.data)
    Chassis_Power_On_Flag                    0x20000a26   Data           1  workstate.o(.data)
    Attacked_Flag                            0x20000a27   Data           1  workstate.o(.data)
    Freedom_Flag                             0x20000a28   Data           1  workstate.o(.data)
    Waiting_COUNT                            0x20000a2a   Data           2  workstate.o(.data)
    danliang_16                              0x20000a2c   Data           2  workstate.o(.data)
    danliang                                 0x20000a30   Data           4  workstate.o(.data)
    Dodge_time_count                         0x20000a34   Data           4  workstate.o(.data)
    time_testtt                              0x20000a48   Data           4  timer.o(.data)
    time_test2                               0x20000a4c   Data           4  timer.o(.data)
    test                                     0x20000a50   Data           4  usart1.o(.data)
    a                                        0x20000a54   Data           4  usart1.o(.data)
    __stdout                                 0x20000a5c   Data           4  usart2.o(.data)
    CRC8_Ref_Value                           0x20000a60   Data           1  usart2.o(.data)
    CRC8_Solve_Value                         0x20000a61   Data           1  usart2.o(.data)
    CRC16_Ref_Value                          0x20000a62   Data           2  usart2.o(.data)
    CRC16_Solve_Value                        0x20000a64   Data           2  usart2.o(.data)
    data_Length                              0x20000a66   Data           2  usart2.o(.data)
    Tail_Over_Zero_Value                     0x20000a68   Data           2  usart2.o(.data)
    Head_Over_Zero_Value                     0x20000a6a   Data           2  usart2.o(.data)
    usart2_this_time_rx_len                  0x20000a6c   Data           4  usart2.o(.data)
    USART3_RX_STA                            0x20000a70   Data           2  usart3.o(.data)
    usart3_this_time_rx_len                  0x20000a74   Data           4  usart3.o(.data)
    ChariotRecognitionTemp                   0x20000a78   Data           6  usart3.o(.data)
    ChariotRecognitionDirection              0x20000a7e   Data           4  usart3.o(.data)
    Chariot_Rec_Dir_rotate                   0x20000a82   Data           4  usart3.o(.data)
    last_ChariotRecognition_pitch            0x20000a88   Data           4  usart3.o(.data)
    ChariotRecognition_pitch                 0x20000a8c   Data           4  usart3.o(.data)
    last_ChariotRecognition_yaw              0x20000a90   Data           4  usart3.o(.data)
    ChariotRecognition_yaw                   0x20000a94   Data           4  usart3.o(.data)
    last_Target_Distance                     0x20000a98   Data           2  usart3.o(.data)
    Target_Distance                          0x20000a9a   Data           2  usart3.o(.data)
    Dis_Buf_Index                            0x20000a9c   Data           1  usart3.o(.data)
    Pitch_Add_Angle                          0x20000a9d   Data           1  usart3.o(.data)
    Armor_R_Flag_Before                      0x20000aa0   Data           4  usart3.o(.data)
    Armor_R_Flag_Behind                      0x20000aa4   Data           4  usart3.o(.data)
    GM_Rotete_flag_Before                    0x20000aa8   Data           4  usart3.o(.data)
    GM_Rotete_flag_Behind                    0x20000aac   Data           4  usart3.o(.data)
    Time_count                               0x20000ab0   Data           4  usart3.o(.data)
    CR_yaw_Angle_Index                       0x20000ab4   Data           1  usart3.o(.data)
    CR_yaw_Angle_CNT                         0x20000ab5   Data           1  usart3.o(.data)
    loop_j                                   0x20000ab6   Data           1  usart3.o(.data)
    friction_wheel_count                     0x20000abc   Data           4  usart3.o(.data)
    kalman_yaw                               0x20000ac0   Data           4  usart3.o(.data)
    kalman_pitch                             0x20000ac4   Data           4  usart3.o(.data)
    kalman_yaw_feedforward                   0x20000ac8   Data           4  usart3.o(.data)
    update_flag                              0x20000acc   Data           1  usart3.o(.data)
    enter_CNT                                0x20000acd   Data           1  usart3.o(.data)
    Last_CameraDetectTarget_Flag             0x20000ad0   Data           4  usart3.o(.data)
    E_TEST                                   0x20000ad4   Data           4  usart3.o(.data)
    E_TEST1                                  0x20000ad8   Data           4  usart3.o(.data)
    E_TEST2                                  0x20000adc   Data           4  usart3.o(.data)
    E_TEST3                                  0x20000ae0   Data           4  usart3.o(.data)
    camere_count                             0x20000ae4   Data           4  usart3.o(.data)
    colorflag                                0x20000ae8   Data           4  usart3.o(.data)
    Yawangle                                 0x20000af0   Data           8  usart3.o(.data)
    Yawsent                                  0x20000af8   Data           4  usart3.o(.data)
    t                                        0x20000b00   Data           8  usart3.o(.data)
    z                                        0x20000b08   Data           8  usart3.o(.data)
    state_distacne                           0x20000b10   Data           1  usart3.o(.data)
    Angles                                   0x20000b14   Data           4  usart6.o(.data)
    Gyro                                     0x20000b18   Data           6  usart6.o(.data)
    CM1Encoder                               0x20000b40   Data          88  canbustask.o(.bss)
    CM2Encoder                               0x20000b98   Data          88  canbustask.o(.bss)
    CM3Encoder                               0x20000bf0   Data          88  canbustask.o(.bss)
    CM4Encoder                               0x20000c48   Data          88  canbustask.o(.bss)
    GMYawEncoder                             0x20000ca0   Data          88  canbustask.o(.bss)
    GMPitchEncoder                           0x20000cf8   Data          88  canbustask.o(.bss)
    CM6Encoder                               0x20000d50   Data          88  canbustask.o(.bss)
    CM7Encoder                               0x20000da8   Data          88  canbustask.o(.bss)
    utm123                                   0x20000e00   Data          24  encoder.o(.bss)
    HP_error__time                           0x20000e18   Data         120  gunheartandbleed.o(.bss)
    robotState                               0x20000e90   Data          10  judgingsystemtask.o(.bss)
    gameState                                0x20000e9a   Data          11  judgingsystemtask.o(.bss)
    robotPowerHeat                           0x20000ea5   Data          20  judgingsystemtask.o(.bss)
    buffer                                   0x20000eb9   Data         108  judgingsystemtask.o(.bss)
    RC_CtrlData                              0x20000f26   Data          22  remotetask.o(.bss)
    system_micrsecond                        0x20000f3c   Data          13  timer.o(.bss)
    shot_frequency_limt                      0x20000f49   Data          13  timer.o(.bss)
    Remote_microsecond                       0x20000f56   Data          13  timer.o(.bss)
    usart3_microsecond                       0x20000f63   Data          13  timer.o(.bss)
    mpu6050_micrsecond                       0x20000f70   Data          13  timer.o(.bss)
    USART2_DMA1_RX_BUF                       0x20000fb9   Data         200  usart2.o(.bss)
    Save_Element_Array                       0x20001081   Data          30  usart2.o(.bss)
    USART3_TX_BUF                            0x200010a0   Data         400  usart3.o(.bss)
    USART3_RX_BUF                            0x20001230   Data         400  usart3.o(.bss)
    ChariotRecognition_data                  0x200013c0   Data          24  usart3.o(.bss)
    Distance_buf                             0x200013d8   Data          20  usart3.o(.bss)
    CR_ringBuffer                            0x200013ec   Data          64  usart3.o(.bss)
    CR_yaw_Angle                             0x2000142c   Data          80  usart3.o(.bss)
    Sendtosight                              0x2000147c   Data          16  usart3.o(.bss)
    Eular                                    0x20001504   Data          12  usart6.o(.bss)
    _random_number_data                      0x20001510   Data         228  rand.o(.bss)
    __libspace_start                         0x200015f4   Data          96  libspace.o(.bss)
    __temporary_stack_top$libspace           0x20001654   Data           0  libspace.o(.bss)



==============================================================================

Memory Map of the image

  Image Entry point : 0x08000189

  Load Region LR_IROM1 (Base: 0x08000000, Size: 0x0000905c, Max: 0x00100000, ABSOLUTE, COMPRESSED[0x0000862c])

    Execution Region ER_IROM1 (Base: 0x08000000, Size: 0x00008520, Max: 0x00100000, ABSOLUTE)

    Base Addr    Size         Type   Attr      Idx    E Section Name        Object

    0x08000000   0x00000188   Data   RO         5724    RESET               startup_stm32f40_41xxx.o
    0x08000188   0x00000008   Code   RO         6349  * !!!main             c_w.l(__main.o)
    0x08000190   0x00000034   Code   RO         6622    !!!scatter          c_w.l(__scatter.o)
    0x080001c4   0x0000005a   Code   RO         6620    !!dczerorl2         c_w.l(__dczerorl2.o)
    0x0800021e   0x00000002   PAD
    0x08000220   0x0000001c   Code   RO         6624    !!handler_zi        c_w.l(__scatter_zi.o)
    0x0800023c   0x00000002   Code   RO         6547    .ARM.Collect$$libinit$$00000000  c_w.l(libinit.o)
    0x0800023e   0x00000004   Code   RO         6426    .ARM.Collect$$libinit$$00000001  c_w.l(libinit2.o)
    0x08000242   0x00000000   Code   RO         6429    .ARM.Collect$$libinit$$00000004  c_w.l(libinit2.o)
    0x08000242   0x00000000   Code   RO         6432    .ARM.Collect$$libinit$$0000000A  c_w.l(libinit2.o)
    0x08000242   0x00000000   Code   RO         6434    .ARM.Collect$$libinit$$0000000C  c_w.l(libinit2.o)
    0x08000242   0x00000004   Code   RO         6435    .ARM.Collect$$libinit$$0000000D  c_w.l(libinit2.o)
    0x08000246   0x00000000   Code   RO         6436    .ARM.Collect$$libinit$$0000000E  c_w.l(libinit2.o)
    0x08000246   0x00000000   Code   RO         6439    .ARM.Collect$$libinit$$00000011  c_w.l(libinit2.o)
    0x08000246   0x00000000   Code   RO         6441    .ARM.Collect$$libinit$$00000013  c_w.l(libinit2.o)
    0x08000246   0x00000000   Code   RO         6443    .ARM.Collect$$libinit$$00000015  c_w.l(libinit2.o)
    0x08000246   0x00000000   Code   RO         6445    .ARM.Collect$$libinit$$00000017  c_w.l(libinit2.o)
    0x08000246   0x00000000   Code   RO         6447    .ARM.Collect$$libinit$$00000019  c_w.l(libinit2.o)
    0x08000246   0x00000000   Code   RO         6449    .ARM.Collect$$libinit$$0000001B  c_w.l(libinit2.o)
    0x08000246   0x00000000   Code   RO         6451    .ARM.Collect$$libinit$$0000001D  c_w.l(libinit2.o)
    0x08000246   0x00000000   Code   RO         6453    .ARM.Collect$$libinit$$0000001F  c_w.l(libinit2.o)
    0x08000246   0x00000000   Code   RO         6455    .ARM.Collect$$libinit$$00000021  c_w.l(libinit2.o)
    0x08000246   0x00000000   Code   RO         6457    .ARM.Collect$$libinit$$00000023  c_w.l(libinit2.o)
    0x08000246   0x00000000   Code   RO         6459    .ARM.Collect$$libinit$$00000025  c_w.l(libinit2.o)
    0x08000246   0x00000000   Code   RO         6463    .ARM.Collect$$libinit$$0000002C  c_w.l(libinit2.o)
    0x08000246   0x00000000   Code   RO         6465    .ARM.Collect$$libinit$$0000002E  c_w.l(libinit2.o)
    0x08000246   0x00000000   Code   RO         6467    .ARM.Collect$$libinit$$00000030  c_w.l(libinit2.o)
    0x08000246   0x00000000   Code   RO         6469    .ARM.Collect$$libinit$$00000032  c_w.l(libinit2.o)
    0x08000246   0x00000002   Code   RO         6470    .ARM.Collect$$libinit$$00000033  c_w.l(libinit2.o)
    0x08000248   0x00000002   Code   RO         6582    .ARM.Collect$$libshutdown$$00000000  c_w.l(libshutdown.o)
    0x0800024a   0x00000000   Code   RO         6589    .ARM.Collect$$libshutdown$$00000003  c_w.l(libshutdown2.o)
    0x0800024a   0x00000000   Code   RO         6592    .ARM.Collect$$libshutdown$$00000006  c_w.l(libshutdown2.o)
    0x0800024a   0x00000000   Code   RO         6595    .ARM.Collect$$libshutdown$$00000009  c_w.l(libshutdown2.o)
    0x0800024a   0x00000000   Code   RO         6597    .ARM.Collect$$libshutdown$$0000000B  c_w.l(libshutdown2.o)
    0x0800024a   0x00000000   Code   RO         6600    .ARM.Collect$$libshutdown$$0000000E  c_w.l(libshutdown2.o)
    0x0800024a   0x00000002   Code   RO         6601    .ARM.Collect$$libshutdown$$0000000F  c_w.l(libshutdown2.o)
    0x0800024c   0x00000000   Code   RO         6423    .ARM.Collect$$rtentry$$00000000  c_w.l(__rtentry.o)
    0x0800024c   0x00000000   Code   RO         6506    .ARM.Collect$$rtentry$$00000002  c_w.l(__rtentry2.o)
    0x0800024c   0x00000006   Code   RO         6518    .ARM.Collect$$rtentry$$00000004  c_w.l(__rtentry4.o)
    0x08000252   0x00000000   Code   RO         6508    .ARM.Collect$$rtentry$$00000009  c_w.l(__rtentry2.o)
    0x08000252   0x00000004   Code   RO         6509    .ARM.Collect$$rtentry$$0000000A  c_w.l(__rtentry2.o)
    0x08000256   0x00000000   Code   RO         6511    .ARM.Collect$$rtentry$$0000000C  c_w.l(__rtentry2.o)
    0x08000256   0x00000008   Code   RO         6512    .ARM.Collect$$rtentry$$0000000D  c_w.l(__rtentry2.o)
    0x0800025e   0x00000002   Code   RO         6552    .ARM.Collect$$rtexit$$00000000  c_w.l(rtexit.o)
    0x08000260   0x00000000   Code   RO         6564    .ARM.Collect$$rtexit$$00000002  c_w.l(rtexit2.o)
    0x08000260   0x00000004   Code   RO         6565    .ARM.Collect$$rtexit$$00000003  c_w.l(rtexit2.o)
    0x08000264   0x00000006   Code   RO         6566    .ARM.Collect$$rtexit$$00000004  c_w.l(rtexit2.o)
    0x0800026a   0x00000002   PAD
    0x0800026c   0x00000034   Code   RO         6340    .emb_text           c_w.l(rand.o)
    0x080002a0   0x00000040   Code   RO         5725    .text               startup_stm32f40_41xxx.o
    0x080002e0   0x00000002   Code   RO         6338    .text               c_w.l(use_no_semi_2.o)
    0x080002e2   0x00000002   PAD
    0x080002e4   0x0000003c   Code   RO         6341    .text               c_w.l(rand.o)
    0x08000320   0x00000064   Code   RO         6345    .text               c_w.l(rt_memcpy_w.o)
    0x08000384   0x00000006   Code   RO         6347    .text               c_w.l(heapauxi.o)
    0x0800038a   0x00000002   Code   RO         6421    .text               c_w.l(use_no_semi.o)
    0x0800038c   0x00000016   Code   RO         6424    .text               c_w.l(_rserrno.o)
    0x080003a2   0x00000002   PAD
    0x080003a4   0x00000008   Code   RO         6523    .text               c_w.l(rt_errno_addr_intlibspace.o)
    0x080003ac   0x00000008   Code   RO         6531    .text               c_w.l(libspace.o)
    0x080003b4   0x0000004a   Code   RO         6534    .text               c_w.l(sys_stackheap_outer.o)
    0x080003fe   0x0000000c   Code   RO         6536    .text               c_w.l(exit.o)
    0x0800040a   0x00000002   PAD
    0x0800040c   0x000001f8   Code   RO          460    i.Attacked_Monitor  gunheartandbleed.o
    0x08000604   0x0000003c   Code   RO         5757    i.BSP_Init          bsp.o
    0x08000640   0x00000244   Code   RO          461    i.Bleed_Monitor     gunheartandbleed.o
    0x08000884   0x00000080   Code   RO          669    i.BoLunMotorControl  shootingtask.o
    0x08000904   0x00000098   Code   RO          462    i.BulletSpeed_Monitor  gunheartandbleed.o
    0x0800099c   0x00000004   Code   RO          886    i.BusFault_Handler  stm32f4xx_it.o
    0x080009a0   0x00000110   Code   RO         5777    i.CAN1_Configuration  can1.o
    0x08000ab0   0x0000003c   Code   RO         5778    i.CAN1_RX0_IRQHandler  can1.o
    0x08000aec   0x0000001c   Code   RO         5779    i.CAN1_TX_IRQHandler  can1.o
    0x08000b08   0x00000114   Code   RO         5809    i.CAN2_Configuration  can2.o
    0x08000c1c   0x0000003c   Code   RO         5810    i.CAN2_RX0_IRQHandler  can2.o
    0x08000c58   0x0000001c   Code   RO         5811    i.CAN2_TX_IRQHandler  can2.o
    0x08000c74   0x00000038   Code   RO         1281    i.CAN_ClearFlag     stm32f4xx_can.o
    0x08000cac   0x000000a8   Code   RO         1282    i.CAN_ClearITPendingBit  stm32f4xx_can.o
    0x08000d54   0x00000038   Code   RO         1284    i.CAN_DeInit        stm32f4xx_can.o
    0x08000d8c   0x00000108   Code   RO         1286    i.CAN_FilterInit    stm32f4xx_can.o
    0x08000e94   0x00000120   Code   RO         1288    i.CAN_GetITStatus   stm32f4xx_can.o
    0x08000fb4   0x00000012   Code   RO         1292    i.CAN_ITConfig      stm32f4xx_can.o
    0x08000fc6   0x00000114   Code   RO         1293    i.CAN_Init          stm32f4xx_can.o
    0x080010da   0x000000f0   Code   RO         1296    i.CAN_Receive       stm32f4xx_can.o
    0x080011ca   0x00000020   Code   RO         1299    i.CAN_StructInit    stm32f4xx_can.o
    0x080011ea   0x00000126   Code   RO         1301    i.CAN_Transmit      stm32f4xx_can.o
    0x08001310   0x0000042c   Code   RO          707    i.CMControlLoop     speedtask.o
    0x0800173c   0x000001e0   Code   RO            3    i.CanReceiveMsgProcess  canbustask.o
    0x0800191c   0x000000c4   Code   RO            4    i.CanReceiveMsgProcess1  canbustask.o
    0x080019e0   0x000003b8   Code   RO         6025    i.ChariotRecognition_Mes_Process  usart3.o
    0x08001d98   0x0000028c   Code   RO          424    i.Chassis_Motion_Switch  freedom_status.o
    0x08002024   0x000009f8   Code   RO          330    i.Chassis_Motion_Switch_Doget  doget_state.o
    0x08002a1c   0x00000012   Code   RO         1304    i.CheckITStatus     stm32f4xx_can.o
    0x08002a2e   0x00000002   PAD
    0x08002a30   0x00000084   Code   RO          287    i.Control_Task      controltask.o
    0x08002ab4   0x000000e0   Code   RO          288    i.ControtLoopTaskInit  controltask.o
    0x08002b94   0x00000016   Code   RO         1983    i.DMA_Cmd           stm32f4xx_dma.o
    0x08002baa   0x00000002   PAD
    0x08002bac   0x00000158   Code   RO         1984    i.DMA_DeInit        stm32f4xx_dma.o
    0x08002d04   0x00000016   Code   RO         1985    i.DMA_DoubleBufferModeCmd  stm32f4xx_dma.o
    0x08002d1a   0x00000018   Code   RO         1986    i.DMA_DoubleBufferModeConfig  stm32f4xx_dma.o
    0x08002d32   0x00000008   Code   RO         1989    i.DMA_GetCurrDataCounter  stm32f4xx_dma.o
    0x08002d3a   0x00000014   Code   RO         1990    i.DMA_GetCurrentMemoryTarget  stm32f4xx_dma.o
    0x08002d4e   0x00000002   PAD
    0x08002d50   0x00000058   Code   RO         1995    i.DMA_Init          stm32f4xx_dma.o
    0x08002da8   0x00000022   Code   RO         1999    i.DMA_StructInit    stm32f4xx_dma.o
    0x08002dca   0x00000002   Code   RO          887    i.DebugMon_Handler  stm32f4xx_it.o
    0x08002dcc   0x0000008a   Code   RO          511    i.FloatValueSolveFunction  judgingsystemtask.o
    0x08002e56   0x00000002   PAD
    0x08002e58   0x00000058   Code   RO          670    i.FrictionWheelControl  shootingtask.o
    0x08002eb0   0x000003f4   Code   RO          708    i.GMPitchControlLoop  speedtask.o
    0x080032a4   0x00000440   Code   RO          709    i.GMYawControlLoop  speedtask.o
    0x080036e4   0x00000090   Code   RO         2717    i.GPIO_Init         stm32f4xx_gpio.o
    0x08003774   0x00000046   Code   RO         2718    i.GPIO_PinAFConfig  stm32f4xx_gpio.o
    0x080037ba   0x00000004   Code   RO         2725    i.GPIO_SetBits      stm32f4xx_gpio.o
    0x080037be   0x00000012   Code   RO         2726    i.GPIO_StructInit   stm32f4xx_gpio.o
    0x080037d0   0x00000014   Code   RO          368    i.GetEncoderBias    encoder.o
    0x080037e4   0x0000000c   Code   RO          768    i.GetWorkState      workstate.o
    0x080037f0   0x00000034   Code   RO         6162    i.Get_CRC16_Check_Sum  crc.o
    0x08003824   0x00000024   Code   RO         6163    i.Get_CRC8_Check_Sum  crc.o
    0x08003848   0x00000008   Code   RO         5870    i.Get_Time_Micros   timer.o
    0x08003850   0x0000000c   Code   RO          769    i.GetlastWorkState  workstate.o
    0x0800385c   0x000000ec   Code   RO          710    i.GraduallyChangeCMSpeed  speedtask.o
    0x08003948   0x00000014   Code   RO          463    i.GunHeart_CalcProcess  gunheartandbleed.o
    0x0800395c   0x00000004   Code   RO          888    i.HardFault_Handler  stm32f4xx_it.o
    0x08003960   0x00000014   Code   RO          671    i.HeatControl_Task  shootingtask.o
    0x08003974   0x00000220   Code   RO         6089    i.IMUDataProcess    usart6.o
    0x08003b94   0x00000004   Code   RO          889    i.MemManage_Handler  stm32f4xx_it.o
    0x08003b98   0x0000010c   Code   RO          369    i.Motor_2310_EncoderProcess  encoder.o
    0x08003ca4   0x0000014c   Code   RO          370    i.Motor_3508_EncoderProcess  encoder.o
    0x08003df0   0x0000014c   Code   RO          371    i.Motor_6020_EncoderProcess  encoder.o
    0x08003f3c   0x00000002   Code   RO          890    i.NMI_Handler       stm32f4xx_it.o
    0x08003f3e   0x00000002   PAD
    0x08003f40   0x00000078   Code   RO          994    i.NVIC_Init         misc.o
    0x08003fb8   0x00000014   Code   RO          995    i.NVIC_PriorityGroupConfig  misc.o
    0x08003fcc   0x000003cc   Code   RO         6248    i.PID_Calc          pid.o
    0x08004398   0x00000054   Code   RO         6249    i.PID_Reset         pid.o
    0x080043ec   0x000000a0   Code   RO          512    i.Parameter_Transformation  judgingsystemtask.o
    0x0800448c   0x00000002   Code   RO          891    i.PendSV_Handler    stm32f4xx_it.o
    0x0800448e   0x00000002   PAD
    0x08004490   0x00000088   Code   RO          605    i.Phototube_Configuration  phototube.o
    0x08004518   0x0000011c   Code   RO          606    i.Phototube_Handle  phototube.o
    0x08004634   0x00000020   Code   RO         3581    i.RCC_AHB1PeriphClockCmd  stm32f4xx_rcc.o
    0x08004654   0x00000020   Code   RO         3590    i.RCC_APB1PeriphClockCmd  stm32f4xx_rcc.o
    0x08004674   0x00000020   Code   RO         3592    i.RCC_APB1PeriphResetCmd  stm32f4xx_rcc.o
    0x08004694   0x00000020   Code   RO         3593    i.RCC_APB2PeriphClockCmd  stm32f4xx_rcc.o
    0x080046b4   0x00000020   Code   RO         3595    i.RCC_APB2PeriphResetCmd  stm32f4xx_rcc.o
    0x080046d4   0x000000e8   Code   RO         3602    i.RCC_GetClocksFreq  stm32f4xx_rcc.o
    0x080047bc   0x00000032   Code   RO         6288    i.RampCalc          ramp.o
    0x080047ee   0x00000002   Code   RO         6289    i.RampInit          ramp.o
    0x080047f0   0x0000002c   Code   RO         6290    i.RampIsOverflow    ramp.o
    0x0800481c   0x00000006   Code   RO         6291    i.RampResetCounter  ramp.o
    0x08004822   0x00000004   Code   RO         6292    i.RampSetCounter    ramp.o
    0x08004826   0x00000004   Code   RO         6293    i.RampSetScale      ramp.o
    0x0800482a   0x00000002   PAD
    0x0800482c   0x000002f0   Code   RO          642    i.RemoteDataPrcess  remotetask.o
    0x08004b1c   0x00000038   Code   RO          513    i.RingBuffer_Read   judgingsystemtask.o
    0x08004b54   0x00000040   Code   RO          514    i.RingBuffer_Write  judgingsystemtask.o
    0x08004b94   0x00000002   Code   RO          892    i.SVC_Handler       stm32f4xx_it.o
    0x08004b96   0x00000002   PAD
    0x08004b98   0x0000021c   Code   RO         6027    i.Sendtosightway    usart3.o
    0x08004db4   0x00000088   Code   RO          711    i.SetGimbalMotorOutput  speedtask.o
    0x08004e3c   0x000000ec   Code   RO          957    i.SetSysClock       system_stm32f4xx.o
    0x08004f28   0x0000005c   Code   RO            6    i.Set_CM_Speed      canbustask.o
    0x08004f84   0x00000054   Code   RO            8    i.Set_Gimbal_Current  canbustask.o
    0x08004fd8   0x00000056   Code   RO            9    i.Set_Gimbal_Current1  canbustask.o
    0x0800502e   0x00000002   PAD
    0x08005030   0x000000ec   Code   RO          712    i.ShooterMControlLoop  speedtask.o
    0x0800511c   0x00000002   Code   RO          893    i.SysTick_Handler   stm32f4xx_it.o
    0x0800511e   0x00000002   PAD
    0x08005120   0x00000068   Code   RO          959    i.SystemInit        system_stm32f4xx.o
    0x08005188   0x0000003c   Code   RO         5871    i.TIM2_Configuration  timer.o
    0x080051c4   0x0000001e   Code   RO         5872    i.TIM2_IRQHandler   timer.o
    0x080051e2   0x00000002   PAD
    0x080051e4   0x00000058   Code   RO         5873    i.TIM3_Configuration  timer.o
    0x0800523c   0x00000038   Code   RO         5874    i.TIM3_IRQHandler   timer.o
    0x08005274   0x00000024   Code   RO         5875    i.TIM3_Start        timer.o
    0x08005298   0x0000004c   Code   RO         5876    i.TIM6_Configuration  timer.o
    0x080052e4   0x00000034   Code   RO         5877    i.TIM6_DAC_IRQHandler  timer.o
    0x08005318   0x00000024   Code   RO         5878    i.TIM6_Start        timer.o
    0x0800533c   0x00000018   Code   RO         4916    i.TIM_ARRPreloadConfig  stm32f4xx_tim.o
    0x08005354   0x00000006   Code   RO         4922    i.TIM_ClearFlag     stm32f4xx_tim.o
    0x0800535a   0x00000006   Code   RO         4923    i.TIM_ClearITPendingBit  stm32f4xx_tim.o
    0x08005360   0x00000018   Code   RO         4928    i.TIM_Cmd           stm32f4xx_tim.o
    0x08005378   0x00000022   Code   RO         4949    i.TIM_GetITStatus   stm32f4xx_tim.o
    0x0800539a   0x00000012   Code   RO         4953    i.TIM_ITConfig      stm32f4xx_tim.o
    0x080053ac   0x00000084   Code   RO         5000    i.TIM_TimeBaseInit  stm32f4xx_tim.o
    0x08005430   0x00000056   Code   RO          515    i.Transform_Hex_To_Oct  judgingsystemtask.o
    0x08005486   0x00000002   PAD
    0x08005488   0x00000144   Code   RO         5945    i.USART1_Configuration  usart1.o
    0x080055cc   0x000000b8   Code   RO         5946    i.USART1_IRQHandler  usart1.o
    0x08005684   0x00000274   Code   RO         5975    i.USART2_IRQHandler  usart2.o
    0x080058f8   0x000000b4   Code   RO         6029    i.USART3_IRQHandler  usart3.o
    0x080059ac   0x00000138   Code   RO         6090    i.USART6_Configuration  usart6.o
    0x08005ae4   0x000000b8   Code   RO         6091    i.USART6_IRQHandler  usart6.o
    0x08005b9c   0x00000018   Code   RO         5478    i.USART_Cmd         stm32f4xx_usart.o
    0x08005bb4   0x00000012   Code   RO         5479    i.USART_DMACmd      stm32f4xx_usart.o
    0x08005bc6   0x00000002   PAD
    0x08005bc8   0x000000f0   Code   RO         5480    i.USART_DeInit      stm32f4xx_usart.o
    0x08005cb8   0x00000054   Code   RO         5482    i.USART_GetITStatus  stm32f4xx_usart.o
    0x08005d0c   0x0000004a   Code   RO         5484    i.USART_ITConfig    stm32f4xx_usart.o
    0x08005d56   0x00000002   PAD
    0x08005d58   0x000000d4   Code   RO         5485    i.USART_Init        stm32f4xx_usart.o
    0x08005e2c   0x00000008   Code   RO         5495    i.USART_SendData    stm32f4xx_usart.o
    0x08005e34   0x00000018   Code   RO         5501    i.USART_StructInit  stm32f4xx_usart.o
    0x08005e4c   0x00000020   Code   RO          373    i.Up_to_Down_Flag   encoder.o
    0x08005e6c   0x00000004   Code   RO          894    i.UsageFault_Handler  stm32f4xx_it.o
    0x08005e70   0x000001ec   Code   RO          771    i.WorkStateFSM      workstate.o
    0x0800605c   0x000002ac   Code   RO          772    i.WorkStateSwitchProcess  workstate.o
    0x08006308   0x00000398   Code   RO          425    i.YawFreeRoation    freedom_status.o
    0x080066a0   0x000000f0   Code   RO          331    i.YawFreeRoation_Doget  doget_state.o
    0x08006790   0x00000030   Code   RO         6500    i.__ARM_fpclassify  m_wm.l(fpclassify.o)
    0x080067c0   0x00000358   Code   RO         6385    i.__hardfp_exp      m_wm.l(exp.o)
    0x08006b18   0x00000014   Code   RO         6399    i.__hardfp_fabs     m_wm.l(fabs.o)
    0x08006b2c   0x00000004   PAD
    0x08006b30   0x000000d0   Code   RO         6405    i.__hardfp_ldexp    m_wm.l(ldexp.o)
    0x08006c00   0x000000f8   Code   RO         6502    i.__kernel_poly     m_wm.l(poly.o)
    0x08006cf8   0x00000014   Code   RO         6487    i.__mathlib_dbl_infnan  m_wm.l(dunder.o)
    0x08006d0c   0x00000004   PAD
    0x08006d10   0x00000020   Code   RO         6490    i.__mathlib_dbl_overflow  m_wm.l(dunder.o)
    0x08006d30   0x00000020   Code   RO         6492    i.__mathlib_dbl_underflow  m_wm.l(dunder.o)
    0x08006d50   0x00000004   Code   RO         5976    i._sys_exit         usart2.o
    0x08006d54   0x0000001c   Code   RO         6134    i.delay_ms          common.o
    0x08006d70   0x0000001a   Code   RO         6135    i.delay_us          common.o
    0x08006d8a   0x00000002   PAD
    0x08006d8c   0x0000003c   Code   RO          289    i.engineerpower_Init  controltask.o
    0x08006dc8   0x00000040   Code   RO         6030    i.filter            usart3.o
    0x08006e08   0x000001b8   Code   RO          332    i.getRandom_MotionRange  doget_state.o
    0x08006fc0   0x00000034   Code   RO          518    i.getRobotHurt      judgingsystemtask.o
    0x08006ff4   0x00000120   Code   RO          519    i.getRobotPowerHeat  judgingsystemtask.o
    0x08007114   0x000000a0   Code   RO          520    i.getRobotShootData  judgingsystemtask.o
    0x080071b4   0x00000040   Code   RO          521    i.getRobotState     judgingsystemtask.o
    0x080071f4   0x00000026   Code   RO          818    i.main              main.o
    0x0800721a   0x00000002   PAD
    0x0800721c   0x0000004c   Code   RO          522    i.solve_chengfang   judgingsystemtask.o
    0x08007268   0x00000144   Code   RO         5978    i.usart2_Init       usart2.o
    0x080073ac   0x00000144   Code   RO         6031    i.usart3_Init       usart3.o
    0x080074f0   0x00000018   Code   RO         6351    x$fpl$basic         fz_wm.l(basic.o)
    0x08007508   0x00000062   Code   RO         6353    x$fpl$d2f           fz_wm.l(d2f.o)
    0x0800756a   0x00000002   PAD
    0x0800756c   0x00000150   Code   RO         6355    x$fpl$dadd          fz_wm.l(daddsub_clz.o)
    0x080076bc   0x00000010   Code   RO         6527    x$fpl$dcheck1       fz_wm.l(dcheck1.o)
    0x080076cc   0x00000018   Code   RO         6471    x$fpl$dcmpinf       fz_wm.l(dcmpi.o)
    0x080076e4   0x000002b0   Code   RO         6362    x$fpl$ddiv          fz_wm.l(ddiv.o)
    0x08007994   0x00000078   Code   RO         6365    x$fpl$deqf          fz_wm.l(deqf.o)
    0x08007a0c   0x0000005e   Code   RO         6367    x$fpl$dfix          fz_wm.l(dfix.o)
    0x08007a6a   0x0000002e   Code   RO         6372    x$fpl$dflt          fz_wm.l(dflt_clz.o)
    0x08007a98   0x00000026   Code   RO         6371    x$fpl$dfltu         fz_wm.l(dflt_clz.o)
    0x08007abe   0x00000002   PAD
    0x08007ac0   0x00000078   Code   RO         6377    x$fpl$dleqf         fz_wm.l(dleqf.o)
    0x08007b38   0x00000154   Code   RO         6379    x$fpl$dmul          fz_wm.l(dmul.o)
    0x08007c8c   0x0000009c   Code   RO         6473    x$fpl$dnaninf       fz_wm.l(dnaninf.o)
    0x08007d28   0x0000000c   Code   RO         6475    x$fpl$dretinf       fz_wm.l(dretinf.o)
    0x08007d34   0x0000006c   Code   RO         6381    x$fpl$drleqf        fz_wm.l(drleqf.o)
    0x08007da0   0x00000016   Code   RO         6356    x$fpl$drsb          fz_wm.l(daddsub_clz.o)
    0x08007db6   0x00000002   PAD
    0x08007db8   0x000001d4   Code   RO         6357    x$fpl$dsub          fz_wm.l(daddsub_clz.o)
    0x08007f8c   0x00000056   Code   RO         6383    x$fpl$f2d           fz_wm.l(f2d.o)
    0x08007fe2   0x0000008c   Code   RO         6477    x$fpl$fnaninf       fz_wm.l(fnaninf.o)
    0x0800806e   0x0000000a   Code   RO         6529    x$fpl$fpinit        fz_wm.l(fpinit.o)
    0x08008078   0x0000000a   Code   RO         6479    x$fpl$fretinf       fz_wm.l(fretinf.o)
    0x08008082   0x00000064   Code   RO         6548    x$fpl$retnan        fz_wm.l(retnan.o)
    0x080080e6   0x0000005c   Code   RO         6483    x$fpl$scalbn        fz_wm.l(scalbn.o)
    0x08008142   0x00000030   Code   RO         6560    x$fpl$trapveneer    fz_wm.l(trapv.o)
    0x08008172   0x00000000   Code   RO         6485    x$fpl$usenofp       fz_wm.l(usenofp.o)
    0x08008172   0x00000002   PAD
    0x08008174   0x0000002c   Data   RO          524    .constdata          judgingsystemtask.o
    0x080081a0   0x00000302   Data   RO         6166    .constdata          crc.o
    0x080084a2   0x00000006   PAD
    0x080084a8   0x00000058   Data   RO         6388    .constdata          m_wm.l(exp.o)
    0x08008500   0x00000020   Data   RO         6618    Region$$Table       anon$$obj.o


    Execution Region RW_IRAM1 (Base: 0x20000000, Size: 0x00001c58, Max: 0x00020000, ABSOLUTE, COMPRESSED[0x0000010c])

    Base Addr    Size         Type   Attr      Idx    E Section Name        Object

    0x20000000   0x00000013   Data   RW           11    .data               canbustask.o
    0x20000013   0x00000001   PAD
    0x20000014   0x00000006   Data   RW          290    .data               controltask.o
    0x2000001a   0x00000002   PAD
    0x2000001c   0x00000030   Data   RW          333    .data               doget_state.o
    0x2000004c   0x00000004   PAD
    0x20000050   0x00000070   Data   RW          427    .data               freedom_status.o
    0x200000c0   0x00000044   Data   RW          466    .data               gunheartandbleed.o
    0x20000104   0x00000024   Data   RW          525    .data               judgingsystemtask.o
    0x20000128   0x00000020   Data   RW          607    .data               phototube.o
    0x20000148   0x0000000c   Data   RW          644    .data               remotetask.o
    0x20000154   0x00000043   Data   RW          672    .data               shootingtask.o
    0x20000197   0x00000001   PAD
    0x20000198   0x00000886   Data   RW          713    .data               speedtask.o
    0x20000a1e   0x00000002   PAD
    0x20000a20   0x00000018   Data   RW          773    .data               workstate.o
    0x20000a38   0x00000010   Data   RW         3634    .data               stm32f4xx_rcc.o
    0x20000a48   0x00000008   Data   RW         5880    .data               timer.o
    0x20000a50   0x0000000c   Data   RW         5948    .data               usart1.o
    0x20000a5c   0x00000014   Data   RW         5980    .data               usart2.o
    0x20000a70   0x000000a1   Data   RW         6033    .data               usart3.o
    0x20000b11   0x00000003   PAD
    0x20000b14   0x00000028   Data   RW         6094    .data               usart6.o
    0x20000b3c   0x00000004   PAD
    0x20000b40   0x000002c0   Zero   RW           10    .bss                canbustask.o
    0x20000e00   0x00000018   Zero   RW          374    .bss                encoder.o
    0x20000e18   0x00000078   Zero   RW          465    .bss                gunheartandbleed.o
    0x20000e90   0x00000095   Zero   RW          523    .bss                judgingsystemtask.o
    0x20000f25   0x00000001   PAD
    0x20000f26   0x00000016   Zero   RW          643    .bss                remotetask.o
    0x20000f3c   0x00000041   Zero   RW         5879    .bss                timer.o
    0x20000f7d   0x0000003c   Zero   RW         5947    .bss                usart1.o
    0x20000fb9   0x000000e6   Zero   RW         5979    .bss                usart2.o
    0x2000109f   0x00000001   PAD
    0x200010a0   0x000003ec   Zero   RW         6032    .bss                usart3.o
    0x2000148c   0x00000084   Zero   RW         6093    .bss                usart6.o
    0x20001510   0x000000e4   Zero   RW         6342    .bss                c_w.l(rand.o)
    0x200015f4   0x00000060   Zero   RW         6532    .bss                c_w.l(libspace.o)
    0x20001654   0x00000004   PAD
    0x20001658   0x00000200   Zero   RW         5723    HEAP                startup_stm32f40_41xxx.o
    0x20001858   0x00000400   Zero   RW         5722    STACK               startup_stm32f40_41xxx.o


==============================================================================

Image component sizes


      Code (inc. data)   RO Data    RW Data    ZI Data      Debug   Object Name

        60          0          0          0          0        503   bsp.o
       360         24          0          0          0       1828   can1.o
       364         26          0          0          0       1828   can2.o
       938         68          0         19        704     309981   canbustask.o
        54          0          0          0          0       1190   common.o
       416         96          0          6          0       3369   controltask.o
        88         12        770          0          0       2592   crc.o
      3232        300          0         48          0       3634   doget_state.o
       984         72          0          0         24       4044   encoder.o
      1572        174          0        112          0       3536   freedom_status.o
      1256        158          0         68        120       3922   gunheartandbleed.o
      1144        106         44         36        149       9925   judgingsystemtask.o
        38          0          0          0          0        471   main.o
       140         24          0          0          0       1515   misc.o
       420         64          0         32          0       2264   phototube.o
      1056         28          0          0          0       1399   pid.o
       110          0          0          0          0       3390   ramp.o
       752         64          0         12         22       2986   remotetask.o
       236         58          0         67          0       3231   shootingtask.o
      3776        548          0       2182          0       8264   speedtask.o
        64         26        392          0       1536        840   startup_stm32f40_41xxx.o
      1710         26          0          0          0       8040   stm32f4xx_can.o
       562         26          0          0          0       5984   stm32f4xx_dma.o
       236          0          0          0          0       2820   stm32f4xx_gpio.o
        26          0          0          0          0       4022   stm32f4xx_it.o
       392         48          0         16          0       5753   stm32f4xx_rcc.o
       244         28          0          0          0       4745   stm32f4xx_tim.o
       684         42          0          0          0       5992   stm32f4xx_usart.o
       340         32          0          0          0       1461   system_stm32f4xx.o
       442         40          0          8         65       5569   timer.o
       508         40          0         12         60       1940   usart1.o
       956         72          0         20        230       4542   usart2.o
      2060        210          0        161       1004       7722   usart3.o
      1040         88          0         40        132       2828   usart6.o
      1200        150          0         24          0       3831   workstate.o

    ----------------------------------------------------------------------
     27492       2650       1244       2876       4052     435961   Object Totals
         0          0         32          0          0          0   (incl. Generated)
        32          0          6         13          6          0   (incl. Padding)

    ----------------------------------------------------------------------

      Code (inc. data)   RO Data    RW Data    ZI Data      Debug   Library Member Name

        90          0          0          0          0          0   __dczerorl2.o
         8          0          0          0          0         68   __main.o
         0          0          0          0          0          0   __rtentry.o
        12          0          0          0          0          0   __rtentry2.o
         6          0          0          0          0          0   __rtentry4.o
        52          8          0          0          0          0   __scatter.o
        28          0          0          0          0          0   __scatter_zi.o
        22          0          0          0          0        100   _rserrno.o
        12          0          0          0          0         72   exit.o
         6          0          0          0          0        152   heapauxi.o
         2          0          0          0          0          0   libinit.o
        10          0          0          0          0          0   libinit2.o
         2          0          0          0          0          0   libshutdown.o
         2          0          0          0          0          0   libshutdown2.o
         8          4          0          0         96         68   libspace.o
       112         18          0          0        228        160   rand.o
         8          4          0          0          0         68   rt_errno_addr_intlibspace.o
       100          0          0          0          0         80   rt_memcpy_w.o
         2          0          0          0          0          0   rtexit.o
        10          0          0          0          0          0   rtexit2.o
        74          0          0          0          0         80   sys_stackheap_outer.o
         2          0          0          0          0         68   use_no_semi.o
         2          0          0          0          0         68   use_no_semi_2.o
        24          0          0          0          0        164   basic.o
        98          4          0          0          0        140   d2f.o
       826         16          0          0          0        492   daddsub_clz.o
        16          4          0          0          0        116   dcheck1.o
        24          0          0          0          0        116   dcmpi.o
       688        140          0          0          0        256   ddiv.o
       120          4          0          0          0        140   deqf.o
        94          4          0          0          0        140   dfix.o
        84          0          0          0          0        232   dflt_clz.o
       120          4          0          0          0        140   dleqf.o
       340         12          0          0          0        152   dmul.o
       156          4          0          0          0        140   dnaninf.o
        12          0          0          0          0        116   dretinf.o
       108          0          0          0          0        128   drleqf.o
        86          4          0          0          0        132   f2d.o
       140          4          0          0          0        132   fnaninf.o
        10          0          0          0          0        116   fpinit.o
        10          0          0          0          0        116   fretinf.o
       100          0          0          0          0        116   retnan.o
        92          0          0          0          0        116   scalbn.o
        48          0          0          0          0        116   trapv.o
         0          0          0          0          0          0   usenofp.o
        84         16          0          0          0        372   dunder.o
       856        142         88          0          0        288   exp.o
        20          0          0          0          0        124   fabs.o
        48          0          0          0          0        124   fpclassify.o
       208          8          0          0          0        184   ldexp.o
       248          0          0          0          0        152   poly.o

    ----------------------------------------------------------------------
      5256        400         88          0        328       5544   Library Totals
        26          0          0          0          4          0   (incl. Padding)

    ----------------------------------------------------------------------

      Code (inc. data)   RO Data    RW Data    ZI Data      Debug   Library Name

       570         34          0          0        324        984   c_w.l
      3196        200          0          0          0       3316   fz_wm.l
      1464        166         88          0          0       1244   m_wm.l

    ----------------------------------------------------------------------
      5256        400         88          0        328       5544   Library Totals

    ----------------------------------------------------------------------

==============================================================================


      Code (inc. data)   RO Data    RW Data    ZI Data      Debug   

     32748       3050       1332       2876       4380     424389   Grand Totals
     32748       3050       1332        268       4380     424389   ELF Image Totals (compressed)
     32748       3050       1332        268          0          0   ROM Totals

==============================================================================

    Total RO  Size (Code + RO Data)                34080 (  33.28kB)
    Total RW  Size (RW Data + ZI Data)              7256 (   7.09kB)
    Total ROM Size (Code + RO Data + RW Data)      34348 (  33.54kB)

==============================================================================

