Component: ARM Compiler 5.06 update 4 (build 422) Tool: armlink [4d35d2]

==============================================================================

Section Cross References

    system_stm32f4xx.o(i.SystemCoreClockUpdate) refers to system_stm32f4xx.o(.data) for SystemCoreClock
    system_stm32f4xx.o(i.SystemInit) refers to system_stm32f4xx.o(i.SetSysClock) for SetSysClock
    main.o(i.main) refers to common.o(i.delay_ms) for delay_ms
    main.o(i.main) refers to bsp.o(i.BSP_Init) for BSP_Init
    main.o(i.main) refers to controltask.o(i.engineerpower_Init) for engineerpower_Init
    main.o(i.main) refers to controltask.o(i.ControtLoopTaskInit) for ControtLoopTaskInit
    main.o(i.main) refers to timer.o(i.TIM6_Start) for TIM6_Start
    main.o(i.main) refers to uart1.o(i.Sendtosightway) for Sendtosightway
    main.o(i.main) refers to common.o(i.delay_us) for delay_us
    startup_stm32f40_41xxx.o(STACK) refers (Special) to heapauxi.o(.text) for __use_two_region_memory
    startup_stm32f40_41xxx.o(HEAP) refers (Special) to heapauxi.o(.text) for __use_two_region_memory
    startup_stm32f40_41xxx.o(RESET) refers (Special) to heapauxi.o(.text) for __use_two_region_memory
    startup_stm32f40_41xxx.o(RESET) refers to startup_stm32f40_41xxx.o(STACK) for __initial_sp
    startup_stm32f40_41xxx.o(RESET) refers to startup_stm32f40_41xxx.o(.text) for Reset_Handler
    startup_stm32f40_41xxx.o(RESET) refers to stm32f4xx_it.o(i.NMI_Handler) for NMI_Handler
    startup_stm32f40_41xxx.o(RESET) refers to stm32f4xx_it.o(i.HardFault_Handler) for HardFault_Handler
    startup_stm32f40_41xxx.o(RESET) refers to stm32f4xx_it.o(i.MemManage_Handler) for MemManage_Handler
    startup_stm32f40_41xxx.o(RESET) refers to stm32f4xx_it.o(i.BusFault_Handler) for BusFault_Handler
    startup_stm32f40_41xxx.o(RESET) refers to stm32f4xx_it.o(i.UsageFault_Handler) for UsageFault_Handler
    startup_stm32f40_41xxx.o(RESET) refers to stm32f4xx_it.o(i.SVC_Handler) for SVC_Handler
    startup_stm32f40_41xxx.o(RESET) refers to stm32f4xx_it.o(i.DebugMon_Handler) for DebugMon_Handler
    startup_stm32f40_41xxx.o(RESET) refers to stm32f4xx_it.o(i.PendSV_Handler) for PendSV_Handler
    startup_stm32f40_41xxx.o(RESET) refers to stm32f4xx_it.o(i.SysTick_Handler) for SysTick_Handler
    startup_stm32f40_41xxx.o(RESET) refers to can1.o(i.CAN1_TX_IRQHandler) for CAN1_TX_IRQHandler
    startup_stm32f40_41xxx.o(RESET) refers to can1.o(i.CAN1_RX0_IRQHandler) for CAN1_RX0_IRQHandler
    startup_stm32f40_41xxx.o(RESET) refers to timer.o(i.TIM2_IRQHandler) for TIM2_IRQHandler
    startup_stm32f40_41xxx.o(RESET) refers to uart1.o(i.USART1_IRQHandler) for USART1_IRQHandler
    startup_stm32f40_41xxx.o(RESET) refers to usart3.o(i.USART3_IRQHandler) for USART3_IRQHandler
    startup_stm32f40_41xxx.o(RESET) refers to timer.o(i.TIM6_DAC_IRQHandler) for TIM6_DAC_IRQHandler
    startup_stm32f40_41xxx.o(RESET) refers to can2.o(i.CAN2_TX_IRQHandler) for CAN2_TX_IRQHandler
    startup_stm32f40_41xxx.o(RESET) refers to can2.o(i.CAN2_RX0_IRQHandler) for CAN2_RX0_IRQHandler
    startup_stm32f40_41xxx.o(RESET) refers to usart2.o(i.USART6_IRQHandler) for USART6_IRQHandler
    startup_stm32f40_41xxx.o(.text) refers (Special) to heapauxi.o(.text) for __use_two_region_memory
    startup_stm32f40_41xxx.o(.text) refers to system_stm32f4xx.o(i.SystemInit) for SystemInit
    startup_stm32f40_41xxx.o(.text) refers to __main.o(!!!main) for __main
    startup_stm32f40_41xxx.o(.text) refers to startup_stm32f40_41xxx.o(HEAP) for Heap_Mem
    startup_stm32f40_41xxx.o(.text) refers to startup_stm32f40_41xxx.o(STACK) for Stack_Mem
    stm32f4xx_adc.o(i.ADC_DeInit) refers to stm32f4xx_rcc.o(i.RCC_APB2PeriphResetCmd) for RCC_APB2PeriphResetCmd
    stm32f4xx_can.o(i.CAN_DeInit) refers to stm32f4xx_rcc.o(i.RCC_APB1PeriphResetCmd) for RCC_APB1PeriphResetCmd
    stm32f4xx_can.o(i.CAN_GetITStatus) refers to stm32f4xx_can.o(i.CheckITStatus) for CheckITStatus
    stm32f4xx_cryp.o(i.CRYP_DeInit) refers to stm32f4xx_rcc.o(i.RCC_AHB2PeriphResetCmd) for RCC_AHB2PeriphResetCmd
    stm32f4xx_cryp_aes.o(i.CRYP_AES_CBC) refers to stm32f4xx_cryp.o(i.CRYP_KeyStructInit) for CRYP_KeyStructInit
    stm32f4xx_cryp_aes.o(i.CRYP_AES_CBC) refers to stm32f4xx_cryp.o(i.CRYP_FIFOFlush) for CRYP_FIFOFlush
    stm32f4xx_cryp_aes.o(i.CRYP_AES_CBC) refers to stm32f4xx_cryp.o(i.CRYP_Init) for CRYP_Init
    stm32f4xx_cryp_aes.o(i.CRYP_AES_CBC) refers to stm32f4xx_cryp.o(i.CRYP_KeyInit) for CRYP_KeyInit
    stm32f4xx_cryp_aes.o(i.CRYP_AES_CBC) refers to stm32f4xx_cryp.o(i.CRYP_Cmd) for CRYP_Cmd
    stm32f4xx_cryp_aes.o(i.CRYP_AES_CBC) refers to stm32f4xx_cryp.o(i.CRYP_GetFlagStatus) for CRYP_GetFlagStatus
    stm32f4xx_cryp_aes.o(i.CRYP_AES_CBC) refers to stm32f4xx_cryp.o(i.CRYP_IVInit) for CRYP_IVInit
    stm32f4xx_cryp_aes.o(i.CRYP_AES_CBC) refers to stm32f4xx_cryp.o(i.CRYP_GetCmdStatus) for CRYP_GetCmdStatus
    stm32f4xx_cryp_aes.o(i.CRYP_AES_CBC) refers to stm32f4xx_cryp.o(i.CRYP_DataIn) for CRYP_DataIn
[...]
    BuildAttributes$$THM_ISAv4$E$P$D$K$B$S$7EM$VFPi3$EXTD16$VFPS$VFMA$PE$A:L22UL41UL21$X:L11$S22US41US21$IEEE1$IW$USESV6$~STKCKD$USESV7$~SHL$OTIME$ROPI$IEEEX$EBA8$UX$STANDARDLIB$REQ8$PRES8$EABIv2 0x00000000   Number         0  anon$$obj.o ABSOLUTE
    __ARM_use_no_argv                        0x00000000   Number         0  main.o ABSOLUTE
    __ARM_exceptions_init                     - Undefined Weak Reference
    __alloca_initialize                       - Undefined Weak Reference
    __arm_preinit_                            - Undefined Weak Reference
    __cpp_initialize__aeabi_                  - Undefined Weak Reference
    __cxa_finalize                            - Undefined Weak Reference
    __rt_locale                               - Undefined Weak Reference
    __sigvec_lookup                           - Undefined Weak Reference
    _atexit_init                              - Undefined Weak Reference
    _call_atexit_fns                          - Undefined Weak Reference
    _clock_init                               - Undefined Weak Reference
    _fp_trap_init                             - Undefined Weak Reference
    _fp_trap_shutdown                         - Undefined Weak Reference
    _get_lc_collate                           - Undefined Weak Reference
    _get_lc_ctype                             - Undefined Weak Reference
    _get_lc_monetary                          - Undefined Weak Reference
    _get_lc_numeric                           - Undefined Weak Reference
    _get_lc_time                              - Undefined Weak Reference
    _getenv_init                              - Undefined Weak Reference
    _handle_redirection                       - Undefined Weak Reference
    _init_alloc                               - Undefined Weak Reference
    _init_user_alloc                          - Undefined Weak Reference
    _initio                                   - Undefined Weak Reference
    _signal_finish                            - Undefined Weak Reference
    _signal_init                              - Undefined Weak Reference
    _terminate_alloc                          - Undefined Weak Reference
    _terminate_user_alloc                     - Undefined Weak Reference
    _terminateio                              - Undefined Weak Reference
    __Vectors_Size                           0x00000188   Number         0  startup_stm32f40_41xxx.o ABSOLUTE
    __Vectors                                0x08000000   Data           4  startup_stm32f40_41xxx.o(RESET)
    __Vectors_End                            0x08000188   Data           0  startup_stm32f40_41xxx.o(RESET)
    __main                                   0x08000189   Thumb Code     8  __main.o(!!!main)
    __scatterload                            0x08000191   Thumb Code     0  __scatter.o(!!!scatter)
    __scatterload_rt2                        0x08000191   Thumb Code    44  __scatter.o(!!!scatter)
    __scatterload_rt2_thumb_only             0x08000191   Thumb Code     0  __scatter.o(!!!scatter)
    __scatterload_null                       0x0800019f   Thumb Code     0  __scatter.o(!!!scatter)
    __decompress                             0x080001c5   Thumb Code    90  __dczerorl2.o(!!dczerorl2)
    __decompress1                            0x080001c5   Thumb Code     0  __dczerorl2.o(!!dczerorl2)
    __scatterload_zeroinit                   0x08000221   Thumb Code    28  __scatter_zi.o(!!handler_zi)
    __rt_lib_init                            0x0800023d   Thumb Code     0  libinit.o(.ARM.Collect$$libinit$$00000000)
    __rt_lib_init_fp_1                       0x0800023f   Thumb Code     0  libinit2.o(.ARM.Collect$$libinit$$00000001)
    __rt_lib_init_alloca_1                   0x08000243   Thumb Code     0  libinit2.o(.ARM.Collect$$libinit$$0000002E)
    __rt_lib_init_argv_1                     0x08000243   Thumb Code     0  libinit2.o(.ARM.Collect$$libinit$$0000002C)
    __rt_lib_init_atexit_1                   0x08000243   Thumb Code     0  libinit2.o(.ARM.Collect$$libinit$$0000001B)
    __rt_lib_init_clock_1                    0x08000243   Thumb Code     0  libinit2.o(.ARM.Collect$$libinit$$00000021)
    __rt_lib_init_cpp_1                      0x08000243   Thumb Code     0  libinit2.o(.ARM.Collect$$libinit$$00000032)
    __rt_lib_init_exceptions_1               0x08000243   Thumb Code     0  libinit2.o(.ARM.Collect$$libinit$$00000030)
    __rt_lib_init_fp_trap_1                  0x08000243   Thumb Code     0  libinit2.o(.ARM.Collect$$libinit$$0000001F)
    __rt_lib_init_getenv_1                   0x08000243   Thumb Code     0  libinit2.o(.ARM.Collect$$libinit$$00000023)
    __rt_lib_init_heap_1                     0x08000243   Thumb Code     0  libinit2.o(.ARM.Collect$$libinit$$0000000A)
    __rt_lib_init_lc_collate_1               0x08000243   Thumb Code     0  libinit2.o(.ARM.Collect$$libinit$$00000011)
    __rt_lib_init_lc_ctype_1                 0x08000243   Thumb Code     0  libinit2.o(.ARM.Collect$$libinit$$00000013)
    __rt_lib_init_lc_monetary_1              0x08000243   Thumb Code     0  libinit2.o(.ARM.Collect$$libinit$$00000015)
    __rt_lib_init_lc_numeric_1               0x08000243   Thumb Code     0  libinit2.o(.ARM.Collect$$libinit$$00000017)
    __rt_lib_init_lc_time_1                  0x08000243   Thumb Code     0  libinit2.o(.ARM.Collect$$libinit$$00000019)
    __rt_lib_init_preinit_1                  0x08000243   Thumb Code     0  libinit2.o(.ARM.Collect$$libinit$$00000004)
    __rt_lib_init_rand_1                     0x08000243   Thumb Code     0  libinit2.o(.ARM.Collect$$libinit$$0000000E)
    __rt_lib_init_return                     0x08000243   Thumb Code     0  libinit2.o(.ARM.Collect$$libinit$$00000033)
    __rt_lib_init_signal_1                   0x08000243   Thumb Code     0  libinit2.o(.ARM.Collect$$libinit$$0000001D)
    __rt_lib_init_stdio_1                    0x08000243   Thumb Code     0  libinit2.o(.ARM.Collect$$libinit$$00000025)
    __rt_lib_init_user_alloc_1               0x08000243   Thumb Code     0  libinit2.o(.ARM.Collect$$libinit$$0000000C)
    __rt_lib_shutdown                        0x08000245   Thumb Code     0  libshutdown.o(.ARM.Collect$$libshutdown$$00000000)
    __rt_lib_shutdown_cpp_1                  0x08000247   Thumb Code     0  libshutdown2.o(.ARM.Collect$$libshutdown$$00000002)
    __rt_lib_shutdown_fp_trap_1              0x08000247   Thumb Code     0  libshutdown2.o(.ARM.Collect$$libshutdown$$00000007)
    __rt_lib_shutdown_heap_1                 0x08000247   Thumb Code     0  libshutdown2.o(.ARM.Collect$$libshutdown$$0000000F)
    __rt_lib_shutdown_return                 0x08000247   Thumb Code     0  libshutdown2.o(.ARM.Collect$$libshutdown$$00000010)
    __rt_lib_shutdown_signal_1               0x08000247   Thumb Code     0  libshutdown2.o(.ARM.Collect$$libshutdown$$0000000A)
    __rt_lib_shutdown_stdio_1                0x08000247   Thumb Code     0  libshutdown2.o(.ARM.Collect$$libshutdown$$00000004)
    __rt_lib_shutdown_user_alloc_1           0x08000247   Thumb Code     0  libshutdown2.o(.ARM.Collect$$libshutdown$$0000000C)
    __rt_entry                               0x08000249   Thumb Code     0  __rtentry.o(.ARM.Collect$$rtentry$$00000000)
    __rt_entry_presh_1                       0x08000249   Thumb Code     0  __rtentry2.o(.ARM.Collect$$rtentry$$00000002)
    __rt_entry_sh                            0x08000249   Thumb Code     0  __rtentry4.o(.ARM.Collect$$rtentry$$00000004)
    __rt_entry_li                            0x0800024f   Thumb Code     0  __rtentry2.o(.ARM.Collect$$rtentry$$0000000A)
    __rt_entry_postsh_1                      0x0800024f   Thumb Code     0  __rtentry2.o(.ARM.Collect$$rtentry$$00000009)
    __rt_entry_main                          0x08000253   Thumb Code     0  __rtentry2.o(.ARM.Collect$$rtentry$$0000000D)
    __rt_entry_postli_1                      0x08000253   Thumb Code     0  __rtentry2.o(.ARM.Collect$$rtentry$$0000000C)
    __rt_exit                                0x0800025b   Thumb Code     0  rtexit.o(.ARM.Collect$$rtexit$$00000000)
    __rt_exit_ls                             0x0800025d   Thumb Code     0  rtexit2.o(.ARM.Collect$$rtexit$$00000003)
    __rt_exit_prels_1                        0x0800025d   Thumb Code     0  rtexit2.o(.ARM.Collect$$rtexit$$00000002)
    __rt_exit_exit                           0x08000261   Thumb Code     0  rtexit2.o(.ARM.Collect$$rtexit$$00000004)
    Reset_Handler                            0x08000269   Thumb Code     8  startup_stm32f40_41xxx.o(.text)
    ADC_IRQHandler                           0x08000283   Thumb Code     0  startup_stm32f40_41xxx.o(.text)
    CAN1_RX1_IRQHandler                      0x08000283   Thumb Code     0  startup_stm32f40_41xxx.o(.text)
    CAN1_SCE_IRQHandler                      0x08000283   Thumb Code     0  startup_stm32f40_41xxx.o(.text)
    CAN2_RX1_IRQHandler                      0x08000283   Thumb Code     0  startup_stm32f40_41xxx.o(.text)
    CAN2_SCE_IRQHandler                      0x08000283   Thumb Code     0  startup_stm32f40_41xxx.o(.text)
    CRYP_IRQHandler                          0x08000283   Thumb Code     0  startup_stm32f40_41xxx.o(.text)
    DCMI_IRQHandler                          0x08000283   Thumb Code     0  startup_stm32f40_41xxx.o(.text)
    DMA1_Stream0_IRQHandler                  0x08000283   Thumb Code     0  startup_stm32f40_41xxx.o(.text)
    DMA1_Stream1_IRQHandler                  0x08000283   Thumb Code     0  startup_stm32f40_41xxx.o(.text)
    DMA1_Stream2_IRQHandler                  0x08000283   Thumb Code     0  startup_stm32f40_41xxx.o(.text)
    DMA1_Stream3_IRQHandler                  0x08000283   Thumb Code     0  startup_stm32f40_41xxx.o(.text)
    DMA1_Stream4_IRQHandler                  0x08000283   Thumb Code     0  startup_stm32f40_41xxx.o(.text)
    DMA1_Stream5_IRQHandler                  0x08000283   Thumb Code     0  startup_stm32f40_41xxx.o(.text)
    DMA1_Stream6_IRQHandler                  0x08000283   Thumb Code     0  startup_stm32f40_41xxx.o(.text)
    DMA1_Stream7_IRQHandler                  0x08000283   Thumb Code     0  startup_stm32f40_41xxx.o(.text)
    DMA2_Stream0_IRQHandler                  0x08000283   Thumb Code     0  startup_stm32f40_41xxx.o(.text)
    DMA2_Stream1_IRQHandler                  0x08000283   Thumb Code     0  startup_stm32f40_41xxx.o(.text)
    DMA2_Stream2_IRQHandler                  0x08000283   Thumb Code     0  startup_stm32f40_41xxx.o(.text)
    DMA2_Stream3_IRQHandler                  0x08000283   Thumb Code     0  startup_stm32f40_41xxx.o(.text)
    DMA2_Stream4_IRQHandler                  0x08000283   Thumb Code     0  startup_stm32f40_41xxx.o(.text)
    DMA2_Stream5_IRQHandler                  0x08000283   Thumb Code     0  startup_stm32f40_41xxx.o(.text)
    DMA2_Stream6_IRQHandler                  0x08000283   Thumb Code     0  startup_stm32f40_41xxx.o(.text)
    DMA2_Stream7_IRQHandler                  0x08000283   Thumb Code     0  startup_stm32f40_41xxx.o(.text)
    ETH_IRQHandler                           0x08000283   Thumb Code     0  startup_stm32f40_41xxx.o(.text)
    ETH_WKUP_IRQHandler                      0x08000283   Thumb Code     0  startup_stm32f40_41xxx.o(.text)
    EXTI0_IRQHandler                         0x08000283   Thumb Code     0  startup_stm32f40_41xxx.o(.text)
    EXTI15_10_IRQHandler                     0x08000283   Thumb Code     0  startup_stm32f40_41xxx.o(.text)
    EXTI1_IRQHandler                         0x08000283   Thumb Code     0  startup_stm32f40_41xxx.o(.text)
    EXTI2_IRQHandler                         0x08000283   Thumb Code     0  startup_stm32f40_41xxx.o(.text)
    EXTI3_IRQHandler                         0x08000283   Thumb Code     0  startup_stm32f40_41xxx.o(.text)
    EXTI4_IRQHandler                         0x08000283   Thumb Code     0  startup_stm32f40_41xxx.o(.text)
    EXTI9_5_IRQHandler                       0x08000283   Thumb Code     0  startup_stm32f40_41xxx.o(.text)
    FLASH_IRQHandler                         0x08000283   Thumb Code     0  startup_stm32f40_41xxx.o(.text)
    FPU_IRQHandler                           0x08000283   Thumb Code     0  startup_stm32f40_41xxx.o(.text)
    FSMC_IRQHandler                          0x08000283   Thumb Code     0  startup_stm32f40_41xxx.o(.text)
    HASH_RNG_IRQHandler                      0x08000283   Thumb Code     0  startup_stm32f40_41xxx.o(.text)
    I2C1_ER_IRQHandler                       0x08000283   Thumb Code     0  startup_stm32f40_41xxx.o(.text)
    I2C1_EV_IRQHandler                       0x08000283   Thumb Code     0  startup_stm32f40_41xxx.o(.text)
    I2C2_ER_IRQHandler                       0x08000283   Thumb Code     0  startup_stm32f40_41xxx.o(.text)
    I2C2_EV_IRQHandler                       0x08000283   Thumb Code     0  startup_stm32f40_41xxx.o(.text)
    I2C3_ER_IRQHandler                       0x08000283   Thumb Code     0  startup_stm32f40_41xxx.o(.text)
    I2C3_EV_IRQHandler                       0x08000283   Thumb Code     0  startup_stm32f40_41xxx.o(.text)
    OTG_FS_IRQHandler                        0x08000283   Thumb Code     0  startup_stm32f40_41xxx.o(.text)
    OTG_FS_WKUP_IRQHandler                   0x08000283   Thumb Code     0  startup_stm32f40_41xxx.o(.text)
    OTG_HS_EP1_IN_IRQHandler                 0x08000283   Thumb Code     0  startup_stm32f40_41xxx.o(.text)
    OTG_HS_EP1_OUT_IRQHandler                0x08000283   Thumb Code     0  startup_stm32f40_41xxx.o(.text)
    OTG_HS_IRQHandler                        0x08000283   Thumb Code     0  startup_stm32f40_41xxx.o(.text)
    OTG_HS_WKUP_IRQHandler                   0x08000283   Thumb Code     0  startup_stm32f40_41xxx.o(.text)
    PVD_IRQHandler                           0x08000283   Thumb Code     0  startup_stm32f40_41xxx.o(.text)
    RCC_IRQHandler                           0x08000283   Thumb Code     0  startup_stm32f40_41xxx.o(.text)
    RTC_Alarm_IRQHandler                     0x08000283   Thumb Code     0  startup_stm32f40_41xxx.o(.text)
    RTC_WKUP_IRQHandler                      0x08000283   Thumb Code     0  startup_stm32f40_41xxx.o(.text)
    SDIO_IRQHandler                          0x08000283   Thumb Code     0  startup_stm32f40_41xxx.o(.text)
    SPI1_IRQHandler                          0x08000283   Thumb Code     0  startup_stm32f40_41xxx.o(.text)
    SPI2_IRQHandler                          0x08000283   Thumb Code     0  startup_stm32f40_41xxx.o(.text)
    SPI3_IRQHandler                          0x08000283   Thumb Code     0  startup_stm32f40_41xxx.o(.text)
    TAMP_STAMP_IRQHandler                    0x08000283   Thumb Code     0  startup_stm32f40_41xxx.o(.text)
    TIM1_BRK_TIM9_IRQHandler                 0x08000283   Thumb Code     0  startup_stm32f40_41xxx.o(.text)
    TIM1_CC_IRQHandler                       0x08000283   Thumb Code     0  startup_stm32f40_41xxx.o(.text)
    TIM1_TRG_COM_TIM11_IRQHandler            0x08000283   Thumb Code     0  startup_stm32f40_41xxx.o(.text)
    TIM1_UP_TIM10_IRQHandler                 0x08000283   Thumb Code     0  startup_stm32f40_41xxx.o(.text)
    TIM3_IRQHandler                          0x08000283   Thumb Code     0  startup_stm32f40_41xxx.o(.text)
    TIM4_IRQHandler                          0x08000283   Thumb Code     0  startup_stm32f40_41xxx.o(.text)
    TIM5_IRQHandler                          0x08000283   Thumb Code     0  startup_stm32f40_41xxx.o(.text)
    TIM7_IRQHandler                          0x08000283   Thumb Code     0  startup_stm32f40_41xxx.o(.text)
    TIM8_BRK_TIM12_IRQHandler                0x08000283   Thumb Code     0  startup_stm32f40_41xxx.o(.text)
    TIM8_CC_IRQHandler                       0x08000283   Thumb Code     0  startup_stm32f40_41xxx.o(.text)
    TIM8_TRG_COM_TIM14_IRQHandler            0x08000283   Thumb Code     0  startup_stm32f40_41xxx.o(.text)
    TIM8_UP_TIM13_IRQHandler                 0x08000283   Thumb Code     0  startup_stm32f40_41xxx.o(.text)
    UART4_IRQHandler                         0x08000283   Thumb Code     0  startup_stm32f40_41xxx.o(.text)
    UART5_IRQHandler                         0x08000283   Thumb Code     0  startup_stm32f40_41xxx.o(.text)
    USART2_IRQHandler                        0x08000283   Thumb Code     0  startup_stm32f40_41xxx.o(.text)
    WWDG_IRQHandler                          0x08000283   Thumb Code     0  startup_stm32f40_41xxx.o(.text)
    __user_initial_stackheap                 0x08000285   Thumb Code     0  startup_stm32f40_41xxx.o(.text)
    __use_no_semihosting                     0x080002a9   Thumb Code     2  use_no_semi_2.o(.text)
    __aeabi_memcpy4                          0x080002ab   Thumb Code     0  rt_memcpy_w.o(.text)
    __aeabi_memcpy8                          0x080002ab   Thumb Code     0  rt_memcpy_w.o(.text)
    __rt_memcpy_w                            0x080002ab   Thumb Code   100  rt_memcpy_w.o(.text)
    _memcpy_lastbytes_aligned                0x080002f3   Thumb Code     0  rt_memcpy_w.o(.text)
    __use_two_region_memory                  0x0800030f   Thumb Code     2  heapauxi.o(.text)
    __rt_heap_escrow$2region                 0x08000311   Thumb Code     2  heapauxi.o(.text)
    __rt_heap_expand$2region                 0x08000313   Thumb Code     2  heapauxi.o(.text)
    __I$use$semihosting                      0x08000315   Thumb Code     0  use_no_semi.o(.text)
    __use_no_semihosting_swi                 0x08000315   Thumb Code     2  use_no_semi.o(.text)
    __read_errno                             0x08000317   Thumb Code    10  _rserrno.o(.text)
    __set_errno                              0x08000321   Thumb Code    12  _rserrno.o(.text)
    __aeabi_errno_addr                       0x0800032d   Thumb Code     8  rt_errno_addr_intlibspace.o(.text)
    __errno$intlibspace                      0x0800032d   Thumb Code     0  rt_errno_addr_intlibspace.o(.text)
    __rt_errno_addr$intlibspace              0x0800032d   Thumb Code     0  rt_errno_addr_intlibspace.o(.text)
    __user_libspace                          0x08000335   Thumb Code     8  libspace.o(.text)
    __user_perproc_libspace                  0x08000335   Thumb Code     0  libspace.o(.text)
    __user_perthread_libspace                0x08000335   Thumb Code     0  libspace.o(.text)
    __user_setup_stackheap                   0x0800033d   Thumb Code    74  sys_stackheap_outer.o(.text)
    exit                                     0x08000387   Thumb Code    18  exit.o(.text)
    Attacked_Monitor                         0x08000399   Thumb Code   546  gunheartandbleed.o(i.Attacked_Monitor)
    BSP_Init                                 0x080005f9   Thumb Code    52  bsp.o(i.BSP_Init)
    Bleed_Monitor                            0x0800062d   Thumb Code   612  gunheartandbleed.o(i.Bleed_Monitor)
    BoLunMotorControl                        0x080008f9   Thumb Code   104  shootingtask.o(i.BoLunMotorControl)
    BulletSpeed_Monitor                      0x08000979   Thumb Code   168  gunheartandbleed.o(i.BulletSpeed_Monitor)
    BusFault_Handler                         0x08000a31   Thumb Code     4  stm32f4xx_it.o(i.BusFault_Handler)
    CAN1_Configuration                       0x08000a35   Thumb Code   262  can1.o(i.CAN1_Configuration)
    CAN1_RX0_IRQHandler                      0x08000b45   Thumb Code    50  can1.o(i.CAN1_RX0_IRQHandler)
    CAN1_TX_IRQHandler                       0x08000b81   Thumb Code    22  can1.o(i.CAN1_TX_IRQHandler)
    CAN2_Configuration                       0x08000b9d   Thumb Code   262  can2.o(i.CAN2_Configuration)
    CAN2_RX0_IRQHandler                      0x08000cad   Thumb Code    50  can2.o(i.CAN2_RX0_IRQHandler)
    CAN2_TX_IRQHandler                       0x08000ce9   Thumb Code    22  can2.o(i.CAN2_TX_IRQHandler)
    CAN_ClearFlag                            0x08000d05   Thumb Code    52  stm32f4xx_can.o(i.CAN_ClearFlag)
    CAN_ClearITPendingBit                    0x08000d3d   Thumb Code   162  stm32f4xx_can.o(i.CAN_ClearITPendingBit)
    CAN_DeInit                               0x08000de5   Thumb Code    50  stm32f4xx_can.o(i.CAN_DeInit)
    CAN_FilterInit                           0x08000e1d   Thumb Code   258  stm32f4xx_can.o(i.CAN_FilterInit)
    CAN_GetITStatus                          0x08000f25   Thumb Code   284  stm32f4xx_can.o(i.CAN_GetITStatus)
    CAN_ITConfig                             0x08001045   Thumb Code    18  stm32f4xx_can.o(i.CAN_ITConfig)
    CAN_Init                                 0x08001057   Thumb Code   276  stm32f4xx_can.o(i.CAN_Init)
    CAN_Receive                              0x0800116b   Thumb Code   240  stm32f4xx_can.o(i.CAN_Receive)
    CAN_StructInit                           0x0800125b   Thumb Code    32  stm32f4xx_can.o(i.CAN_StructInit)
    CAN_Transmit                             0x0800127b   Thumb Code   294  stm32f4xx_can.o(i.CAN_Transmit)
    CMControlLoop                            0x080013a1   Thumb Code   952  speedtask.o(i.CMControlLoop)
    CanReceiveMsgProcess                     0x080017d5   Thumb Code   438  canbustask.o(i.CanReceiveMsgProcess)
    CanReceiveMsgProcess1                    0x080019b5   Thumb Code    56  canbustask.o(i.CanReceiveMsgProcess1)
    ChariotRecognition_Mes_Process           0x080019f5   Thumb Code   852  uart1.o(i.ChariotRecognition_Mes_Process)
    Chassis_Motion_Switch                    0x08001db5   Thumb Code   574  freedom_status.o(i.Chassis_Motion_Switch)
    Control_Task                             0x08002055   Thumb Code   106  controltask.o(i.Control_Task)
    ControtLoopTaskInit                      0x080020d1   Thumb Code   150  controltask.o(i.ControtLoopTaskInit)
    DMA_Cmd                                  0x080021b1   Thumb Code    22  stm32f4xx_dma.o(i.DMA_Cmd)
    DMA_DeInit                               0x080021c9   Thumb Code   324  stm32f4xx_dma.o(i.DMA_DeInit)
    DMA_DoubleBufferModeCmd                  0x08002321   Thumb Code    22  stm32f4xx_dma.o(i.DMA_DoubleBufferModeCmd)
    DMA_DoubleBufferModeConfig               0x08002337   Thumb Code    24  stm32f4xx_dma.o(i.DMA_DoubleBufferModeConfig)
    DMA_GetCurrDataCounter                   0x0800234f   Thumb Code     8  stm32f4xx_dma.o(i.DMA_GetCurrDataCounter)
    DMA_GetCurrentMemoryTarget               0x08002357   Thumb Code    20  stm32f4xx_dma.o(i.DMA_GetCurrentMemoryTarget)
    DMA_Init                                 0x0800236d   Thumb Code    82  stm32f4xx_dma.o(i.DMA_Init)
    DMA_StructInit                           0x080023c5   Thumb Code    34  stm32f4xx_dma.o(i.DMA_StructInit)
    DebugMon_Handler                         0x080023e7   Thumb Code     2  stm32f4xx_it.o(i.DebugMon_Handler)
    FloatValueSolveFunction                  0x080023e9   Thumb Code   138  judgingsystemtask.o(i.FloatValueSolveFunction)
    FrictionWheelControl                     0x08002475   Thumb Code    64  shootingtask.o(i.FrictionWheelControl)
    GMPitchControlLoop                       0x080024cd   Thumb Code   744  speedtask.o(i.GMPitchControlLoop)
    GMYawControlLoop                         0x08002829   Thumb Code   634  speedtask.o(i.GMYawControlLoop)
    GPIO_Init                                0x08002b11   Thumb Code   144  stm32f4xx_gpio.o(i.GPIO_Init)
    GPIO_PinAFConfig                         0x08002ba1   Thumb Code    70  stm32f4xx_gpio.o(i.GPIO_PinAFConfig)
    GPIO_SetBits                             0x08002be7   Thumb Code     4  stm32f4xx_gpio.o(i.GPIO_SetBits)
    GPIO_StructInit                          0x08002beb   Thumb Code    18  stm32f4xx_gpio.o(i.GPIO_StructInit)
    GetEncoderBias                           0x08002bfd   Thumb Code    20  encoder.o(i.GetEncoderBias)
    GetWorkState                             0x08002c11   Thumb Code     6  workstate.o(i.GetWorkState)
    Get_CRC16_Check_Sum                      0x08002c1d   Thumb Code    46  crc.o(i.Get_CRC16_Check_Sum)
    Get_CRC8_Check_Sum                       0x08002c51   Thumb Code    30  crc.o(i.Get_CRC8_Check_Sum)
    Get_Time_Micros                          0x08002c75   Thumb Code     8  timer.o(i.Get_Time_Micros)
    GraduallyChangeCMSpeed                   0x08002c7d   Thumb Code   202  speedtask.o(i.GraduallyChangeCMSpeed)
    GunHeart_CalcProcess                     0x08002d69   Thumb Code    14  gunheartandbleed.o(i.GunHeart_CalcProcess)
    HardFault_Handler                        0x08002d7d   Thumb Code     4  stm32f4xx_it.o(i.HardFault_Handler)
    HeatControl_Task                         0x08002d81   Thumb Code    10  shootingtask.o(i.HeatControl_Task)
    MemManage_Handler                        0x08002d95   Thumb Code     4  stm32f4xx_it.o(i.MemManage_Handler)
    Motor_2310_EncoderProcess                0x08002d99   Thumb Code   242  encoder.o(i.Motor_2310_EncoderProcess)
    Motor_3508_EncoderProcess                0x08002ea5   Thumb Code   308  encoder.o(i.Motor_3508_EncoderProcess)
    Motor_6020_EncoderProcess                0x08002ff1   Thumb Code   314  encoder.o(i.Motor_6020_EncoderProcess)
    NMI_Handler                              0x0800313d   Thumb Code     2  stm32f4xx_it.o(i.NMI_Handler)
    NVIC_Init                                0x08003141   Thumb Code   106  misc.o(i.NVIC_Init)
    NVIC_PriorityGroupConfig                 0x080031b9   Thumb Code    10  misc.o(i.NVIC_PriorityGroupConfig)
    PID_Calc                                 0x080031cd   Thumb Code   954  pid.o(i.PID_Calc)
    PID_Reset                                0x08003599   Thumb Code    74  pid.o(i.PID_Reset)
    Parameter_Transformation                 0x080035ed   Thumb Code   150  judgingsystemtask.o(i.Parameter_Transformation)
    PendSV_Handler                           0x0800368d   Thumb Code     2  stm32f4xx_it.o(i.PendSV_Handler)
    Phototube_Configuration                  0x08003691   Thumb Code   126  phototube.o(i.Phototube_Configuration)
    Phototube_Handle                         0x08003719   Thumb Code   228  phototube.o(i.Phototube_Handle)
    RCC_AHB1PeriphClockCmd                   0x08003835   Thumb Code    26  stm32f4xx_rcc.o(i.RCC_AHB1PeriphClockCmd)
    RCC_APB1PeriphClockCmd                   0x08003855   Thumb Code    26  stm32f4xx_rcc.o(i.RCC_APB1PeriphClockCmd)
    RCC_APB1PeriphResetCmd                   0x08003875   Thumb Code    26  stm32f4xx_rcc.o(i.RCC_APB1PeriphResetCmd)
    RCC_APB2PeriphClockCmd                   0x08003895   Thumb Code    26  stm32f4xx_rcc.o(i.RCC_APB2PeriphClockCmd)
    RCC_APB2PeriphResetCmd                   0x080038b5   Thumb Code    26  stm32f4xx_rcc.o(i.RCC_APB2PeriphResetCmd)
    RCC_GetClocksFreq                        0x080038d5   Thumb Code   214  stm32f4xx_rcc.o(i.RCC_GetClocksFreq)
    RampCalc                                 0x080039bd   Thumb Code    50  ramp.o(i.RampCalc)
    RampInit                                 0x080039ef   Thumb Code     2  ramp.o(i.RampInit)
    RampIsOverflow                           0x080039f1   Thumb Code    44  ramp.o(i.RampIsOverflow)
    RampResetCounter                         0x08003a1d   Thumb Code     6  ramp.o(i.RampResetCounter)
    RampSetCounter                           0x08003a23   Thumb Code     4  ramp.o(i.RampSetCounter)
    RampSetScale                             0x08003a27   Thumb Code     4  ramp.o(i.RampSetScale)
    RemoteDataPrcess                         0x08003a2d   Thumb Code   502  remotetask.o(i.RemoteDataPrcess)
    RingBuffer_Read                          0x08003c5d   Thumb Code    50  judgingsystemtask.o(i.RingBuffer_Read)
    RingBuffer_Write                         0x08003c95   Thumb Code    58  judgingsystemtask.o(i.RingBuffer_Write)
    SVC_Handler                              0x08003cd5   Thumb Code     2  stm32f4xx_it.o(i.SVC_Handler)
    Sendtosightway                           0x08003cd9   Thumb Code   258  uart1.o(i.Sendtosightway)
    SetGimbalMotorOutput                     0x08003ded   Thumb Code   114  speedtask.o(i.SetGimbalMotorOutput)
    Set_CM_Speed                             0x08003f61   Thumb Code    92  canbustask.o(i.Set_CM_Speed)
    Set_Gimbal_Current                       0x08003fbd   Thumb Code    84  canbustask.o(i.Set_Gimbal_Current)
    Set_Gimbal_Current1                      0x08004011   Thumb Code    84  canbustask.o(i.Set_Gimbal_Current1)
    ShooterMControlLoop                      0x08004065   Thumb Code   144  speedtask.o(i.ShooterMControlLoop)
    SysTick_Handler                          0x08004121   Thumb Code     2  stm32f4xx_it.o(i.SysTick_Handler)
    SystemInit                               0x08004125   Thumb Code    88  system_stm32f4xx.o(i.SystemInit)
    TIM2_Configuration                       0x0800418d   Thumb Code    60  timer.o(i.TIM2_Configuration)
    TIM2_IRQHandler                          0x080041c9   Thumb Code    30  timer.o(i.TIM2_IRQHandler)
    TIM6_Configuration                       0x080041e9   Thumb Code    70  timer.o(i.TIM6_Configuration)
    TIM6_DAC_IRQHandler                      0x08004235   Thumb Code    44  timer.o(i.TIM6_DAC_IRQHandler)
    TIM6_Start                               0x08004269   Thumb Code    30  timer.o(i.TIM6_Start)
    TIM_ARRPreloadConfig                     0x0800428d   Thumb Code    24  stm32f4xx_tim.o(i.TIM_ARRPreloadConfig)
    TIM_ClearFlag                            0x080042a5   Thumb Code     6  stm32f4xx_tim.o(i.TIM_ClearFlag)
    TIM_ClearITPendingBit                    0x080042ab   Thumb Code     6  stm32f4xx_tim.o(i.TIM_ClearITPendingBit)
    TIM_Cmd                                  0x080042b1   Thumb Code    24  stm32f4xx_tim.o(i.TIM_Cmd)
    TIM_GetITStatus                          0x080042c9   Thumb Code    34  stm32f4xx_tim.o(i.TIM_GetITStatus)
    TIM_ITConfig                             0x080042eb   Thumb Code    18  stm32f4xx_tim.o(i.TIM_ITConfig)
    TIM_TimeBaseInit                         0x080042fd   Thumb Code   104  stm32f4xx_tim.o(i.TIM_TimeBaseInit)
    Transform_Hex_To_Oct                     0x08004381   Thumb Code    86  judgingsystemtask.o(i.Transform_Hex_To_Oct)
    USART1_IRQHandler                        0x080043d9   Thumb Code   166  uart1.o(i.USART1_IRQHandler)
    USART3_Configuration                     0x08004491   Thumb Code   302  usart3.o(i.USART3_Configuration)
    USART3_IRQHandler                        0x080045d5   Thumb Code   164  usart3.o(i.USART3_IRQHandler)
    USART6_IRQHandler                        0x08004689   Thumb Code   566  usart2.o(i.USART6_IRQHandler)
    USART_Cmd                                0x080048f5   Thumb Code    24  stm32f4xx_usart.o(i.USART_Cmd)
    USART_DMACmd                             0x0800490d   Thumb Code    18  stm32f4xx_usart.o(i.USART_DMACmd)
    USART_DeInit                             0x08004921   Thumb Code   206  stm32f4xx_usart.o(i.USART_DeInit)
    USART_GetITStatus                        0x08004a11   Thumb Code    84  stm32f4xx_usart.o(i.USART_GetITStatus)
    USART_ITConfig                           0x08004a65   Thumb Code    74  stm32f4xx_usart.o(i.USART_ITConfig)
    USART_Init                               0x08004ab1   Thumb Code   204  stm32f4xx_usart.o(i.USART_Init)
    USART_SendData                           0x08004b85   Thumb Code     8  stm32f4xx_usart.o(i.USART_SendData)
    USART_StructInit                         0x08004b8d   Thumb Code    24  stm32f4xx_usart.o(i.USART_StructInit)
    UsageFault_Handler                       0x08004ba5   Thumb Code     4  stm32f4xx_it.o(i.UsageFault_Handler)
    WorkStateFSM                             0x08004ba9   Thumb Code   292  workstate.o(i.WorkStateFSM)
    WorkStateSwitchProcess                   0x08004ce9   Thumb Code   460  workstate.o(i.WorkStateSwitchProcess)
    YawFreeRoation                           0x08004ee9   Thumb Code   820  freedom_status.o(i.YawFreeRoation)
    __ARM_fpclassify                         0x08005281   Thumb Code    48  fpclassify.o(i.__ARM_fpclassify)
    __hardfp_exp                             0x080052b1   Thumb Code   714  exp.o(i.__hardfp_exp)
    __hardfp_fabs                            0x08005609   Thumb Code    20  fabs.o(i.__hardfp_fabs)
    __hardfp_ldexp                           0x08005621   Thumb Code   200  ldexp.o(i.__hardfp_ldexp)
    __kernel_poly                            0x080056f1   Thumb Code   248  poly.o(i.__kernel_poly)
    __mathlib_dbl_infnan                     0x080057e9   Thumb Code    20  dunder.o(i.__mathlib_dbl_infnan)
    __mathlib_dbl_overflow                   0x08005801   Thumb Code    24  dunder.o(i.__mathlib_dbl_overflow)
    __mathlib_dbl_underflow                  0x08005821   Thumb Code    24  dunder.o(i.__mathlib_dbl_underflow)
    _sys_exit                                0x08005841   Thumb Code     4  usart2.o(i._sys_exit)
    delay_ms                                 0x08005845   Thumb Code    28  common.o(i.delay_ms)
    delay_us                                 0x08005861   Thumb Code    26  common.o(i.delay_us)
    engineerpower_Init                       0x0800587d   Thumb Code    56  controltask.o(i.engineerpower_Init)
    filter                                   0x080058b9   Thumb Code    64  uart1.o(i.filter)
    getRobotHurt                             0x080058f9   Thumb Code    46  judgingsystemtask.o(i.getRobotHurt)
    getRobotPowerHeat                        0x0800592d   Thumb Code   232  judgingsystemtask.o(i.getRobotPowerHeat)
    getRobotShootData                        0x08005a4d   Thumb Code   146  judgingsystemtask.o(i.getRobotShootData)
    getRobotState                            0x08005aed   Thumb Code    60  judgingsystemtask.o(i.getRobotState)
    main                                     0x08005b2d   Thumb Code    40  main.o(i.main)
    solve_chengfang                          0x08005b55   Thumb Code    72  judgingsystemtask.o(i.solve_chengfang)
    usart1_Init                              0x08005ba1   Thumb Code   344  uart1.o(i.usart1_Init)
    usart2_Init                              0x08005d0d   Thumb Code   306  usart2.o(i.usart2_Init)
    __aeabi_dneg                             0x08005e51   Thumb Code     0  basic.o(x$fpl$basic)
    _dneg                                    0x08005e51   Thumb Code     6  basic.o(x$fpl$basic)
    __aeabi_fneg                             0x08005e57   Thumb Code     0  basic.o(x$fpl$basic)
    _fneg                                    0x08005e57   Thumb Code     6  basic.o(x$fpl$basic)
    _dabs                                    0x08005e5d   Thumb Code     6  basic.o(x$fpl$basic)
    _fabs                                    0x08005e63   Thumb Code     6  basic.o(x$fpl$basic)
    __aeabi_d2f                              0x08005e69   Thumb Code     0  d2f.o(x$fpl$d2f)
    _d2f                                     0x08005e69   Thumb Code    98  d2f.o(x$fpl$d2f)
    __aeabi_dadd                             0x08005ecd   Thumb Code     0  daddsub_clz.o(x$fpl$dadd)
    _dadd                                    0x08005ecd   Thumb Code   332  daddsub_clz.o(x$fpl$dadd)
    __fpl_dcheck_NaN1                        0x0800601d   Thumb Code    10  dcheck1.o(x$fpl$dcheck1)
    __fpl_dcmp_Inf                           0x0800602d   Thumb Code    24  dcmpi.o(x$fpl$dcmpinf)
    __aeabi_ddiv                             0x08006045   Thumb Code     0  ddiv.o(x$fpl$ddiv)
    _ddiv                                    0x08006045   Thumb Code   552  ddiv.o(x$fpl$ddiv)
    __aeabi_cdcmpeq                          0x080062f5   Thumb Code     0  deqf.o(x$fpl$deqf)
    _dcmpeq                                  0x080062f5   Thumb Code   120  deqf.o(x$fpl$deqf)
    __aeabi_d2iz                             0x0800636d   Thumb Code     0  dfix.o(x$fpl$dfix)
    _dfix                                    0x0800636d   Thumb Code    94  dfix.o(x$fpl$dfix)
    __aeabi_i2d                              0x080063cb   Thumb Code     0  dflt_clz.o(x$fpl$dflt)
    _dflt                                    0x080063cb   Thumb Code    46  dflt_clz.o(x$fpl$dflt)
    __aeabi_ui2d                             0x080063f9   Thumb Code     0  dflt_clz.o(x$fpl$dfltu)
    _dfltu                                   0x080063f9   Thumb Code    38  dflt_clz.o(x$fpl$dfltu)
    __aeabi_cdcmple                          0x08006421   Thumb Code     0  dleqf.o(x$fpl$dleqf)
    _dcmple                                  0x08006421   Thumb Code   120  dleqf.o(x$fpl$dleqf)
    __fpl_dcmple_InfNaN                      0x08006483   Thumb Code     0  dleqf.o(x$fpl$dleqf)
    __aeabi_dmul                             0x08006499   Thumb Code     0  dmul.o(x$fpl$dmul)
    _dmul                                    0x08006499   Thumb Code   332  dmul.o(x$fpl$dmul)
    __fpl_dnaninf                            0x080065ed   Thumb Code   156  dnaninf.o(x$fpl$dnaninf)
    __fpl_dretinf                            0x08006689   Thumb Code    12  dretinf.o(x$fpl$dretinf)
    __aeabi_cdrcmple                         0x08006695   Thumb Code     0  drleqf.o(x$fpl$drleqf)
    _drcmple                                 0x08006695   Thumb Code   108  drleqf.o(x$fpl$drleqf)
    __aeabi_drsub                            0x08006701   Thumb Code     0  daddsub_clz.o(x$fpl$drsb)
    _drsb                                    0x08006701   Thumb Code    22  daddsub_clz.o(x$fpl$drsb)
    __aeabi_dsub                             0x08006719   Thumb Code     0  daddsub_clz.o(x$fpl$dsub)
    _dsub                                    0x08006719   Thumb Code   464  daddsub_clz.o(x$fpl$dsub)
    __aeabi_f2d                              0x080068ed   Thumb Code     0  f2d.o(x$fpl$f2d)
    _f2d                                     0x080068ed   Thumb Code    86  f2d.o(x$fpl$f2d)
    __fpl_fnaninf                            0x08006943   Thumb Code   140  fnaninf.o(x$fpl$fnaninf)
    _fp_init                                 0x080069cf   Thumb Code    10  fpinit.o(x$fpl$fpinit)
    __fplib_config_fpu_vfp                   0x080069d7   Thumb Code     0  fpinit.o(x$fpl$fpinit)
    __fplib_config_pureend_doubles           0x080069d7   Thumb Code     0  fpinit.o(x$fpl$fpinit)
    __fpl_fretinf                            0x080069d9   Thumb Code    10  fretinf.o(x$fpl$fretinf)
    __fpl_return_NaN                         0x080069e3   Thumb Code   100  retnan.o(x$fpl$retnan)
    __ARM_scalbn                             0x08006a47   Thumb Code    92  scalbn.o(x$fpl$scalbn)
    __fpl_cmpreturn                          0x08006aa3   Thumb Code    48  trapv.o(x$fpl$trapveneer)
    __I$use$fp                               0x08006ad2   Number         0  usenofp.o(x$fpl$usenofp)
    CRC8_INIT                                0x08006b00   Data           1  crc.o(.constdata)
    CRC8_TAB                                 0x08006b01   Data         256  crc.o(.constdata)
    wCRC_Table                               0x08006c02   Data         512  crc.o(.constdata)
    Region$$Table$$Base                      0x08006e60   Number         0  anon$$obj.o(Region$$Table)
    Region$$Table$$Limit                     0x08006e80   Number         0  anon$$obj.o(Region$$Table)
    test                                     0x20000010   Data           4  usart3.o(.data)
    a                                        0x20000014   Data           4  usart3.o(.data)
    time_testtt                              0x2000001c   Data           4  timer.o(.data)
    USART1_RX_STA                            0x20000020   Data           2  uart1.o(.data)
    usart1_this_time_rx_len                  0x20000024   Data           4  uart1.o(.data)
    ChariotRecognitionTemp                   0x20000028   Data           6  uart1.o(.data)
    ChariotRecognitionDirection              0x2000002e   Data           4  uart1.o(.data)
    Chariot_Rec_Dir_rotate                   0x20000032   Data           4  uart1.o(.data)
    last_ChariotRecognition_pitch            0x20000038   Data           4  uart1.o(.data)
    ChariotRecognition_pitch                 0x2000003c   Data           4  uart1.o(.data)
    last_ChariotRecognition_yaw              0x20000040   Data           4  uart1.o(.data)
    ChariotRecognition_yaw                   0x20000044   Data           4  uart1.o(.data)
    last_Target_Distance                     0x20000048   Data           2  uart1.o(.data)
    Target_Distance                          0x2000004a   Data           2  uart1.o(.data)
    Dis_Buf_Index                            0x2000004c   Data           1  uart1.o(.data)
    Pitch_Add_Angle                          0x2000004d   Data           1  uart1.o(.data)
    Armor_R_Flag_Before                      0x20000050   Data           4  uart1.o(.data)
    Armor_R_Flag_Behind                      0x20000054   Data           4  uart1.o(.data)
    GM_Rotete_flag_Before                    0x20000058   Data           4  uart1.o(.data)
    GM_Rotete_flag_Behind                    0x2000005c   Data           4  uart1.o(.data)
    Time_count                               0x20000060   Data           4  uart1.o(.data)
    CR_yaw_Angle_Index                       0x20000064   Data           1  uart1.o(.data)
    CR_yaw_Angle_CNT                         0x20000065   Data           1  uart1.o(.data)
    loop_j                                   0x20000066   Data           1  uart1.o(.data)
    friction_wheel_count                     0x2000006c   Data           4  uart1.o(.data)
    kalman_yaw                               0x20000070   Data           4  uart1.o(.data)
    kalman_pitch                             0x20000074   Data           4  uart1.o(.data)
    kalman_yaw_feedforward                   0x20000078   Data           4  uart1.o(.data)
    update_flag                              0x2000007c   Data           1  uart1.o(.data)
    enter_CNT                                0x2000007d   Data           1  uart1.o(.data)
    Last_CameraDetectTarget_Flag             0x20000080   Data           4  uart1.o(.data)
    E_TEST                                   0x20000084   Data           4  uart1.o(.data)
    E_TEST1                                  0x20000088   Data           4  uart1.o(.data)
    E_TEST2                                  0x2000008c   Data           4  uart1.o(.data)
    E_TEST3                                  0x20000090   Data           4  uart1.o(.data)
    camere_count                             0x20000094   Data           4  uart1.o(.data)
    state_distacne                           0x20000098   Data           1  uart1.o(.data)
    __stdout                                 0x2000009c   Data           4  usart2.o(.data)
    CRC8_Ref_Value                           0x200000a0   Data           1  usart2.o(.data)
    CRC8_Solve_Value                         0x200000a1   Data           1  usart2.o(.data)
    CRC16_Ref_Value                          0x200000a2   Data           2  usart2.o(.data)
    CRC16_Solve_Value                        0x200000a4   Data           2  usart2.o(.data)
    data_Length                              0x200000a6   Data           2  usart2.o(.data)
    Tail_Over_Zero_Value                     0x200000a8   Data           2  usart2.o(.data)
    Head_Over_Zero_Value                     0x200000aa   Data           2  usart2.o(.data)
    usart2_this_time_rx_len                  0x200000ac   Data           4  usart2.o(.data)
    friction_wheel_state                     0x200000b0   Data           1  shootingtask.o(.data)
    friction_wheel_state_flag                0x200000b1   Data           1  shootingtask.o(.data)
    FrictionWheel_COUNT                      0x200000b4   Data           4  shootingtask.o(.data)
    Friction_Output_Speed                    0x200000b8   Data           2  shootingtask.o(.data)
    frictionRamp                             0x200000bc   Data          36  shootingtask.o(.data)
    shootState                               0x200000e0   Data           1  shootingtask.o(.data)
    TempShootingFlag                         0x200000e4   Data           4  shootingtask.o(.data)
    Friction_Speed                           0x200000e8   Data           4  shootingtask.o(.data)
    Bullet_Speed_Ref                         0x200000ec   Data           4  shootingtask.o(.data)
    Bullet_Freq_Ref                          0x200000f0   Data           4  shootingtask.o(.data)
    Bullet_17_real_Speed                     0x200000f4   Data           2  shootingtask.o(.data)
    Bullet_Ouput_Freq                        0x200000f6   Data           1  shootingtask.o(.data)
    Gravity_Add_Angle                        0x200000f7   Data           2  shootingtask.o(.data)
    time_tick_2ms                            0x200000fc   Data           4  controltask.o(.data)
    adc_Value                                0x20000100   Data           2  controltask.o(.data)
    Doget_Change_Flag                        0x20000104   Data           4  dogetstate.o(.data)
    Destination_Flag                         0x20000108   Data           4  dogetstate.o(.data)
    last_Random_MotionRange                  0x2000010c   Data           2  dogetstate.o(.data)
    Random_MotionRange                       0x2000010e   Data           2  dogetstate.o(.data)
    Doget_twice                              0x20000110   Data           4  dogetstate.o(.data)
    Random_change_flag                       0x20000114   Data           4  dogetstate.o(.data)
    Random_change__flag_2                    0x20000118   Data           4  dogetstate.o(.data)
    Doget_rego_flag                          0x2000011c   Data           4  dogetstate.o(.data)
    test_ecd                                 0x20000120   Data           4  dogetstate.o(.data)
    YawCurrentPositionSave                   0x20000124   Data           4  freedom_status.o(.data)
    PitchCurrentPositionSave                 0x20000128   Data           4  freedom_status.o(.data)
    DetectTargetFinish_Flag                  0x2000012c   Data           1  freedom_status.o(.data)
    RotationDir_Flag                         0x2000012d   Data           1  freedom_status.o(.data)
    Chassis_Change_Dir_Flag                  0x2000012e   Data           1  freedom_status.o(.data)
    Chassis_Speed_UP_Flag                    0x2000012f   Data           1  freedom_status.o(.data)
    Chassis_Speed_DOWN_Flag                  0x20000130   Data           1  freedom_status.o(.data)
    GimbalRefTest                            0x20000132   Data           2  freedom_status.o(.data)
    YAW_Round_Cnt                            0x20000134   Data           4  freedom_status.o(.data)
    YAW_Angle_YuShu                          0x20000138   Data           2  freedom_status.o(.data)
    Attacked_YAW_Pos_Ref                     0x2000013c   Data           4  freedom_status.o(.data)
    Attacked_YAW_Rotation_Dir                0x20000140   Data           1  freedom_status.o(.data)
    Chassis_Freedom_i                        0x20000141   Data           1  freedom_status.o(.data)
    Yaw_rotate_flag                          0x20000144   Data           4  freedom_status.o(.data)
    pitch_rotate_flag                        0x20000148   Data           4  freedom_status.o(.data)
    count_i                                  0x2000014c   Data           4  freedom_status.o(.data)
    attack_dally_count                       0x20000150   Data           4  freedom_status.o(.data)
    Speed_change                             0x20000154   Data           4  freedom_status.o(.data)
    time_CNT_i                               0x20000158   Data           4  freedom_status.o(.data)
    TimeCount                                0x2000015c   Data           4  freedom_status.o(.data)
    Recognition_YAW_Rotation_Dir             0x20000160   Data           4  freedom_status.o(.data)
    Recognition_YAW_Pos_Ref                  0x20000164   Data           4  freedom_status.o(.data)
    Freedom_Rotation_flag                    0x20000168   Data           4  freedom_status.o(.data)
    Recognition_Delay_count                  0x2000016c   Data           4  freedom_status.o(.data)
    time_track_left                          0x20000170   Data           4  freedom_status.o(.data)
    time_track_left_max                      0x20000174   Data           4  freedom_status.o(.data)
    time_track_right                         0x20000178   Data           4  freedom_status.o(.data)
    time_track_right_max                     0x2000017c   Data           4  freedom_status.o(.data)
    lastPI7_Level                            0x20000180   Data           1  phototube.o(.data)
    PI7_Level                                0x20000181   Data           1  phototube.o(.data)
    lastPC6_Level                            0x20000182   Data           1  phototube.o(.data)
    PC6_Level                                0x20000183   Data           1  phototube.o(.data)
    lastPI6_Level                            0x20000184   Data           1  phototube.o(.data)
    PI6_Level                                0x20000185   Data           1  phototube.o(.data)
    Dir_Change_Flag                          0x20000186   Data           2  phototube.o(.data)
    Phototube_Flag                           0x20000188   Data           4  phototube.o(.data)
    Phototube_Left_Flag                      0x2000018c   Data           1  phototube.o(.data)
    Phototube_Middle_Flag                    0x2000018d   Data           1  phototube.o(.data)
    Phototube_Right_Flag                     0x2000018e   Data           1  phototube.o(.data)
    Phototube_Time_Count_R                   0x20000190   Data           4  phototube.o(.data)
    Phototube_Time_Count_L                   0x20000194   Data           4  phototube.o(.data)
    CMPositionPID                            0x20000198   Data         152  speedtask.o(.data)
    CM1SpeedPID                              0x20000230   Data         152  speedtask.o(.data)
    CM2SpeedPID                              0x200002c8   Data         152  speedtask.o(.data)
    CM3SpeedPID                              0x20000360   Data         152  speedtask.o(.data)
    CM4SpeedPID                              0x200003f8   Data         152  speedtask.o(.data)
    Speed_Offset                             0x20000490   Data         152  speedtask.o(.data)
    GMPPositionPID                           0x20000528   Data         152  speedtask.o(.data)
    GMPPositionPID1                          0x200005c0   Data         152  speedtask.o(.data)
    GMPSpeedPID                              0x20000658   Data         152  speedtask.o(.data)
    GMYPositionPID                           0x200006f0   Data         152  speedtask.o(.data)
    GMYSpeedPID                              0x20000788   Data         152  speedtask.o(.data)
    CM7PositionPID                           0x20000820   Data         152  speedtask.o(.data)
    CM7SpeedPID                              0x200008b8   Data         152  speedtask.o(.data)
    Gyro                                     0x20000950   Data           6  speedtask.o(.data)
    GMPitchRamp                              0x20000958   Data          36  speedtask.o(.data)
    GMYawRamp                                0x2000097c   Data          36  speedtask.o(.data)
    CMRamp                                   0x200009a0   Data          36  speedtask.o(.data)
    GimbalRef                                0x200009c4   Data           8  speedtask.o(.data)
    CM2Ref                                   0x200009cc   Data           4  speedtask.o(.data)
    CMSpeedRate                              0x200009d0   Data           4  speedtask.o(.data)
    Yaw_FeedForward                          0x200009d4   Data           4  speedtask.o(.data)
    Chassis_Position_Ref                     0x200009d8   Data           4  speedtask.o(.data)
    last_Chassis_Temp_Speed                  0x200009dc   Data           4  speedtask.o(.data)
    Chassis_Temp_Speed                       0x200009e0   Data           4  speedtask.o(.data)
    last_Chassis_Temp_Speed_Save             0x200009e4   Data           4  speedtask.o(.data)
    Chassis_Temp_Speed_Save                  0x200009e8   Data           4  speedtask.o(.data)
    Chassis_Speed_Ref                        0x200009ec   Data           4  speedtask.o(.data)
    pitch_POS_Flag                           0x200009f0   Data           1  speedtask.o(.data)
    test1                                    0x200009f4   Data           4  speedtask.o(.data)
    GMY_Previous_Output                      0x200009f8   Data           4  speedtask.o(.data)
    GMY_Previous_Position_ref                0x200009fc   Data           4  speedtask.o(.data)
    GMY_Previous_Position_fdb                0x20000a00   Data           4  speedtask.o(.data)
    CR_yaw_Symbol                            0x20000a04   Data           4  speedtask.o(.data)
    CR_yaw_increment                         0x20000a08   Data           4  speedtask.o(.data)
    CR_Pitch_Symbol                          0x20000a0c   Data           4  speedtask.o(.data)
    CR_Pitch_increment                       0x20000a10   Data           4  speedtask.o(.data)
    Dodeg_STATE_Change                       0x20000a14   Data           4  speedtask.o(.data)
    Last_Dodeg_STATE_Change                  0x20000a18   Data           4  speedtask.o(.data)
    count_temp                               0x20000a1c   Data           2  speedtask.o(.data)
    lastWorkState                            0x20000a1e   Data           1  workstate.o(.data)
    workState                                0x20000a1f   Data           1  workstate.o(.data)
    CameraDetectTarget_Flag                  0x20000a20   Data           1  workstate.o(.data)
    DodgeTarget_Flag                         0x20000a21   Data           1  workstate.o(.data)
    RemoteTest_Flag                          0x20000a22   Data           1  workstate.o(.data)
    Waiting_Flag                             0x20000a23   Data           1  workstate.o(.data)
    Chassis_Power_On_Flag                    0x20000a24   Data           1  workstate.o(.data)
    Attacked_Flag                            0x20000a25   Data           1  workstate.o(.data)
    Freedom_Flag                             0x20000a26   Data           1  workstate.o(.data)
    Waiting_COUNT                            0x20000a28   Data           2  workstate.o(.data)
    GunHeart_Value                           0x20000a2c   Data           2  gunheartandbleed.o(.data)
    Doget_bleed_time                         0x20000a30   Data           4  gunheartandbleed.o(.data)
    Dodeg_Delay_Count                        0x20000a34   Data           4  gunheartandbleed.o(.data)
    Dodeg_Delay__Count_2                     0x20000a38   Data           4  gunheartandbleed.o(.data)
    test_HP                                  0x20000a3c   Data           4  gunheartandbleed.o(.data)
    Count_flag                               0x20000a40   Data           4  gunheartandbleed.o(.data)
    HP_error                                 0x20000a44   Data           4  gunheartandbleed.o(.data)
    HP__error_time_count                     0x20000a48   Data           2  gunheartandbleed.o(.data)
    HP__error_count                          0x20000a4c   Data           4  gunheartandbleed.o(.data)
    Doget_HP_Flag                            0x20000a50   Data           4  gunheartandbleed.o(.data)
    Big_armor_recognition_count              0x20000a54   Data           4  gunheartandbleed.o(.data)
    Big_armor_recognition_flag               0x20000a58   Data           4  gunheartandbleed.o(.data)
    Aerocraft_attack_flag                    0x20000a5c   Data           4  gunheartandbleed.o(.data)
    Aerocraft_flag                           0x20000a60   Data           4  gunheartandbleed.o(.data)
    Aerocraft_doget_count_delay              0x20000a64   Data           4  gunheartandbleed.o(.data)
    Aerocraft_Phototube_flag                 0x20000a68   Data           4  gunheartandbleed.o(.data)
    time_test                                0x20000a6c   Data           4  gunheartandbleed.o(.data)
    robotHurt                                0x20000a70   Data           2  judgingsystemtask.o(.data)
    robotShootData                           0x20000a72   Data           6  judgingsystemtask.o(.data)
    ChassisPower_temp                        0x20000a78   Data           4  judgingsystemtask.o(.data)
    ChassisPower_buffer                      0x20000a7c   Data           4  judgingsystemtask.o(.data)
    chassisPowerBuffer                       0x20000a80   Data           4  judgingsystemtask.o(.data)
    Yaw_encoder                              0x20000a84   Data           4  judgingsystemtask.o(.data)
    Yaw_encoder_s                            0x20000a88   Data           4  judgingsystemtask.o(.data)
    test_power                               0x20000a8c   Data           4  judgingsystemtask.o(.data)
    can_count                                0x20000a90   Data           4  canbustask.o(.data)
    pitch_ecd_bias                           0x20000a94   Data           2  canbustask.o(.data)
    yaw_ecd_bias                             0x20000a96   Data           2  canbustask.o(.data)
    Shooter_17_Heat                          0x20000a98   Data           2  canbustask.o(.data)
    lastRobotHP                              0x20000a9a   Data           2  canbustask.o(.data)
    RobotHP                                  0x20000a9c   Data           2  canbustask.o(.data)
    Hurt_COUNT                               0x20000a9e   Data           2  canbustask.o(.data)
    Amor_ID                                  0x20000aa0   Data           1  canbustask.o(.data)
    system_micrsecond                        0x20000ae0   Data          13  timer.o(.bss)
    shot_frequency_limt                      0x20000aed   Data          13  timer.o(.bss)
    Yaw_Correction                           0x20000afa   Data          13  timer.o(.bss)
    Remote_microsecond                       0x20000b07   Data          13  timer.o(.bss)
    usart1_microsecond                       0x20000b14   Data          13  timer.o(.bss)
    mpu6050_micrsecond                       0x20000b21   Data          13  timer.o(.bss)
    USART1_TX_BUF                            0x20000b30   Data         400  uart1.o(.bss)
    USART1_RX_BUF                            0x20000cc0   Data         400  uart1.o(.bss)
    ChariotRecognition_data                  0x20000e50   Data          24  uart1.o(.bss)
    Distance_buf                             0x20000e68   Data          20  uart1.o(.bss)
    CR_ringBuffer                            0x20000e7c   Data          64  uart1.o(.bss)
    CR_yaw_Angle                             0x20000ebc   Data          80  uart1.o(.bss)
    Sendtosight                              0x20000f0c   Data          10  uart1.o(.bss)
    USART2_DMA1_RX_BUF                       0x20000f16   Data         200  usart2.o(.bss)
    Save_Element_Array                       0x20000fde   Data          30  usart2.o(.bss)
    RC_CtrlData                              0x20000ffc   Data          22  remotetask.o(.bss)
    HP_error__time                           0x20001012   Data         120  gunheartandbleed.o(.bss)
    robotState                               0x2000108a   Data          10  judgingsystemtask.o(.bss)
    robotPowerHeat                           0x20001094   Data          20  judgingsystemtask.o(.bss)
    buffer                                   0x200010a8   Data         108  judgingsystemtask.o(.bss)
    CM1Encoder                               0x20001118   Data          88  canbustask.o(.bss)
    CM2Encoder                               0x20001170   Data          88  canbustask.o(.bss)
    CM3Encoder                               0x200011c8   Data          88  canbustask.o(.bss)
    CM4Encoder                               0x20001220   Data          88  canbustask.o(.bss)
    GMYawEncoder                             0x20001278   Data          88  canbustask.o(.bss)
    GMPitchEncoder                           0x200012d0   Data          88  canbustask.o(.bss)
    CM7Encoder                               0x20001328   Data          88  canbustask.o(.bss)
    __libspace_start                         0x20001380   Data          96  libspace.o(.bss)
    __temporary_stack_top$libspace           0x200013e0   Data           0  libspace.o(.bss)



==============================================================================

Memory Map of the image

  Image Entry point : 0x08000189

  Load Region LR_IROM1 (Base: 0x08000000, Size: 0x00007924, Max: 0x00100000, ABSOLUTE, COMPRESSED[0x00006f78])

    Execution Region ER_IROM1 (Base: 0x08000000, Size: 0x00006e80, Max: 0x00100000, ABSOLUTE)

    Base Addr    Size         Type   Attr      Idx    E Section Name        Object

    0x08000000   0x00000188   Data   RO          332    RESET               startup_stm32f40_41xxx.o
    0x08000188   0x00000008   Code   RO         6199  * !!!main             c_w.l(__main.o)
    0x08000190   0x00000034   Code   RO         6473    !!!scatter          c_w.l(__scatter.o)
    0x080001c4   0x0000005a   Code   RO         6471    !!dczerorl2         c_w.l(__dczerorl2.o)
    0x0800021e   0x00000002   PAD
    0x08000220   0x0000001c   Code   RO         6475    !!handler_zi        c_w.l(__scatter_zi.o)
    0x0800023c   0x00000002   Code   RO         6397    .ARM.Collect$$libinit$$00000000  c_w.l(libinit.o)
    0x0800023e   0x00000004   Code   RO         6276    .ARM.Collect$$libinit$$00000001  c_w.l(libinit2.o)
    0x08000242   0x00000000   Code   RO         6279    .ARM.Collect$$libinit$$00000004  c_w.l(libinit2.o)
    0x08000242   0x00000000   Code   RO         6282    .ARM.Collect$$libinit$$0000000A  c_w.l(libinit2.o)
    0x08000242   0x00000000   Code   RO         6284    .ARM.Collect$$libinit$$0000000C  c_w.l(libinit2.o)
    0x08000242   0x00000000   Code   RO         6286    .ARM.Collect$$libinit$$0000000E  c_w.l(libinit2.o)
    0x08000242   0x00000000   Code   RO         6289    .ARM.Collect$$libinit$$00000011  c_w.l(libinit2.o)
    0x08000242   0x00000000   Code   RO         6291    .ARM.Collect$$libinit$$00000013  c_w.l(libinit2.o)
    0x08000242   0x00000000   Code   RO         6293    .ARM.Collect$$libinit$$00000015  c_w.l(libinit2.o)
    0x08000242   0x00000000   Code   RO         6295    .ARM.Collect$$libinit$$00000017  c_w.l(libinit2.o)
    0x08000242   0x00000000   Code   RO         6297    .ARM.Collect$$libinit$$00000019  c_w.l(libinit2.o)
    0x08000242   0x00000000   Code   RO         6299    .ARM.Collect$$libinit$$0000001B  c_w.l(libinit2.o)
    0x08000242   0x00000000   Code   RO         6301    .ARM.Collect$$libinit$$0000001D  c_w.l(libinit2.o)
    0x08000242   0x00000000   Code   RO         6303    .ARM.Collect$$libinit$$0000001F  c_w.l(libinit2.o)
    0x08000242   0x00000000   Code   RO         6305    .ARM.Collect$$libinit$$00000021  c_w.l(libinit2.o)
    0x08000242   0x00000000   Code   RO         6307    .ARM.Collect$$libinit$$00000023  c_w.l(libinit2.o)
    0x08000242   0x00000000   Code   RO         6309    .ARM.Collect$$libinit$$00000025  c_w.l(libinit2.o)
    0x08000242   0x00000000   Code   RO         6313    .ARM.Collect$$libinit$$0000002C  c_w.l(libinit2.o)
    0x08000242   0x00000000   Code   RO         6315    .ARM.Collect$$libinit$$0000002E  c_w.l(libinit2.o)
    0x08000242   0x00000000   Code   RO         6317    .ARM.Collect$$libinit$$00000030  c_w.l(libinit2.o)
    0x08000242   0x00000000   Code   RO         6319    .ARM.Collect$$libinit$$00000032  c_w.l(libinit2.o)
    0x08000242   0x00000002   Code   RO         6320    .ARM.Collect$$libinit$$00000033  c_w.l(libinit2.o)
    0x08000244   0x00000002   Code   RO         6432    .ARM.Collect$$libshutdown$$00000000  c_w.l(libshutdown.o)
    0x08000246   0x00000000   Code   RO         6438    .ARM.Collect$$libshutdown$$00000002  c_w.l(libshutdown2.o)
    0x08000246   0x00000000   Code   RO         6440    .ARM.Collect$$libshutdown$$00000004  c_w.l(libshutdown2.o)
    0x08000246   0x00000000   Code   RO         6443    .ARM.Collect$$libshutdown$$00000007  c_w.l(libshutdown2.o)
    0x08000246   0x00000000   Code   RO         6446    .ARM.Collect$$libshutdown$$0000000A  c_w.l(libshutdown2.o)
    0x08000246   0x00000000   Code   RO         6448    .ARM.Collect$$libshutdown$$0000000C  c_w.l(libshutdown2.o)
    0x08000246   0x00000000   Code   RO         6451    .ARM.Collect$$libshutdown$$0000000F  c_w.l(libshutdown2.o)
    0x08000246   0x00000002   Code   RO         6452    .ARM.Collect$$libshutdown$$00000010  c_w.l(libshutdown2.o)
    0x08000248   0x00000000   Code   RO         6273    .ARM.Collect$$rtentry$$00000000  c_w.l(__rtentry.o)
    0x08000248   0x00000000   Code   RO         6356    .ARM.Collect$$rtentry$$00000002  c_w.l(__rtentry2.o)
    0x08000248   0x00000006   Code   RO         6368    .ARM.Collect$$rtentry$$00000004  c_w.l(__rtentry4.o)
    0x0800024e   0x00000000   Code   RO         6358    .ARM.Collect$$rtentry$$00000009  c_w.l(__rtentry2.o)
    0x0800024e   0x00000004   Code   RO         6359    .ARM.Collect$$rtentry$$0000000A  c_w.l(__rtentry2.o)
    0x08000252   0x00000000   Code   RO         6361    .ARM.Collect$$rtentry$$0000000C  c_w.l(__rtentry2.o)
    0x08000252   0x00000008   Code   RO         6362    .ARM.Collect$$rtentry$$0000000D  c_w.l(__rtentry2.o)
    0x0800025a   0x00000002   Code   RO         6402    .ARM.Collect$$rtexit$$00000000  c_w.l(rtexit.o)
    0x0800025c   0x00000000   Code   RO         6414    .ARM.Collect$$rtexit$$00000002  c_w.l(rtexit2.o)
    0x0800025c   0x00000004   Code   RO         6415    .ARM.Collect$$rtexit$$00000003  c_w.l(rtexit2.o)
    0x08000260   0x00000006   Code   RO         6416    .ARM.Collect$$rtexit$$00000004  c_w.l(rtexit2.o)
    0x08000266   0x00000002   PAD
    0x08000268   0x00000040   Code   RO          333    .text               startup_stm32f40_41xxx.o
    0x080002a8   0x00000002   Code   RO         6188    .text               c_w.l(use_no_semi_2.o)
    0x080002aa   0x00000064   Code   RO         6195    .text               c_w.l(rt_memcpy_w.o)
    0x0800030e   0x00000006   Code   RO         6197    .text               c_w.l(heapauxi.o)
    0x08000314   0x00000002   Code   RO         6271    .text               c_w.l(use_no_semi.o)
    0x08000316   0x00000016   Code   RO         6274    .text               c_w.l(_rserrno.o)
    0x0800032c   0x00000008   Code   RO         6373    .text               c_w.l(rt_errno_addr_intlibspace.o)
    0x08000334   0x00000008   Code   RO         6381    .text               c_w.l(libspace.o)
    0x0800033c   0x0000004a   Code   RO         6384    .text               c_w.l(sys_stackheap_outer.o)
    0x08000386   0x00000012   Code   RO         6386    .text               c_w.l(exit.o)
    0x08000398   0x00000260   Code   RO         5758    i.Attacked_Monitor  gunheartandbleed.o
    0x080005f8   0x00000034   Code   RO         5135    i.BSP_Init          bsp.o
    0x0800062c   0x000002cc   Code   RO         5759    i.Bleed_Monitor     gunheartandbleed.o
    0x080008f8   0x00000080   Code   RO         5453    i.BoLunMotorControl  shootingtask.o
    0x08000978   0x000000b8   Code   RO         5760    i.BulletSpeed_Monitor  gunheartandbleed.o
    0x08000a30   0x00000004   Code   RO          261    i.BusFault_Handler  stm32f4xx_it.o
    0x08000a34   0x00000110   Code   RO         5155    i.CAN1_Configuration  can1.o
    0x08000b44   0x0000003c   Code   RO         5156    i.CAN1_RX0_IRQHandler  can1.o
    0x08000b80   0x0000001c   Code   RO         5157    i.CAN1_TX_IRQHandler  can1.o
    0x08000b9c   0x00000110   Code   RO         5392    i.CAN2_Configuration  can2.o
    0x08000cac   0x0000003c   Code   RO         5393    i.CAN2_RX0_IRQHandler  can2.o
    0x08000ce8   0x0000001c   Code   RO         5394    i.CAN2_TX_IRQHandler  can2.o
    0x08000d04   0x00000038   Code   RO          652    i.CAN_ClearFlag     stm32f4xx_can.o
    0x08000d3c   0x000000a8   Code   RO          653    i.CAN_ClearITPendingBit  stm32f4xx_can.o
    0x08000de4   0x00000038   Code   RO          655    i.CAN_DeInit        stm32f4xx_can.o
    0x08000e1c   0x00000108   Code   RO          657    i.CAN_FilterInit    stm32f4xx_can.o
    0x08000f24   0x00000120   Code   RO          659    i.CAN_GetITStatus   stm32f4xx_can.o
    0x08001044   0x00000012   Code   RO          663    i.CAN_ITConfig      stm32f4xx_can.o
    0x08001056   0x00000114   Code   RO          664    i.CAN_Init          stm32f4xx_can.o
    0x0800116a   0x000000f0   Code   RO          667    i.CAN_Receive       stm32f4xx_can.o
    0x0800125a   0x00000020   Code   RO          670    i.CAN_StructInit    stm32f4xx_can.o
    0x0800127a   0x00000126   Code   RO          672    i.CAN_Transmit      stm32f4xx_can.o
    0x080013a0   0x00000434   Code   RO         5652    i.CMControlLoop     speedtask.o
    0x080017d4   0x000001e0   Code   RO         6087    i.CanReceiveMsgProcess  canbustask.o
    0x080019b4   0x00000040   Code   RO         6088    i.CanReceiveMsgProcess1  canbustask.o
    0x080019f4   0x000003c0   Code   RO         5270    i.ChariotRecognition_Mes_Process  uart1.o
    0x08001db4   0x0000028c   Code   RO         5572    i.Chassis_Motion_Switch  freedom_status.o
    0x08002040   0x00000012   Code   RO          675    i.CheckITStatus     stm32f4xx_can.o
    0x08002052   0x00000002   PAD
    0x08002054   0x0000007c   Code   RO         5491    i.Control_Task      controltask.o
    0x080020d0   0x000000e0   Code   RO         5492    i.ControtLoopTaskInit  controltask.o
    0x080021b0   0x00000016   Code   RO         1354    i.DMA_Cmd           stm32f4xx_dma.o
    0x080021c6   0x00000002   PAD
    0x080021c8   0x00000158   Code   RO         1355    i.DMA_DeInit        stm32f4xx_dma.o
    0x08002320   0x00000016   Code   RO         1356    i.DMA_DoubleBufferModeCmd  stm32f4xx_dma.o
    0x08002336   0x00000018   Code   RO         1357    i.DMA_DoubleBufferModeConfig  stm32f4xx_dma.o
    0x0800234e   0x00000008   Code   RO         1360    i.DMA_GetCurrDataCounter  stm32f4xx_dma.o
    0x08002356   0x00000014   Code   RO         1361    i.DMA_GetCurrentMemoryTarget  stm32f4xx_dma.o
    0x0800236a   0x00000002   PAD
    0x0800236c   0x00000058   Code   RO         1366    i.DMA_Init          stm32f4xx_dma.o
    0x080023c4   0x00000022   Code   RO         1370    i.DMA_StructInit    stm32f4xx_dma.o
    0x080023e6   0x00000002   Code   RO          262    i.DebugMon_Handler  stm32f4xx_it.o
    0x080023e8   0x0000008a   Code   RO         5809    i.FloatValueSolveFunction  judgingsystemtask.o
    0x08002472   0x00000002   PAD
    0x08002474   0x00000058   Code   RO         5454    i.FrictionWheelControl  shootingtask.o
    0x080024cc   0x0000035c   Code   RO         5653    i.GMPitchControlLoop  speedtask.o
    0x08002828   0x000002e8   Code   RO         5654    i.GMYawControlLoop  speedtask.o
    0x08002b10   0x00000090   Code   RO         2088    i.GPIO_Init         stm32f4xx_gpio.o
    0x08002ba0   0x00000046   Code   RO         2089    i.GPIO_PinAFConfig  stm32f4xx_gpio.o
    0x08002be6   0x00000004   Code   RO         2096    i.GPIO_SetBits      stm32f4xx_gpio.o
    0x08002bea   0x00000012   Code   RO         2097    i.GPIO_StructInit   stm32f4xx_gpio.o
    0x08002bfc   0x00000014   Code   RO         6144    i.GetEncoderBias    encoder.o
    0x08002c10   0x0000000c   Code   RO         5708    i.GetWorkState      workstate.o
    0x08002c1c   0x00000034   Code   RO         5911    i.Get_CRC16_Check_Sum  crc.o
    0x08002c50   0x00000024   Code   RO         5912    i.Get_CRC8_Check_Sum  crc.o
    0x08002c74   0x00000008   Code   RO         5187    i.Get_Time_Micros   timer.o
    0x08002c7c   0x000000ec   Code   RO         5655    i.GraduallyChangeCMSpeed  speedtask.o
    0x08002d68   0x00000014   Code   RO         5761    i.GunHeart_CalcProcess  gunheartandbleed.o
    0x08002d7c   0x00000004   Code   RO          263    i.HardFault_Handler  stm32f4xx_it.o
    0x08002d80   0x00000014   Code   RO         5455    i.HeatControl_Task  shootingtask.o
    0x08002d94   0x00000004   Code   RO          264    i.MemManage_Handler  stm32f4xx_it.o
    0x08002d98   0x0000010c   Code   RO         6145    i.Motor_2310_EncoderProcess  encoder.o
    0x08002ea4   0x0000014c   Code   RO         6146    i.Motor_3508_EncoderProcess  encoder.o
    0x08002ff0   0x0000014c   Code   RO         6147    i.Motor_6020_EncoderProcess  encoder.o
    0x0800313c   0x00000002   Code   RO          265    i.NMI_Handler       stm32f4xx_it.o
    0x0800313e   0x00000002   PAD
    0x08003140   0x00000078   Code   RO          339    i.NVIC_Init         misc.o
    0x080031b8   0x00000014   Code   RO          340    i.NVIC_PriorityGroupConfig  misc.o
    0x080031cc   0x000003cc   Code   RO         5997    i.PID_Calc          pid.o
    0x08003598   0x00000054   Code   RO         5998    i.PID_Reset         pid.o
    0x080035ec   0x000000a0   Code   RO         5810    i.Parameter_Transformation  judgingsystemtask.o
    0x0800368c   0x00000002   Code   RO          266    i.PendSV_Handler    stm32f4xx_it.o
    0x0800368e   0x00000002   PAD
    0x08003690   0x00000088   Code   RO         5607    i.Phototube_Configuration  phototube.o
    0x08003718   0x0000011c   Code   RO         5608    i.Phototube_Handle  phototube.o
    0x08003834   0x00000020   Code   RO         2952    i.RCC_AHB1PeriphClockCmd  stm32f4xx_rcc.o
    0x08003854   0x00000020   Code   RO         2961    i.RCC_APB1PeriphClockCmd  stm32f4xx_rcc.o
    0x08003874   0x00000020   Code   RO         2963    i.RCC_APB1PeriphResetCmd  stm32f4xx_rcc.o
    0x08003894   0x00000020   Code   RO         2964    i.RCC_APB2PeriphClockCmd  stm32f4xx_rcc.o
    0x080038b4   0x00000020   Code   RO         2966    i.RCC_APB2PeriphResetCmd  stm32f4xx_rcc.o
    0x080038d4   0x000000e8   Code   RO         2973    i.RCC_GetClocksFreq  stm32f4xx_rcc.o
    0x080039bc   0x00000032   Code   RO         6037    i.RampCalc          ramp.o
    0x080039ee   0x00000002   Code   RO         6038    i.RampInit          ramp.o
    0x080039f0   0x0000002c   Code   RO         6039    i.RampIsOverflow    ramp.o
    0x08003a1c   0x00000006   Code   RO         6040    i.RampResetCounter  ramp.o
    0x08003a22   0x00000004   Code   RO         6041    i.RampSetCounter    ramp.o
    0x08003a26   0x00000004   Code   RO         6042    i.RampSetScale      ramp.o
    0x08003a2a   0x00000002   PAD
    0x08003a2c   0x00000230   Code   RO         5427    i.RemoteDataPrcess  remotetask.o
    0x08003c5c   0x00000038   Code   RO         5811    i.RingBuffer_Read   judgingsystemtask.o
    0x08003c94   0x00000040   Code   RO         5812    i.RingBuffer_Write  judgingsystemtask.o
    0x08003cd4   0x00000002   Code   RO          267    i.SVC_Handler       stm32f4xx_it.o
    0x08003cd6   0x00000002   PAD
    0x08003cd8   0x00000114   Code   RO         5272    i.Sendtosightway    uart1.o
    0x08003dec   0x00000088   Code   RO         5656    i.SetGimbalMotorOutput  speedtask.o
    0x08003e74   0x000000ec   Code   RO            3    i.SetSysClock       system_stm32f4xx.o
    0x08003f60   0x0000005c   Code   RO         6089    i.Set_CM_Speed      canbustask.o
    0x08003fbc   0x00000054   Code   RO         6091    i.Set_Gimbal_Current  canbustask.o
    0x08004010   0x00000054   Code   RO         6092    i.Set_Gimbal_Current1  canbustask.o
    0x08004064   0x000000bc   Code   RO         5657    i.ShooterMControlLoop  speedtask.o
    0x08004120   0x00000002   Code   RO          268    i.SysTick_Handler   stm32f4xx_it.o
    0x08004122   0x00000002   PAD
    0x08004124   0x00000068   Code   RO            5    i.SystemInit        system_stm32f4xx.o
    0x0800418c   0x0000003c   Code   RO         5188    i.TIM2_Configuration  timer.o
    0x080041c8   0x0000001e   Code   RO         5189    i.TIM2_IRQHandler   timer.o
    0x080041e6   0x00000002   PAD
    0x080041e8   0x0000004c   Code   RO         5190    i.TIM6_Configuration  timer.o
    0x08004234   0x00000034   Code   RO         5191    i.TIM6_DAC_IRQHandler  timer.o
    0x08004268   0x00000024   Code   RO         5192    i.TIM6_Start        timer.o
    0x0800428c   0x00000018   Code   RO         4287    i.TIM_ARRPreloadConfig  stm32f4xx_tim.o
    0x080042a4   0x00000006   Code   RO         4293    i.TIM_ClearFlag     stm32f4xx_tim.o
    0x080042aa   0x00000006   Code   RO         4294    i.TIM_ClearITPendingBit  stm32f4xx_tim.o
    0x080042b0   0x00000018   Code   RO         4299    i.TIM_Cmd           stm32f4xx_tim.o
    0x080042c8   0x00000022   Code   RO         4320    i.TIM_GetITStatus   stm32f4xx_tim.o
    0x080042ea   0x00000012   Code   RO         4324    i.TIM_ITConfig      stm32f4xx_tim.o
    0x080042fc   0x00000084   Code   RO         4371    i.TIM_TimeBaseInit  stm32f4xx_tim.o
    0x08004380   0x00000056   Code   RO         5813    i.Transform_Hex_To_Oct  judgingsystemtask.o
    0x080043d6   0x00000002   PAD
    0x080043d8   0x000000b8   Code   RO         5274    i.USART1_IRQHandler  uart1.o
    0x08004490   0x00000144   Code   RO         5095    i.USART3_Configuration  usart3.o
    0x080045d4   0x000000b4   Code   RO         5096    i.USART3_IRQHandler  usart3.o
    0x08004688   0x0000026c   Code   RO         5342    i.USART6_IRQHandler  usart2.o
    0x080048f4   0x00000018   Code   RO         4849    i.USART_Cmd         stm32f4xx_usart.o
    0x0800490c   0x00000012   Code   RO         4850    i.USART_DMACmd      stm32f4xx_usart.o
    0x0800491e   0x00000002   PAD
    0x08004920   0x000000f0   Code   RO         4851    i.USART_DeInit      stm32f4xx_usart.o
    0x08004a10   0x00000054   Code   RO         4853    i.USART_GetITStatus  stm32f4xx_usart.o
    0x08004a64   0x0000004a   Code   RO         4855    i.USART_ITConfig    stm32f4xx_usart.o
    0x08004aae   0x00000002   PAD
    0x08004ab0   0x000000d4   Code   RO         4856    i.USART_Init        stm32f4xx_usart.o
    0x08004b84   0x00000008   Code   RO         4866    i.USART_SendData    stm32f4xx_usart.o
    0x08004b8c   0x00000018   Code   RO         4872    i.USART_StructInit  stm32f4xx_usart.o
    0x08004ba4   0x00000004   Code   RO          269    i.UsageFault_Handler  stm32f4xx_it.o
    0x08004ba8   0x00000140   Code   RO         5711    i.WorkStateFSM      workstate.o
    0x08004ce8   0x00000200   Code   RO         5712    i.WorkStateSwitchProcess  workstate.o
    0x08004ee8   0x00000398   Code   RO         5573    i.YawFreeRoation    freedom_status.o
    0x08005280   0x00000030   Code   RO         6350    i.__ARM_fpclassify  m_wm.l(fpclassify.o)
    0x080052b0   0x00000358   Code   RO         6235    i.__hardfp_exp      m_wm.l(exp.o)
    0x08005608   0x00000014   Code   RO         6249    i.__hardfp_fabs     m_wm.l(fabs.o)
    0x0800561c   0x00000004   PAD
    0x08005620   0x000000d0   Code   RO         6255    i.__hardfp_ldexp    m_wm.l(ldexp.o)
    0x080056f0   0x000000f8   Code   RO         6352    i.__kernel_poly     m_wm.l(poly.o)
    0x080057e8   0x00000014   Code   RO         6337    i.__mathlib_dbl_infnan  m_wm.l(dunder.o)
    0x080057fc   0x00000004   PAD
    0x08005800   0x00000020   Code   RO         6340    i.__mathlib_dbl_overflow  m_wm.l(dunder.o)
    0x08005820   0x00000020   Code   RO         6342    i.__mathlib_dbl_underflow  m_wm.l(dunder.o)
    0x08005840   0x00000004   Code   RO         5343    i._sys_exit         usart2.o
    0x08005844   0x0000001c   Code   RO         5889    i.delay_ms          common.o
    0x08005860   0x0000001a   Code   RO         5890    i.delay_us          common.o
    0x0800587a   0x00000002   PAD
    0x0800587c   0x0000003c   Code   RO         5493    i.engineerpower_Init  controltask.o
    0x080058b8   0x00000040   Code   RO         5275    i.filter            uart1.o
    0x080058f8   0x00000034   Code   RO         5814    i.getRobotHurt      judgingsystemtask.o
    0x0800592c   0x00000120   Code   RO         5815    i.getRobotPowerHeat  judgingsystemtask.o
    0x08005a4c   0x000000a0   Code   RO         5816    i.getRobotShootData  judgingsystemtask.o
    0x08005aec   0x00000040   Code   RO         5817    i.getRobotState     judgingsystemtask.o
    0x08005b2c   0x00000028   Code   RO          143    i.main              main.o
    0x08005b54   0x0000004c   Code   RO         5818    i.solve_chengfang   judgingsystemtask.o
    0x08005ba0   0x0000016c   Code   RO         5276    i.usart1_Init       uart1.o
    0x08005d0c   0x00000144   Code   RO         5345    i.usart2_Init       usart2.o
    0x08005e50   0x00000018   Code   RO         6201    x$fpl$basic         fz_wm.l(basic.o)
    0x08005e68   0x00000062   Code   RO         6203    x$fpl$d2f           fz_wm.l(d2f.o)
    0x08005eca   0x00000002   PAD
    0x08005ecc   0x00000150   Code   RO         6205    x$fpl$dadd          fz_wm.l(daddsub_clz.o)
    0x0800601c   0x00000010   Code   RO         6377    x$fpl$dcheck1       fz_wm.l(dcheck1.o)
    0x0800602c   0x00000018   Code   RO         6321    x$fpl$dcmpinf       fz_wm.l(dcmpi.o)
    0x08006044   0x000002b0   Code   RO         6212    x$fpl$ddiv          fz_wm.l(ddiv.o)
    0x080062f4   0x00000078   Code   RO         6215    x$fpl$deqf          fz_wm.l(deqf.o)
    0x0800636c   0x0000005e   Code   RO         6217    x$fpl$dfix          fz_wm.l(dfix.o)
    0x080063ca   0x0000002e   Code   RO         6222    x$fpl$dflt          fz_wm.l(dflt_clz.o)
    0x080063f8   0x00000026   Code   RO         6221    x$fpl$dfltu         fz_wm.l(dflt_clz.o)
    0x0800641e   0x00000002   PAD
    0x08006420   0x00000078   Code   RO         6227    x$fpl$dleqf         fz_wm.l(dleqf.o)
    0x08006498   0x00000154   Code   RO         6229    x$fpl$dmul          fz_wm.l(dmul.o)
    0x080065ec   0x0000009c   Code   RO         6323    x$fpl$dnaninf       fz_wm.l(dnaninf.o)
    0x08006688   0x0000000c   Code   RO         6325    x$fpl$dretinf       fz_wm.l(dretinf.o)
    0x08006694   0x0000006c   Code   RO         6231    x$fpl$drleqf        fz_wm.l(drleqf.o)
    0x08006700   0x00000016   Code   RO         6206    x$fpl$drsb          fz_wm.l(daddsub_clz.o)
    0x08006716   0x00000002   PAD
    0x08006718   0x000001d4   Code   RO         6207    x$fpl$dsub          fz_wm.l(daddsub_clz.o)
    0x080068ec   0x00000056   Code   RO         6233    x$fpl$f2d           fz_wm.l(f2d.o)
    0x08006942   0x0000008c   Code   RO         6327    x$fpl$fnaninf       fz_wm.l(fnaninf.o)
    0x080069ce   0x0000000a   Code   RO         6379    x$fpl$fpinit        fz_wm.l(fpinit.o)
    0x080069d8   0x0000000a   Code   RO         6329    x$fpl$fretinf       fz_wm.l(fretinf.o)
    0x080069e2   0x00000064   Code   RO         6398    x$fpl$retnan        fz_wm.l(retnan.o)
    0x08006a46   0x0000005c   Code   RO         6333    x$fpl$scalbn        fz_wm.l(scalbn.o)
    0x08006aa2   0x00000030   Code   RO         6410    x$fpl$trapveneer    fz_wm.l(trapv.o)
    0x08006ad2   0x00000000   Code   RO         6335    x$fpl$usenofp       fz_wm.l(usenofp.o)
    0x08006ad2   0x00000002   PAD
    0x08006ad4   0x0000002c   Data   RO         5820    .constdata          judgingsystemtask.o
    0x08006b00   0x00000302   Data   RO         5915    .constdata          crc.o
    0x08006e02   0x00000006   PAD
    0x08006e08   0x00000058   Data   RO         6238    .constdata          m_wm.l(exp.o)
    0x08006e60   0x00000020   Data   RO         6469    Region$$Table       anon$$obj.o


    Execution Region RW_IRAM1 (Base: 0x20000000, Size: 0x000019e0, Max: 0x00020000, ABSOLUTE, COMPRESSED[0x000000f8])

    Base Addr    Size         Type   Attr      Idx    E Section Name        Object

    0x20000000   0x00000010   Data   RW         3005    .data               stm32f4xx_rcc.o
    0x20000010   0x0000000c   Data   RW         5098    .data               usart3.o
    0x2000001c   0x00000004   Data   RW         5194    .data               timer.o
    0x20000020   0x00000079   Data   RW         5278    .data               uart1.o
    0x20000099   0x00000003   PAD
    0x2000009c   0x00000014   Data   RW         5347    .data               usart2.o
    0x200000b0   0x00000049   Data   RW         5456    .data               shootingtask.o
    0x200000f9   0x00000003   PAD
    0x200000fc   0x00000006   Data   RW         5494    .data               controltask.o
    0x20000102   0x00000002   PAD
    0x20000104   0x00000020   Data   RW         5533    .data               dogetstate.o
    0x20000124   0x0000005c   Data   RW         5574    .data               freedom_status.o
    0x20000180   0x00000018   Data   RW         5609    .data               phototube.o
    0x20000198   0x00000886   Data   RW         5658    .data               speedtask.o
    0x20000a1e   0x0000000c   Data   RW         5713    .data               workstate.o
    0x20000a2a   0x00000002   PAD
    0x20000a2c   0x00000044   Data   RW         5764    .data               gunheartandbleed.o
    0x20000a70   0x00000020   Data   RW         5821    .data               judgingsystemtask.o
    0x20000a90   0x00000011   Data   RW         6094    .data               canbustask.o
    0x20000aa1   0x00000003   PAD
    0x20000aa4   0x0000003c   Zero   RW         5097    .bss                usart3.o
    0x20000ae0   0x0000004e   Zero   RW         5193    .bss                timer.o
    0x20000b2e   0x00000002   PAD
    0x20000b30   0x000003e6   Zero   RW         5277    .bss                uart1.o
    0x20000f16   0x000000e6   Zero   RW         5346    .bss                usart2.o
    0x20000ffc   0x00000016   Zero   RW         5428    .bss                remotetask.o
    0x20001012   0x00000078   Zero   RW         5763    .bss                gunheartandbleed.o
    0x2000108a   0x0000008a   Zero   RW         5819    .bss                judgingsystemtask.o
    0x20001114   0x00000004   PAD
    0x20001118   0x00000268   Zero   RW         6093    .bss                canbustask.o
    0x20001380   0x00000060   Zero   RW         6382    .bss                c_w.l(libspace.o)
    0x200013e0   0x00000200   Zero   RW          331    HEAP                startup_stm32f40_41xxx.o
    0x200015e0   0x00000400   Zero   RW          330    STACK               startup_stm32f40_41xxx.o


==============================================================================

Image component sizes


      Code (inc. data)   RO Data    RW Data    ZI Data      Debug   Object Name

        52          0          0          0          0        475   bsp.o
       360         26          0          0          0       1768   can1.o
       360         26          0          0          0       1768   can2.o
       804         58          0         17        616       5591   canbustask.o
        54          0          0          0          0       1162   common.o
       408         96          0          6          0       1932   controltask.o
        88         12        770          0          0       2604   crc.o
         0          0          0         32          0        630   dogetstate.o
       952         68          0          0          0       3373   encoder.o
      1572        178          0         92          0       3307   freedom_status.o
      1528        188          0         68        120       4114   gunheartandbleed.o
      1144        106         44         32        138       9868   judgingsystemtask.o
        40          0          0          0          0       3741   main.o
       140         24          0          0          0     238815   misc.o
       420         66          0         24          0       2155   phototube.o
      1056         28          0          0          0       1379   pid.o
       110          0          0          0          0       3298   ramp.o
       560         58          0          0         22       2793   remotetask.o
       236         58          0         73          0       3227   shootingtask.o
      3240        450          0       2182          0       8303   speedtask.o
        64         26        392          0       1536        824   startup_stm32f40_41xxx.o
      1710         26          0          0          0       7932   stm32f4xx_can.o
       562         26          0          0          0       5872   stm32f4xx_dma.o
       236          0          0          0          0       2752   stm32f4xx_gpio.o
        26          0          0          0          0       3882   stm32f4xx_it.o
       392         48          0         16          0       5629   stm32f4xx_rcc.o
       244         28          0          0          0       4637   stm32f4xx_tim.o
       684         42          0          0          0       5908   stm32f4xx_usart.o
       340         32          0          0          0      66317   system_stm32f4xx.o
       262         20          0          4         78       3849   timer.o
      1848        164          0        121        998       7251   uart1.o
       948         72          0         20        230       4446   usart2.o
       504         38          0         12         60       1924   usart3.o
       844         96          0         12          0       2978   workstate.o

    ----------------------------------------------------------------------
     21816       2060       1244       2724       3804     424504   Object Totals
         0          0         32          0          0          0   (incl. Generated)
        28          0          6         13          6          0   (incl. Padding)

    ----------------------------------------------------------------------

      Code (inc. data)   RO Data    RW Data    ZI Data      Debug   Library Member Name

        90          0          0          0          0          0   __dczerorl2.o
         8          0          0          0          0         68   __main.o
         0          0          0          0          0          0   __rtentry.o
        12          0          0          0          0          0   __rtentry2.o
         6          0          0          0          0          0   __rtentry4.o
        52          8          0          0          0          0   __scatter.o
        28          0          0          0          0          0   __scatter_zi.o
        22          0          0          0          0        100   _rserrno.o
        18          0          0          0          0         80   exit.o
         6          0          0          0          0        152   heapauxi.o
         2          0          0          0          0          0   libinit.o
         6          0          0          0          0          0   libinit2.o
         2          0          0          0          0          0   libshutdown.o
         2          0          0          0          0          0   libshutdown2.o
         8          4          0          0         96         68   libspace.o
         8          4          0          0          0         68   rt_errno_addr_intlibspace.o
       100          0          0          0          0         80   rt_memcpy_w.o
         2          0          0          0          0          0   rtexit.o
        10          0          0          0          0          0   rtexit2.o
        74          0          0          0          0         80   sys_stackheap_outer.o
         2          0          0          0          0         68   use_no_semi.o
         2          0          0          0          0         68   use_no_semi_2.o
        24          0          0          0          0        164   basic.o
        98          4          0          0          0        140   d2f.o
       826         16          0          0          0        492   daddsub_clz.o
        16          4          0          0          0        116   dcheck1.o
        24          0          0          0          0        116   dcmpi.o
       688        140          0          0          0        256   ddiv.o
       120          4          0          0          0        140   deqf.o
        94          4          0          0          0        140   dfix.o
        84          0          0          0          0        232   dflt_clz.o
       120          4          0          0          0        140   dleqf.o
       340         12          0          0          0        152   dmul.o
       156          4          0          0          0        140   dnaninf.o
        12          0          0          0          0        116   dretinf.o
       108          0          0          0          0        128   drleqf.o
        86          4          0          0          0        132   f2d.o
       140          4          0          0          0        132   fnaninf.o
        10          0          0          0          0        116   fpinit.o
        10          0          0          0          0        116   fretinf.o
       100          0          0          0          0        116   retnan.o
        92          0          0          0          0        116   scalbn.o
        48          0          0          0          0        116   trapv.o
         0          0          0          0          0          0   usenofp.o
        84         16          0          0          0        372   dunder.o
       856        142         88          0          0        288   exp.o
        20          0          0          0          0        124   fabs.o
        48          0          0          0          0        124   fpclassify.o
       208          8          0          0          0        184   ldexp.o
       248          0          0          0          0        152   poly.o

    ----------------------------------------------------------------------
      5140        382         88          0         96       5392   Library Totals
        20          0          0          0          0          0   (incl. Padding)

    ----------------------------------------------------------------------

      Code (inc. data)   RO Data    RW Data    ZI Data      Debug   Library Name

       460         16          0          0         96        832   c_w.l
      3196        200          0          0          0       3316   fz_wm.l
      1464        166         88          0          0       1244   m_wm.l

    ----------------------------------------------------------------------
      5140        382         88          0         96       5392   Library Totals

    ----------------------------------------------------------------------

==============================================================================


      Code (inc. data)   RO Data    RW Data    ZI Data      Debug   

     26956       2442       1332       2724       3900     413984   Grand Totals
     26956       2442       1332        248       3900     413984   ELF Image Totals (compressed)
     26956       2442       1332        248          0          0   ROM Totals

==============================================================================

    Total RO  Size (Code + RO Data)                28288 (  27.63kB)
    Total RW  Size (RW Data + ZI Data)              6624 (   6.47kB)
    Total ROM Size (Code + RO Data + RW Data)      28536 (  27.87kB)

==============================================================================

