<html>
<body>
<pre>
<h1>µVision Build Log</h1>
<h2>Tool Versions:</h2>
IDE-Version: ¶ÃVision V5.24.2.0
Copyright (C) 2017 ARM Ltd and ARM Germany GmbH. All rights reserved.
License Information:   ,   , LIC=CZLX7-ECVSP-CWN2K-Z2GS7-GT95D-QX3K5
 
Tool Versions:
Toolchain:       MDK-ARM Plus  Version: 5.24.1
Toolchain Path:  E:\robot\keil5&pack\ARM\ARMCC\Bin
C Compiler:      Armcc.exe V5.06 update 5 (build 528)
Assembler:       Armasm.exe V5.06 update 5 (build 528)
Linker/Locator:  ArmLink.exe V5.06 update 5 (build 528)
Library Manager: ArmAr.exe V5.06 update 5 (build 528)
Hex Converter:   FromElf.exe V5.06 update 5 (build 528)
CPU DLL:         SARMCM3.DLL V5.24.1
Dialog DLL:      DCM.DLL V1.16.0.0
Target DLL:      Segger\JL2CM3.dll V2.99.26.0
Dialog DLL:      TCM.DLL V1.32.0.0
 
<h2>Project:</h2>
D:\0reborn\2020≈‡—µ\answer1\USER\project1.uvprojx
Project File Date:  01/20/2021

<h2>Output:</h2>
*** Using Compiler 'V5.06 update 5 (build 528)', folder: 'E:\robot\keil5&pack\ARM\ARMCC\Bin'
Build target 'Target 1'
compiling main.c...
..\SYSTEM\LED.h(5): warning:  #1295-D: Deprecated declaration GPIO_INIT - give arg types
  void GPIO_INIT();
..\SYSTEM\LED.h(6): warning:  #1295-D: Deprecated declaration contral - give arg types
  void contral();
..\SYSTEM\LED.h(10): warning:  #1-D: last line of file ends without a newline
  	
..\SYSTEM\TIM.h(6): warning:  #1-D: last line of file ends without a newline
  #endif
..\SYSTEM\PWM.h(5): warning:  #1295-D: Deprecated declaration PWM_LED - give arg types
  void PWM_LED();
..\SYSTEM\PWM.h(8): warning:  #1-D: last line of file ends without a newline
  #endif
..\SYSTEM\USART.h(9): warning:  #1-D: last line of file ends without a newline
  #endif
..\SYSTEM\CAN.h(4): warning:  #1295-D: Deprecated declaration CAN_init - give arg types
  void CAN_init();
..\SYSTEM\CAN.h(8): warning:  #1-D: last line of file ends without a newline
  #endif
main.h(11): warning:  #1295-D: Deprecated declaration main - give arg types
  int main();
main.h(14): warning:  #1-D: last line of file ends without a newline
  #endif
main.c: 11 warnings, 0 errors
linking...
Program Size: Code=3036 RO-data=424 RW-data=52 ZI-data=1668  
".\Objects\project1.axf" - 0 Error(s), 11 Warning(s).

<h2>Software Packages used:</h2>

Package Vendor: Keil
                http://www.keil.com/pack/Keil.STM32F4xx_DFP.2.11.0.pack
                Keil.STM32F4xx_DFP.2.11.0
                STMicroelectronics STM32F4 Series Device Support, Drivers and Examples

<h2>Collection of Component include folders:</h2>
  .\RTE\_Target_1
  E:\robot\keil5&pack\ARM\PACK\Keil\STM32F4xx_DFP\2.11.0\Drivers\CMSIS\Device\ST\STM32F4xx\Include

<h2>Collection of Component Files used:</h2>
Build Time Elapsed:  00:00:04
</pre>
</body>
</html>
