<html>
<body>
<pre>
<h1>礦ision Build Log</h1>
<h2>Tool Versions:</h2>
IDE-Version: μVision V5.14.0.0
Copyright (C) 2015 ARM Ltd and ARM Germany GmbH. All rights reserved.
License Information: byx byx2002, HP Inc., LIC=FYKYW-QGAND-JJR6S-L8BYS-RR77N-PMXAV
 
Tool Versions:
Toolchain:       MDK-ARM Standard  Version: 5.14.0.0
Toolchain Path:  C:\Keil_v5\ARM\ARMCC\Bin
C Compiler:      Armcc.exe V5.05 update 1 (build 106)
Assembler:       Armasm.exe V5.05 update 1 (build 106)
Linker/Locator:  ArmLink.exe V5.05 update 1 (build 106)
Library Manager: ArmAr.exe V5.05 update 1 (build 106)
Hex Converter:   FromElf.exe V5.05 update 1 (build 106)
CPU DLL:         SARMCM3.DLL V5.14.0.0
Dialog DLL:      DCM.DLL V1.13.1.0
Target DLL:      Segger\JL2CM3.dll V2.99.13.0
Dialog DLL:      TCM.DLL V1.14.4.0
 
<h2>Project:</h2>
C:\Users\byx20\Desktop\use\-2022-rm-a-up\Sentry.uvprojx
Project File Date:  07/05/2022

<h2>Output:</h2>
Build target 'Sentry'
compiling main.c...
compiling stm32f4xx_it.c...
compiling bsp.c...
compiling can1.c...
compiling timer.c...
compiling usart1.c...
compiling usart3.c...
BSP\usart3.c(530): warning:  #188-D: enumerated type mixed with another type
                friction_wheel_state_flag = 1; //游戏开始，s1 放到中间，摩擦轮就开
BSP\usart3.c(536): warning:  #188-D: enumerated type mixed with another type
                friction_wheel_state_flag = 0;//关摩擦轮
BSP\usart3.c: 2 warnings, 0 errors
compiling adc.c...
compiling usart6.c...
compiling usart7.c...
BSP\usart7.c(77): warning:  #188-D: enumerated type mixed with another type
                gpio.GPIO_PuPd = GPIO_OType_PP;
BSP\usart7.c(68): warning:  #177-D: variable "dma" was declared but never referenced
                DMA_InitTypeDef dma;
BSP\usart7.c(195): warning:  #223-D: function "Get_CRC8_Check_Sum" declared implicitly
                        CRC8_Solve_Value = Get_CRC8_Check_Sum(Save_Element_Array,4,0xff);
BSP\usart7.c(208): warning:  #223-D: function "Get_CRC16_Check_Sum" declared implicitly
                                        CRC16_Solve_Value = Get_CRC16_Check_Sum(Save_Element_Array,7+data_Length+2-2,0xffff);
BSP\usart7.c: 4 warnings, 0 errors
compiling SpeedTask.c...
compiling ControlTask.c...
compiling WorkState.c...
compiling ShootingTask.c...
TASK\ShootingTask.c(26): warning:  #188-D: enumerated type mixed with another type
  FrictionWheelState_e friction_wheel_state_flag =0;                   //
TASK\ShootingTask.c: 1 warning, 0 errors
compiling GunHeartAndBleed.c...
compiling JudgingSystemTask.c...
TASK\JudgingSystemTask.c(147): warning:  #177-D: variable "shoot_17_frequency" was declared but never referenced
        int shoot_17_frequency = 0;
TASK\JudgingSystemTask.c(184): warning:  #177-D: variable "tempBullet" was declared but never referenced
        int tempBulletData[12],i,tempBullet=0,remain_Bullet;
TASK\JudgingSystemTask.c: 2 warnings, 0 errors
compiling Phototube.c...
compiling Doget_state.c...
TASK\Doget_state.c(41): warning:  #188-D: enumerated type mixed with another type
                        friction_wheel_state_flag =0 ;//摩擦轮打开的标志位
TASK\Doget_state.c: 1 warning, 0 errors
compiling CanBusTask.c...
compiling encoder.c...
compiling RemoteTask.c...
TASK\RemoteTask.c(133): warning:  #188-D: enumerated type mixed with another type
                        friction_wheel_state_flag = 1;
TASK\RemoteTask.c(139): warning:  #188-D: enumerated type mixed with another type
                        friction_wheel_state_flag = 0;
TASK\RemoteTask.c: 2 warnings, 0 errors
compiling common.c...
compiling crc.c...
compiling pid.c...
compiling ramp.c...
compiling kalman.c...
linking...
Program Size: Code=31996 RO-data=1364 RW-data=2920 ZI-data=8224  
FromELF: creating hex file...
".\Objects\Sentry.axf" - 0 Error(s), 12 Warning(s).

<h2>Collection of Component include folders:</h2>
  C:\Users\byx20\Desktop\use\-2022-rm-a-up\RTE
  C:\Keil_v5\ARM\PACK\Keil\STM32F4xx_DFP\2.11.0

<h2>Collection of Component Files used:</h2>
</pre>
</body>
</html>
