<html>
<body>
<pre>
<h1>µVision Build Log</h1>
<h2>Tool Versions:</h2>
IDE-Version: ¦ÌVision V5.14.0.0
Copyright (C) 2015 ARM Ltd and ARM Germany GmbH. All rights reserved.
License Information: byx byx2002, HP Inc., LIC=FYKYW-QGAND-JJR6S-L8BYS-RR77N-PMXAV
 
Tool Versions:
Toolchain:       MDK-ARM Standard  Version: 5.14.0.0
Toolchain Path:  C:\Keil_v5\ARM\ARMCC\Bin
C Compiler:      Armcc.exe V5.05 update 1 (build 106)
Assembler:       Armasm.exe V5.05 update 1 (build 106)
Linker/Locator:  ArmLink.exe V5.05 update 1 (build 106)
Library Manager: ArmAr.exe V5.05 update 1 (build 106)
Hex Converter:   FromElf.exe V5.05 update 1 (build 106)
CPU DLL:         SARMCM3.DLL V5.14.0.0
Dialog DLL:      DCM.DLL V1.13.1.0
Target DLL:      Segger\JL2CM3.dll V2.99.13.0
Dialog DLL:      TCM.DLL V1.14.4.0
 
<h2>Project:</h2>
C:\Users\byx20\Desktop\use\-2022-rm-a-up\Sentry.uvprojx
Project File Date:  07/05/2022

<h2>Output:</h2>
Build target 'Sentry'
compiling JudgingSystemTask.c...
TASK\JudgingSystemTask.c(147): warning:  #177-D: variable "shoot_17_frequency" was declared but never referenced
        int shoot_17_frequency = 0;
TASK\JudgingSystemTask.c(184): warning:  #177-D: variable "tempBullet" was declared but never referenced
        int tempBulletData[12],i,tempBullet=0,remain_Bullet;
TASK\JudgingSystemTask.c: 2 warnings, 0 errors
linking...
Program Size: Code=31772 RO-data=1364 RW-data=2908 ZI-data=8228  
FromELF: creating hex file...
".\Objects\Sentry.axf" - 0 Error(s), 2 Warning(s).

<h2>Collection of Component include folders:</h2>
  C:\Users\byx20\Desktop\use\-2022-rm-a-up\RTE
  C:\Keil_v5\ARM\PACK\Keil\STM32F4xx_DFP\2.11.0

<h2>Collection of Component Files used:</h2>
</pre>
</body>
</html>
