<html>
<body>
<pre>
<h1>µVision Build Log</h1>
<h2>Tool Versions:</h2>
IDE-Version: ¦ÌVision V5.14.0.0
Copyright (C) 2015 ARM Ltd and ARM Germany GmbH. All rights reserved.
License Information: bai bai, bai, LIC=QF82M-XPDIM-JJX6S-LVVBQ-D5AIE-J8THL
 
Tool Versions:
Toolchain:       MDK-ARM Standard  Version: 5.14.0.0
Toolchain Path:  C:\Keil_v5\ARM\ARMCC\Bin
C Compiler:      Armcc.exe V5.05 update 1 (build 106)
Assembler:       Armasm.exe V5.05 update 1 (build 106)
Linker/Locator:  ArmLink.exe V5.05 update 1 (build 106)
Library Manager: ArmAr.exe V5.05 update 1 (build 106)
Hex Converter:   FromElf.exe V5.05 update 1 (build 106)
CPU DLL:         SARMCM3.DLL V5.14.0.0
Dialog DLL:      DCM.DLL V1.13.1.0
Target DLL:      Segger\JL2CM3.dll V2.99.13.0
Dialog DLL:      TCM.DLL V1.14.4.0
 
<h2>Project:</h2>
C:\Users\baiyu\Desktop\RM\use\2022-rm-self-plane\a\Sentry.uvprojx
Project File Date:  05/17/2022

<h2>Output:</h2>
Build target 'Sentry'
compiling ShootingTask.c...
TASK\ShootingTask.c(26): warning:  #188-D: enumerated type mixed with another type
  FrictionWheelState_e friction_wheel_state_flag =0;                   //
TASK\ShootingTask.c: 1 warning, 0 errors
linking...
Program Size: Code=32992 RO-data=1368 RW-data=2884 ZI-data=8228  
FromELF: creating hex file...
".\Objects\Sentry.axf" - 0 Error(s), 1 Warning(s).

<h2>Collection of Component include folders:</h2>
  C:\Users\baiyu\Desktop\RM\use\2022-rm-self-plane\a\RTE
  C:\Keil_v5\ARM\PACK\Keil\STM32F4xx_DFP\2.11.0

<h2>Collection of Component Files used:</h2>
</pre>
</body>
</html>
