<html>
<body>
<pre>
<h1>礦ision Build Log</h1>
<h2>Tool Versions:</h2>
IDE-Version: μVision V5.14.0.0
Copyright (C) 2015 ARM Ltd and ARM Germany GmbH. All rights reserved.
License Information: bai bai, bai, LIC=QF82M-XPDIM-JJX6S-LVVBQ-D5AIE-J8THL
 
Tool Versions:
Toolchain:       MDK-ARM Standard  Version: 5.14.0.0
Toolchain Path:  C:\Keil_v5\ARM\ARMCC\Bin
C Compiler:      Armcc.exe V5.05 update 1 (build 106)
Assembler:       Armasm.exe V5.05 update 1 (build 106)
Linker/Locator:  ArmLink.exe V5.05 update 1 (build 106)
Library Manager: ArmAr.exe V5.05 update 1 (build 106)
Hex Converter:   FromElf.exe V5.05 update 1 (build 106)
CPU DLL:         SARMCM3.DLL V5.14.0.0
Dialog DLL:      DCM.DLL V1.13.1.0
Target DLL:      Segger\JL2CM3.dll V2.99.13.0
Dialog DLL:      TCM.DLL V1.14.4.0
 
<h2>Project:</h2>
C:\Users\baiyu\Desktop\RM\use\2022-rm-self-plane\a\Sentry.uvprojx
Project File Date:  05/20/2022

<h2>Output:</h2>
Build target 'Sentry'
compiling main.c...
compiling stm32f4xx_it.c...
compiling bsp.c...
compiling can1.c...
compiling timer.c...
compiling usart1.c...
compiling usart3.c...
BSP\usart3.c(450): warning:  #188-D: enumerated type mixed with another type
                friction_wheel_state_flag = 1; //游戏开始，s1 放到中间，摩擦轮就开
BSP\usart3.c(456): warning:  #188-D: enumerated type mixed with another type
                friction_wheel_state_flag = 0;//关摩擦轮
BSP\usart3.c(493): warning:  #1-D: last line of file ends without a newline
  }
BSP\usart3.c: 3 warnings, 0 errors
compiling adc.c...
compiling usart6.c...
compiling usart7.c...
BSP\usart7.c(77): warning:  #188-D: enumerated type mixed with another type
                gpio.GPIO_PuPd = GPIO_OType_PP;
BSP\usart7.c(68): warning:  #177-D: variable "dma" was declared but never referenced
                DMA_InitTypeDef dma;
BSP\usart7.c(195): warning:  #223-D: function "Get_CRC8_Check_Sum" declared implicitly
                        CRC8_Solve_Value = Get_CRC8_Check_Sum(Save_Element_Array,4,0xff);
BSP\usart7.c(208): warning:  #223-D: function "Get_CRC16_Check_Sum" declared implicitly
                                        CRC16_Solve_Value = Get_CRC16_Check_Sum(Save_Element_Array,7+data_Length+2-2,0xffff);
BSP\usart7.c: 4 warnings, 0 errors
compiling gpio.c...
compiling SpeedTask.c...
compiling ControlTask.c...
compiling WorkState.c...
compiling ShootingTask.c...
TASK\ShootingTask.c(26): warning:  #188-D: enumerated type mixed with another type
  FrictionWheelState_e friction_wheel_state_flag =0;                   //
TASK\ShootingTask.c: 1 warning, 0 errors
compiling GunHeartAndBleed.c...
compiling JudgingSystemTask.c...
TASK\JudgingSystemTask.c(162): warning:  #177-D: variable "shoot_17_frequency" was declared but never referenced
        int shoot_17_frequency = 0;
TASK\JudgingSystemTask.c: 1 warning, 0 errors
compiling Phototube.c...
compiling Doget_state.c...
TASK\Doget_state.c(41): warning:  #188-D: enumerated type mixed with another type
                        friction_wheel_state_flag =0 ;//摩擦轮打开的标志位
TASK\Doget_state.c: 1 warning, 0 errors
compiling RM_Cilent_UI.c...
compiling CanBusTask.c...
compiling encoder.c...
compiling RemoteTask.c...
TASK\RemoteTask.c(162): warning:  #188-D: enumerated type mixed with another type
                        friction_wheel_state_flag = 1;
TASK\RemoteTask.c(168): warning:  #188-D: enumerated type mixed with another type
                        friction_wheel_state_flag = 0;
TASK\RemoteTask.c(214): warning:  #188-D: enumerated type mixed with another type
                        friction_wheel_state_flag = 1;                  
TASK\RemoteTask.c(41): warning:  #177-D: variable "fliter_num_10HZ" was declared but never referenced
  static const double fliter_num_10HZ[3] = {1.91119706742607f, -0.914975834801434f, 0.000944691843840151};
TASK\RemoteTask.c(42): warning:  #177-D: variable "fliter_num_25HZ" was declared but never referenced
  static const double fliter_num_25HZ[3] = {1.77863177782458f, -0.800802646665708f, 0.00554271721028068f};
TASK\RemoteTask.c: 5 warnings, 0 errors
compiling InputState.c...
compiling common.c...
compiling crc.c...
compiling pid.c...
compiling ramp.c...
compiling kalman.c...
linking...
Program Size: Code=21932 RO-data=1276 RW-data=2912 ZI-data=8112  
FromELF: creating hex file...
".\Objects\Sentry.axf" - 0 Error(s), 15 Warning(s).

<h2>Collection of Component include folders:</h2>
  C:\Users\baiyu\Desktop\RM\use\2022-rm-self-plane\a\RTE
  C:\Keil_v5\ARM\PACK\Keil\STM32F4xx_DFP\2.11.0

<h2>Collection of Component Files used:</h2>
</pre>
</body>
</html>
