<html>
<body>
<pre>
<h1>礦ision Build Log</h1>
<h2>Tool Versions:</h2>
IDE-Version: μVision V5.14.0.0
Copyright (C) 2015 ARM Ltd and ARM Germany GmbH. All rights reserved.
License Information: bai bai, bai, LIC=QF82M-XPDIM-JJX6S-LVVBQ-D5AIE-J8THL
 
Tool Versions:
Toolchain:       MDK-ARM Standard  Version: 5.14.0.0
Toolchain Path:  C:\Keil_v5\ARM\ARMCC\Bin
C Compiler:      Armcc.exe V5.05 update 1 (build 106)
Assembler:       Armasm.exe V5.05 update 1 (build 106)
Linker/Locator:  ArmLink.exe V5.05 update 1 (build 106)
Library Manager: ArmAr.exe V5.05 update 1 (build 106)
Hex Converter:   FromElf.exe V5.05 update 1 (build 106)
CPU DLL:         SARMCM3.DLL V5.14.0.0
Dialog DLL:      DCM.DLL V1.13.1.0
Target DLL:      STLink\ST-LINKIII-KEIL_SWO.dll V2.0.14.0_KEIL
Dialog DLL:      TCM.DLL V1.14.4.0
 
<h2>Project:</h2>
C:\Users\baiyu\Desktop\RM\use\stm32 405例程\USER\project1.uvprojx
Project File Date:  05/07/2022

<h2>Output:</h2>
Rebuild target 'Target 1'
compiling CanBusTask.c...
compiling ControlTask.c...
compiling Doget_state.c...
..\TASK\Doget_state.c(41): warning:  #188-D: enumerated type mixed with another type
                        friction_wheel_state_flag =0 ;//摩擦轮打开的标志位
..\TASK\Doget_state.c: 1 warning, 0 errors
compiling encoder.c...
compiling Freedom_Status.c...
..\TASK\Freedom_Status.c(212): warning:  #111-D: statement is unreachable
                                        GimbalRefTest++;//记录什么
..\TASK\Freedom_Status.c: 1 warning, 0 errors
compiling GunHeartAndBleed.c...
compiling JudgingSystemTask.c...
..\TASK\JudgingSystemTask.c(162): warning:  #177-D: variable "shoot_17_frequency" was declared but never referenced
        int shoot_17_frequency = 0;
..\TASK\JudgingSystemTask.c: 1 warning, 0 errors
compiling Phototube.c...
compiling RemoteTask.c...
..\TASK\RemoteTask.c(129): warning:  #188-D: enumerated type mixed with another type
                        friction_wheel_state_flag = 1;
..\TASK\RemoteTask.c(135): warning:  #188-D: enumerated type mixed with another type
                        friction_wheel_state_flag = 0;
..\TASK\RemoteTask.c: 2 warnings, 0 errors
compiling ShootingTask.c...
..\TASK\ShootingTask.c(26): warning:  #188-D: enumerated type mixed with another type
  FrictionWheelState_e friction_wheel_state_flag =0;                   //
..\TASK\ShootingTask.c: 1 warning, 0 errors
compiling SpeedTask.c...
compiling WorkState.c...
compiling main.c...
compiling stm32f4xx_it.c...
compiling system_stm32f4xx.c...
compiling misc.c...
compiling stm32f4xx_adc.c...
compiling stm32f4xx_can.c...
compiling stm32f4xx_crc.c...
compiling stm32f4xx_cryp.c...
compiling stm32f4xx_cryp_aes.c...
compiling stm32f4xx_cryp_des.c...
compiling stm32f4xx_cryp_tdes.c...
compiling stm32f4xx_dac.c...
compiling stm32f4xx_dbgmcu.c...
compiling stm32f4xx_dcmi.c...
compiling stm32f4xx_dma.c...
compiling stm32f4xx_dma2d.c...
compiling stm32f4xx_exti.c...
compiling stm32f4xx_flash.c...
compiling stm32f4xx_flash_ramfunc.c...
compiling stm32f4xx_fsmc.c...
compiling stm32f4xx_gpio.c...
compiling stm32f4xx_hash.c...
compiling stm32f4xx_hash_md5.c...
compiling stm32f4xx_hash_sha1.c...
compiling stm32f4xx_i2c.c...
compiling stm32f4xx_iwdg.c...
compiling stm32f4xx_ltdc.c...
compiling stm32f4xx_pwr.c...
compiling stm32f4xx_rcc.c...
compiling stm32f4xx_rng.c...
compiling stm32f4xx_rtc.c...
compiling stm32f4xx_sai.c...
compiling stm32f4xx_sdio.c...
compiling stm32f4xx_spi.c...
compiling stm32f4xx_syscfg.c...
compiling stm32f4xx_tim.c...
compiling stm32f4xx_usart.c...
compiling stm32f4xx_wwdg.c...
assembling startup_stm32f40_41xxx.s...
compiling adc.c...
compiling bsp.c...
compiling can1.c...
compiling can2.c...
..\SYSTEM\can2.c(103): warning:  #1-D: last line of file ends without a newline
  }
..\SYSTEM\can2.c: 1 warning, 0 errors
compiling gun.c...
compiling pwm.c...
compiling timer.c...
compiling usart1.c...
compiling usart2.c...
..\SYSTEM\usart2.c(77): warning:  #188-D: enumerated type mixed with another type
                gpio.GPIO_PuPd = GPIO_OType_PP;
..\SYSTEM\usart2.c(68): warning:  #177-D: variable "dma" was declared but never referenced
                DMA_InitTypeDef dma;
..\SYSTEM\usart2.c(195): warning:  #223-D: function "Get_CRC8_Check_Sum" declared implicitly
                        CRC8_Solve_Value = Get_CRC8_Check_Sum(Save_Element_Array,4,0xff);
..\SYSTEM\usart2.c(208): warning:  #223-D: function "Get_CRC16_Check_Sum" declared implicitly
                                        CRC16_Solve_Value = Get_CRC16_Check_Sum(Save_Element_Array,7+data_Length+2-2,0xffff);
..\SYSTEM\usart2.c: 4 warnings, 0 errors
compiling usart3.c...
..\SYSTEM\usart3.c(448): warning:  #188-D: enumerated type mixed with another type
                friction_wheel_state_flag = 1; //游戏开始，s1 放到中间，摩擦轮就开
..\SYSTEM\usart3.c(454): warning:  #188-D: enumerated type mixed with another type
                friction_wheel_state_flag = 0;//关摩擦轮
..\SYSTEM\usart3.c: 2 warnings, 0 errors
compiling usart6.c...
compiling common.c...
compiling crc.c...
compiling kalman.c...
compiling pid.c...
compiling ramp.c...
linking...
Program Size: Code=32748 RO-data=1332 RW-data=2876 ZI-data=4380  
"..\OBJ\project1.axf" - 0 Error(s), 13 Warning(s).

<h2>Collection of Component include folders:</h2>
  C:\Users\baiyu\Desktop\RM\use\stm32 405例程\USER\RTE
  C:\Keil_v5\ARM\PACK\Keil\STM32F4xx_DFP\2.11.0

<h2>Collection of Component Files used:</h2>
</pre>
</body>
</html>
