<html>
<body>
<pre>
<h1>µVision Build Log</h1>
<h2>Tool Versions:</h2>
IDE-Version: ¦ÌVision V5.14.0.0
Copyright (C) 2015 ARM Ltd and ARM Germany GmbH. All rights reserved.
License Information: bai bai, bai, LIC=QF82M-XPDIM-JJX6S-LVVBQ-D5AIE-J8THL
 
Tool Versions:
Toolchain:       MDK-ARM Standard  Version: 5.14.0.0
Toolchain Path:  C:\Keil_v5\ARM\ARMCC\Bin
C Compiler:      Armcc.exe V5.05 update 1 (build 106)
Assembler:       Armasm.exe V5.05 update 1 (build 106)
Linker/Locator:  ArmLink.exe V5.05 update 1 (build 106)
Library Manager: ArmAr.exe V5.05 update 1 (build 106)
Hex Converter:   FromElf.exe V5.05 update 1 (build 106)
CPU DLL:         SARMCM3.DLL V5.14.0.0
Dialog DLL:      DCM.DLL V1.13.1.0
Target DLL:      Segger\JL2CM3.dll V2.99.13.0
Dialog DLL:      TCM.DLL V1.14.4.0
 
<h2>Project:</h2>
C:\Users\baiyu\Desktop\RM\use\-2022-rm-test---\USER\shaobing c.uvprojx
Project File Date:  08/03/2022

<h2>Output:</h2>
Build target 'shaobing c'
compiling system_stm32f4xx.c...
compiling main.c...
compiling stm32f4xx_it.c...
assembling startup_stm32f40_41xxx.s...
compiling misc.c...
compiling stm32f4xx_adc.c...
compiling stm32f4xx_can.c...
compiling stm32f4xx_crc.c...
compiling stm32f4xx_cryp.c...
compiling stm32f4xx_cryp_aes.c...
compiling stm32f4xx_cryp_des.c...
compiling stm32f4xx_cryp_tdes.c...
compiling stm32f4xx_dac.c...
compiling stm32f4xx_dbgmcu.c...
compiling stm32f4xx_dcmi.c...
compiling stm32f4xx_dma.c...
compiling stm32f4xx_dma2d.c...
compiling stm32f4xx_exti.c...
compiling stm32f4xx_flash.c...
compiling stm32f4xx_flash_ramfunc.c...
compiling stm32f4xx_fsmc.c...
compiling stm32f4xx_gpio.c...
compiling stm32f4xx_hash.c...
compiling stm32f4xx_hash_md5.c...
compiling stm32f4xx_hash_sha1.c...
compiling stm32f4xx_i2c.c...
compiling stm32f4xx_iwdg.c...
compiling stm32f4xx_ltdc.c...
compiling stm32f4xx_pwr.c...
compiling stm32f4xx_rcc.c...
compiling stm32f4xx_rng.c...
compiling stm32f4xx_rtc.c...
compiling stm32f4xx_sai.c...
compiling stm32f4xx_sdio.c...
compiling stm32f4xx_spi.c...
compiling stm32f4xx_syscfg.c...
compiling stm32f4xx_tim.c...
compiling stm32f4xx_usart.c...
compiling stm32f4xx_wwdg.c...
compiling usart3.c...
compiling bsp.c...
compiling can1.c...
compiling timer.c...
compiling can2.c...
compiling adc.c...
compiling uart1.c...
compiling usart2.c...
..\BSP\usart2.c(68): warning:  #188-D: enumerated type mixed with another type
                gpio.GPIO_PuPd = GPIO_OType_PP;
..\BSP\usart2.c(59): warning:  #177-D: variable "dma" was declared but never referenced
                DMA_InitTypeDef dma;
..\BSP\usart2.c(186): warning:  #223-D: function "Get_CRC8_Check_Sum" declared implicitly
                        CRC8_Solve_Value = Get_CRC8_Check_Sum(Save_Element_Array,4,0xff);
..\BSP\usart2.c(199): warning:  #223-D: function "Get_CRC16_Check_Sum" declared implicitly
                                        CRC16_Solve_Value = Get_CRC16_Check_Sum(Save_Element_Array,7+data_Length+2-2,0xffff);
..\BSP\usart2.c: 4 warnings, 0 errors
compiling RemoteTask.c...
..\ControlTask\RemoteTask.c(109): warning:  #188-D: enumerated type mixed with another type
                        friction_wheel_state_flag = 1;
..\ControlTask\RemoteTask.c(115): warning:  #188-D: enumerated type mixed with another type
                        friction_wheel_state_flag = 0;
..\ControlTask\RemoteTask.c: 2 warnings, 0 errors
compiling ShootingTask.c...
..\ControlTask\ShootingTask.c(27): warning:  #188-D: enumerated type mixed with another type
  FrictionWheelState_e friction_wheel_state_flag =0;                   //
..\ControlTask\ShootingTask.c: 1 warning, 0 errors
compiling ControlTask.c...
compiling DogetState.c...
compiling Freedom_Status.c...
..\ControlTask\Freedom_Status.c(246): warning:  #111-D: statement is unreachable
                                        GimbalRefTest++;//¼ÇÂ¼Ê²Ã´
..\ControlTask\Freedom_Status.c: 1 warning, 0 errors
compiling Phototube.c...
compiling SpeedTask.c...
compiling WorkState.c...
compiling GunHeartAndBleed.c...
compiling JudgingSystemTask.c...
..\ControlTask\JudgingSystemTask.c(165): warning:  #177-D: variable "shoot_17_frequency" was declared but never referenced
        int shoot_17_frequency = 0;
..\ControlTask\JudgingSystemTask.c: 1 warning, 0 errors
compiling BrakeTask.c...
compiling common.c...
compiling crc.c...
compiling kalman.c...
compiling pid.c...
compiling Ramp.c...
compiling LADRC.c...
..\Common\LADRC.c(84): warning:  #1035-D: single-precision operand implicitly converted to double-precision
    if(Input>1E-6) output=1;
..\Common\LADRC.c: 1 warning, 0 errors
compiling CanBusTask.c...
compiling encoder.c...
linking...
Program Size: Code=32268 RO-data=1676 RW-data=3168 ZI-data=4384  
FromELF: creating hex file...
"..\OBJ\shaobing c.axf" - 0 Error(s), 10 Warning(s).

<h2>Collection of Component include folders:</h2>
  C:\Users\baiyu\Desktop\RM\use\-2022-rm-test---\USER\RTE
  C:\Keil_v5\ARM\PACK\Keil\STM32F4xx_DFP\2.11.0

<h2>Collection of Component Files used:</h2>
</pre>
</body>
</html>
