Component: ARM Compiler 5.05 update 1 (build 106) Tool: armlink [4d0efa]

==============================================================================

Section Cross References

    main.o(i.main) refers to common.o(i.delay_ms) for delay_ms
    main.o(i.main) refers to bsp.o(i.BSP_Init) for BSP_Init
    main.o(i.main) refers to controltask.o(i.engineerpower_Init) for engineerpower_Init
    main.o(i.main) refers to controltask.o(i.ControtLoopTaskInit) for ControtLoopTaskInit
    main.o(i.main) refers to timer.o(i.TIM3_Start) for TIM3_Start
    main.o(i.main) refers to timer.o(i.TIM6_Start) for TIM6_Start
    main.o(i.main) refers to common.o(i.delay_us) for delay_us
    system_stm32f4xx.o(i.SystemCoreClockUpdate) refers to system_stm32f4xx.o(.data) for SystemCoreClock
    system_stm32f4xx.o(i.SystemInit) refers to system_stm32f4xx.o(i.SetSysClock) for SetSysClock
    bsp.o(i.BSP_Init) refers to misc.o(i.NVIC_PriorityGroupConfig) for NVIC_PriorityGroupConfig
    bsp.o(i.BSP_Init) refers to timer.o(i.TIM2_Configuration) for TIM2_Configuration
    bsp.o(i.BSP_Init) refers to timer.o(i.TIM6_Configuration) for TIM6_Configuration
    bsp.o(i.BSP_Init) refers to timer.o(i.TIM3_Configuration) for TIM3_Configuration
    bsp.o(i.BSP_Init) refers to can1.o(i.CAN1_Configuration) for CAN1_Configuration
    bsp.o(i.BSP_Init) refers to can2.o(i.CAN2_Configuration) for CAN2_Configuration
    bsp.o(i.BSP_Init) refers to usart1.o(i.USART1_Configuration) for USART1_Configuration
    bsp.o(i.BSP_Init) refers to usart3.o(i.usart3_Init) for usart3_Init
    bsp.o(i.BSP_Init) refers to usart6.o(i.USART6_Configuration) for USART6_Configuration
    bsp.o(i.BSP_Init) refers to usart7.o(i.usart7_Init) for usart7_Init
    bsp.o(i.BSP_Init) refers to phototube.o(i.Phototube_Configuration) for Phototube_Configuration
    can2.o(i.CAN2_Configuration) refers to stm32f4xx_rcc.o(i.RCC_AHB1PeriphClockCmd) for RCC_AHB1PeriphClockCmd
    can2.o(i.CAN2_Configuration) refers to stm32f4xx_rcc.o(i.RCC_APB1PeriphClockCmd) for RCC_APB1PeriphClockCmd
    can2.o(i.CAN2_Configuration) refers to stm32f4xx_gpio.o(i.GPIO_PinAFConfig) for GPIO_PinAFConfig
    can2.o(i.CAN2_Configuration) refers to stm32f4xx_gpio.o(i.GPIO_Init) for GPIO_Init
    can2.o(i.CAN2_Configuration) refers to stm32f4xx_can.o(i.CAN_DeInit) for CAN_DeInit
    can2.o(i.CAN2_Configuration) refers to stm32f4xx_can.o(i.CAN_StructInit) for CAN_StructInit
    can2.o(i.CAN2_Configuration) refers to stm32f4xx_can.o(i.CAN_Init) for CAN_Init
    can2.o(i.CAN2_Configuration) refers to stm32f4xx_can.o(i.CAN_FilterInit) for CAN_FilterInit
    can2.o(i.CAN2_Configuration) refers to stm32f4xx_can.o(i.CAN_ITConfig) for CAN_ITConfig
    can2.o(i.CAN2_Configuration) refers to misc.o(i.NVIC_Init) for NVIC_Init
    can2.o(i.CAN2_RX0_IRQHandler) refers to stm32f4xx_can.o(i.CAN_GetITStatus) for CAN_GetITStatus
    can2.o(i.CAN2_RX0_IRQHandler) refers to stm32f4xx_can.o(i.CAN_ClearITPendingBit) for CAN_ClearITPendingBit
    can2.o(i.CAN2_RX0_IRQHandler) refers to stm32f4xx_can.o(i.CAN_ClearFlag) for CAN_ClearFlag
    can2.o(i.CAN2_RX0_IRQHandler) refers to stm32f4xx_can.o(i.CAN_Receive) for CAN_Receive
    can2.o(i.CAN2_RX0_IRQHandler) refers to canbustask.o(i.CanReceiveMsgProcess1) for CanReceiveMsgProcess1
    can2.o(i.CAN2_TX_IRQHandler) refers to stm32f4xx_can.o(i.CAN_GetITStatus) for CAN_GetITStatus
    can2.o(i.CAN2_TX_IRQHandler) refers to stm32f4xx_can.o(i.CAN_ClearITPendingBit) for CAN_ClearITPendingBit
    can1.o(i.CAN1_Configuration) refers to stm32f4xx_rcc.o(i.RCC_AHB1PeriphClockCmd) for RCC_AHB1PeriphClockCmd
    can1.o(i.CAN1_Configuration) refers to stm32f4xx_rcc.o(i.RCC_APB1PeriphClockCmd) for RCC_APB1PeriphClockCmd
    can1.o(i.CAN1_Configuration) refers to stm32f4xx_gpio.o(i.GPIO_PinAFConfig) for GPIO_PinAFConfig
    can1.o(i.CAN1_Configuration) refers to stm32f4xx_gpio.o(i.GPIO_Init) for GPIO_Init
    can1.o(i.CAN1_Configuration) refers to stm32f4xx_can.o(i.CAN_DeInit) for CAN_DeInit
    can1.o(i.CAN1_Configuration) refers to stm32f4xx_can.o(i.CAN_StructInit) for CAN_StructInit
    can1.o(i.CAN1_Configuration) refers to stm32f4xx_can.o(i.CAN_Init) for CAN_Init
    can1.o(i.CAN1_Configuration) refers to stm32f4xx_can.o(i.CAN_FilterInit) for CAN_FilterInit
    can1.o(i.CAN1_Configuration) refers to stm32f4xx_can.o(i.CAN_ITConfig) for CAN_ITConfig
    can1.o(i.CAN1_Configuration) refers to misc.o(i.NVIC_Init) for NVIC_Init
    can1.o(i.CAN1_RX0_IRQHandler) refers to stm32f4xx_can.o(i.CAN_GetITStatus) for CAN_GetITStatus
    can1.o(i.CAN1_RX0_IRQHandler) refers to stm32f4xx_can.o(i.CAN_ClearITPendingBit) for CAN_ClearITPendingBit
    can1.o(i.CAN1_RX0_IRQHandler) refers to stm32f4xx_can.o(i.CAN_ClearFlag) for CAN_ClearFlag
    can1.o(i.CAN1_RX0_IRQHandler) refers to stm32f4xx_can.o(i.CAN_Receive) for CAN_Receive
    can1.o(i.CAN1_RX0_IRQHandler) refers to canbustask.o(i.CanReceiveMsgProcess) for CanReceiveMsgProcess
[...]
    __rt_entry_presh_1                       0x08000271   Thumb Code     0  __rtentry2.o(.ARM.Collect$$rtentry$$00000002)
    __rt_entry_sh                            0x08000271   Thumb Code     0  __rtentry4.o(.ARM.Collect$$rtentry$$00000004)
    __rt_entry_li                            0x08000277   Thumb Code     0  __rtentry2.o(.ARM.Collect$$rtentry$$0000000A)
    __rt_entry_postsh_1                      0x08000277   Thumb Code     0  __rtentry2.o(.ARM.Collect$$rtentry$$00000009)
    __rt_entry_main                          0x0800027b   Thumb Code     0  __rtentry2.o(.ARM.Collect$$rtentry$$0000000D)
    __rt_entry_postli_1                      0x0800027b   Thumb Code     0  __rtentry2.o(.ARM.Collect$$rtentry$$0000000C)
    __rt_exit                                0x08000283   Thumb Code     0  rtexit.o(.ARM.Collect$$rtexit$$00000000)
    __rt_exit_ls                             0x08000285   Thumb Code     0  rtexit2.o(.ARM.Collect$$rtexit$$00000003)
    __rt_exit_prels_1                        0x08000285   Thumb Code     0  rtexit2.o(.ARM.Collect$$rtexit$$00000002)
    __rt_exit_exit                           0x08000289   Thumb Code     0  rtexit2.o(.ARM.Collect$$rtexit$$00000004)
    rand                                     0x08000291   Thumb Code    48  rand.o(.emb_text)
    Reset_Handler                            0x080002c5   Thumb Code     8  startup_stm32f427xx.o(.text)
    ADC_IRQHandler                           0x080002df   Thumb Code     0  startup_stm32f427xx.o(.text)
    CAN1_RX1_IRQHandler                      0x080002df   Thumb Code     0  startup_stm32f427xx.o(.text)
    CAN1_SCE_IRQHandler                      0x080002df   Thumb Code     0  startup_stm32f427xx.o(.text)
    CAN2_RX1_IRQHandler                      0x080002df   Thumb Code     0  startup_stm32f427xx.o(.text)
    CAN2_SCE_IRQHandler                      0x080002df   Thumb Code     0  startup_stm32f427xx.o(.text)
    DCMI_IRQHandler                          0x080002df   Thumb Code     0  startup_stm32f427xx.o(.text)
    DMA1_Stream0_IRQHandler                  0x080002df   Thumb Code     0  startup_stm32f427xx.o(.text)
    DMA1_Stream1_IRQHandler                  0x080002df   Thumb Code     0  startup_stm32f427xx.o(.text)
    DMA1_Stream2_IRQHandler                  0x080002df   Thumb Code     0  startup_stm32f427xx.o(.text)
    DMA1_Stream3_IRQHandler                  0x080002df   Thumb Code     0  startup_stm32f427xx.o(.text)
    DMA1_Stream4_IRQHandler                  0x080002df   Thumb Code     0  startup_stm32f427xx.o(.text)
    DMA1_Stream5_IRQHandler                  0x080002df   Thumb Code     0  startup_stm32f427xx.o(.text)
    DMA1_Stream6_IRQHandler                  0x080002df   Thumb Code     0  startup_stm32f427xx.o(.text)
    DMA1_Stream7_IRQHandler                  0x080002df   Thumb Code     0  startup_stm32f427xx.o(.text)
    DMA2D_IRQHandler                         0x080002df   Thumb Code     0  startup_stm32f427xx.o(.text)
    DMA2_Stream0_IRQHandler                  0x080002df   Thumb Code     0  startup_stm32f427xx.o(.text)
    DMA2_Stream1_IRQHandler                  0x080002df   Thumb Code     0  startup_stm32f427xx.o(.text)
    DMA2_Stream2_IRQHandler                  0x080002df   Thumb Code     0  startup_stm32f427xx.o(.text)
    DMA2_Stream3_IRQHandler                  0x080002df   Thumb Code     0  startup_stm32f427xx.o(.text)
    DMA2_Stream4_IRQHandler                  0x080002df   Thumb Code     0  startup_stm32f427xx.o(.text)
    DMA2_Stream5_IRQHandler                  0x080002df   Thumb Code     0  startup_stm32f427xx.o(.text)
    DMA2_Stream6_IRQHandler                  0x080002df   Thumb Code     0  startup_stm32f427xx.o(.text)
    DMA2_Stream7_IRQHandler                  0x080002df   Thumb Code     0  startup_stm32f427xx.o(.text)
    ETH_IRQHandler                           0x080002df   Thumb Code     0  startup_stm32f427xx.o(.text)
    ETH_WKUP_IRQHandler                      0x080002df   Thumb Code     0  startup_stm32f427xx.o(.text)
    EXTI0_IRQHandler                         0x080002df   Thumb Code     0  startup_stm32f427xx.o(.text)
    EXTI15_10_IRQHandler                     0x080002df   Thumb Code     0  startup_stm32f427xx.o(.text)
    EXTI1_IRQHandler                         0x080002df   Thumb Code     0  startup_stm32f427xx.o(.text)
    EXTI2_IRQHandler                         0x080002df   Thumb Code     0  startup_stm32f427xx.o(.text)
    EXTI3_IRQHandler                         0x080002df   Thumb Code     0  startup_stm32f427xx.o(.text)
    EXTI4_IRQHandler                         0x080002df   Thumb Code     0  startup_stm32f427xx.o(.text)
    EXTI9_5_IRQHandler                       0x080002df   Thumb Code     0  startup_stm32f427xx.o(.text)
    FLASH_IRQHandler                         0x080002df   Thumb Code     0  startup_stm32f427xx.o(.text)
    FMC_IRQHandler                           0x080002df   Thumb Code     0  startup_stm32f427xx.o(.text)
    FPU_IRQHandler                           0x080002df   Thumb Code     0  startup_stm32f427xx.o(.text)
    HASH_RNG_IRQHandler                      0x080002df   Thumb Code     0  startup_stm32f427xx.o(.text)
    I2C1_ER_IRQHandler                       0x080002df   Thumb Code     0  startup_stm32f427xx.o(.text)
    I2C1_EV_IRQHandler                       0x080002df   Thumb Code     0  startup_stm32f427xx.o(.text)
    I2C2_ER_IRQHandler                       0x080002df   Thumb Code     0  startup_stm32f427xx.o(.text)
    I2C2_EV_IRQHandler                       0x080002df   Thumb Code     0  startup_stm32f427xx.o(.text)
    I2C3_ER_IRQHandler                       0x080002df   Thumb Code     0  startup_stm32f427xx.o(.text)
    I2C3_EV_IRQHandler                       0x080002df   Thumb Code     0  startup_stm32f427xx.o(.text)
    OTG_FS_IRQHandler                        0x080002df   Thumb Code     0  startup_stm32f427xx.o(.text)
    OTG_FS_WKUP_IRQHandler                   0x080002df   Thumb Code     0  startup_stm32f427xx.o(.text)
    OTG_HS_EP1_IN_IRQHandler                 0x080002df   Thumb Code     0  startup_stm32f427xx.o(.text)
    OTG_HS_EP1_OUT_IRQHandler                0x080002df   Thumb Code     0  startup_stm32f427xx.o(.text)
    OTG_HS_IRQHandler                        0x080002df   Thumb Code     0  startup_stm32f427xx.o(.text)
    OTG_HS_WKUP_IRQHandler                   0x080002df   Thumb Code     0  startup_stm32f427xx.o(.text)
    PVD_IRQHandler                           0x080002df   Thumb Code     0  startup_stm32f427xx.o(.text)
    RCC_IRQHandler                           0x080002df   Thumb Code     0  startup_stm32f427xx.o(.text)
    RTC_Alarm_IRQHandler                     0x080002df   Thumb Code     0  startup_stm32f427xx.o(.text)
    RTC_WKUP_IRQHandler                      0x080002df   Thumb Code     0  startup_stm32f427xx.o(.text)
    SAI1_IRQHandler                          0x080002df   Thumb Code     0  startup_stm32f427xx.o(.text)
    SDIO_IRQHandler                          0x080002df   Thumb Code     0  startup_stm32f427xx.o(.text)
    SPI1_IRQHandler                          0x080002df   Thumb Code     0  startup_stm32f427xx.o(.text)
    SPI2_IRQHandler                          0x080002df   Thumb Code     0  startup_stm32f427xx.o(.text)
    SPI3_IRQHandler                          0x080002df   Thumb Code     0  startup_stm32f427xx.o(.text)
    SPI4_IRQHandler                          0x080002df   Thumb Code     0  startup_stm32f427xx.o(.text)
    SPI5_IRQHandler                          0x080002df   Thumb Code     0  startup_stm32f427xx.o(.text)
    SPI6_IRQHandler                          0x080002df   Thumb Code     0  startup_stm32f427xx.o(.text)
    TAMP_STAMP_IRQHandler                    0x080002df   Thumb Code     0  startup_stm32f427xx.o(.text)
    TIM1_BRK_TIM9_IRQHandler                 0x080002df   Thumb Code     0  startup_stm32f427xx.o(.text)
    TIM1_CC_IRQHandler                       0x080002df   Thumb Code     0  startup_stm32f427xx.o(.text)
    TIM1_TRG_COM_TIM11_IRQHandler            0x080002df   Thumb Code     0  startup_stm32f427xx.o(.text)
    TIM1_UP_TIM10_IRQHandler                 0x080002df   Thumb Code     0  startup_stm32f427xx.o(.text)
    TIM4_IRQHandler                          0x080002df   Thumb Code     0  startup_stm32f427xx.o(.text)
    TIM5_IRQHandler                          0x080002df   Thumb Code     0  startup_stm32f427xx.o(.text)
    TIM7_IRQHandler                          0x080002df   Thumb Code     0  startup_stm32f427xx.o(.text)
    TIM8_BRK_TIM12_IRQHandler                0x080002df   Thumb Code     0  startup_stm32f427xx.o(.text)
    TIM8_CC_IRQHandler                       0x080002df   Thumb Code     0  startup_stm32f427xx.o(.text)
    TIM8_TRG_COM_TIM14_IRQHandler            0x080002df   Thumb Code     0  startup_stm32f427xx.o(.text)
    TIM8_UP_TIM13_IRQHandler                 0x080002df   Thumb Code     0  startup_stm32f427xx.o(.text)
    UART4_IRQHandler                         0x080002df   Thumb Code     0  startup_stm32f427xx.o(.text)
    UART5_IRQHandler                         0x080002df   Thumb Code     0  startup_stm32f427xx.o(.text)
    UART8_IRQHandler                         0x080002df   Thumb Code     0  startup_stm32f427xx.o(.text)
    USART2_IRQHandler                        0x080002df   Thumb Code     0  startup_stm32f427xx.o(.text)
    WWDG_IRQHandler                          0x080002df   Thumb Code     0  startup_stm32f427xx.o(.text)
    __user_initial_stackheap                 0x080002e1   Thumb Code     0  startup_stm32f427xx.o(.text)
    __use_no_semihosting                     0x08000305   Thumb Code     2  use_no_semi_2.o(.text)
    srand                                    0x08000309   Thumb Code    42  rand.o(.text)
    _rand_init                               0x08000333   Thumb Code     4  rand.o(.text)
    __aeabi_memcpy4                          0x08000345   Thumb Code     0  rt_memcpy_w.o(.text)
    __aeabi_memcpy8                          0x08000345   Thumb Code     0  rt_memcpy_w.o(.text)
    __rt_memcpy_w                            0x08000345   Thumb Code   100  rt_memcpy_w.o(.text)
    _memcpy_lastbytes_aligned                0x0800038d   Thumb Code     0  rt_memcpy_w.o(.text)
    __use_two_region_memory                  0x080003a9   Thumb Code     2  heapauxi.o(.text)
    __rt_heap_escrow$2region                 0x080003ab   Thumb Code     2  heapauxi.o(.text)
    __rt_heap_expand$2region                 0x080003ad   Thumb Code     2  heapauxi.o(.text)
    __I$use$semihosting                      0x080003af   Thumb Code     0  use_no_semi.o(.text)
    __use_no_semihosting_swi                 0x080003af   Thumb Code     2  use_no_semi.o(.text)
    __read_errno                             0x080003b1   Thumb Code    10  _rserrno.o(.text)
    __set_errno                              0x080003bb   Thumb Code    12  _rserrno.o(.text)
    __aeabi_errno_addr                       0x080003c9   Thumb Code     8  rt_errno_addr_intlibspace.o(.text)
    __errno$intlibspace                      0x080003c9   Thumb Code     0  rt_errno_addr_intlibspace.o(.text)
    __rt_errno_addr$intlibspace              0x080003c9   Thumb Code     0  rt_errno_addr_intlibspace.o(.text)
    __user_libspace                          0x080003d1   Thumb Code     8  libspace.o(.text)
    __user_perproc_libspace                  0x080003d1   Thumb Code     0  libspace.o(.text)
    __user_perthread_libspace                0x080003d1   Thumb Code     0  libspace.o(.text)
    __user_setup_stackheap                   0x080003d9   Thumb Code    74  sys_stackheap_outer.o(.text)
    exit                                     0x08000423   Thumb Code    12  exit.o(.text)
    Attacked_Monitor                         0x08000431   Thumb Code   454  gunheartandbleed.o(i.Attacked_Monitor)
    BSP_Init                                 0x08000629   Thumb Code    60  bsp.o(i.BSP_Init)
    Bleed_Monitor                            0x08000665   Thumb Code   494  gunheartandbleed.o(i.Bleed_Monitor)
    BoLunMotorControl                        0x080008a9   Thumb Code   104  shootingtask.o(i.BoLunMotorControl)
    BulletSpeed_Monitor                      0x08000929   Thumb Code   136  gunheartandbleed.o(i.BulletSpeed_Monitor)
    BusFault_Handler                         0x080009c1   Thumb Code     4  stm32f4xx_it.o(i.BusFault_Handler)
    CAN1_Configuration                       0x080009c5   Thumb Code   262  can1.o(i.CAN1_Configuration)
    CAN1_RX0_IRQHandler                      0x08000ad5   Thumb Code    50  can1.o(i.CAN1_RX0_IRQHandler)
    CAN1_TX_IRQHandler                       0x08000b11   Thumb Code    22  can1.o(i.CAN1_TX_IRQHandler)
    CAN2_Configuration                       0x08000b2d   Thumb Code   266  can2.o(i.CAN2_Configuration)
    CAN2_RX0_IRQHandler                      0x08000c41   Thumb Code    50  can2.o(i.CAN2_RX0_IRQHandler)
    CAN2_TX_IRQHandler                       0x08000c7d   Thumb Code    22  can2.o(i.CAN2_TX_IRQHandler)
    CAN_ClearFlag                            0x08000c99   Thumb Code    52  stm32f4xx_can.o(i.CAN_ClearFlag)
    CAN_ClearITPendingBit                    0x08000cd1   Thumb Code   162  stm32f4xx_can.o(i.CAN_ClearITPendingBit)
    CAN_DeInit                               0x08000d79   Thumb Code    50  stm32f4xx_can.o(i.CAN_DeInit)
    CAN_FilterInit                           0x08000db1   Thumb Code   258  stm32f4xx_can.o(i.CAN_FilterInit)
    CAN_GetITStatus                          0x08000eb9   Thumb Code   284  stm32f4xx_can.o(i.CAN_GetITStatus)
    CAN_ITConfig                             0x08000fd9   Thumb Code    18  stm32f4xx_can.o(i.CAN_ITConfig)
    CAN_Init                                 0x08000feb   Thumb Code   276  stm32f4xx_can.o(i.CAN_Init)
    CAN_Receive                              0x080010ff   Thumb Code   240  stm32f4xx_can.o(i.CAN_Receive)
    CAN_StructInit                           0x080011ef   Thumb Code    32  stm32f4xx_can.o(i.CAN_StructInit)
    CAN_Transmit                             0x0800120f   Thumb Code   294  stm32f4xx_can.o(i.CAN_Transmit)
    CMControlLoop                            0x08001335   Thumb Code   952  speedtask.o(i.CMControlLoop)
    CanReceiveMsgProcess                     0x08001769   Thumb Code   438  canbustask.o(i.CanReceiveMsgProcess)
    CanReceiveMsgProcess1                    0x08001949   Thumb Code   178  canbustask.o(i.CanReceiveMsgProcess1)
    ChariotRecognition_Mes_Process           0x08001a0d   Thumb Code   840  usart3.o(i.ChariotRecognition_Mes_Process)
    Chassis_Motion_Switch                    0x08001dcd   Thumb Code   574  freedom_status.o(i.Chassis_Motion_Switch)
    Chassis_Motion_Switch_Doget              0x08002059   Thumb Code  2530  doget_state.o(i.Chassis_Motion_Switch_Doget)
    Control_Task                             0x08002a71   Thumb Code   114  controltask.o(i.Control_Task)
    ControtLoopTaskInit                      0x08002af5   Thumb Code   150  controltask.o(i.ControtLoopTaskInit)
    DMA_Cmd                                  0x08002bd5   Thumb Code    22  stm32f4xx_dma.o(i.DMA_Cmd)
    DMA_DeInit                               0x08002bed   Thumb Code   324  stm32f4xx_dma.o(i.DMA_DeInit)
    DMA_DoubleBufferModeCmd                  0x08002d45   Thumb Code    22  stm32f4xx_dma.o(i.DMA_DoubleBufferModeCmd)
    DMA_DoubleBufferModeConfig               0x08002d5b   Thumb Code    24  stm32f4xx_dma.o(i.DMA_DoubleBufferModeConfig)
    DMA_GetCurrDataCounter                   0x08002d73   Thumb Code     8  stm32f4xx_dma.o(i.DMA_GetCurrDataCounter)
    DMA_GetCurrentMemoryTarget               0x08002d7b   Thumb Code    20  stm32f4xx_dma.o(i.DMA_GetCurrentMemoryTarget)
    DMA_Init                                 0x08002d91   Thumb Code    82  stm32f4xx_dma.o(i.DMA_Init)
    DMA_StructInit                           0x08002de9   Thumb Code    34  stm32f4xx_dma.o(i.DMA_StructInit)
    DebugMon_Handler                         0x08002e0b   Thumb Code     2  stm32f4xx_it.o(i.DebugMon_Handler)
    FloatValueSolveFunction                  0x08002e0d   Thumb Code   138  judgingsystemtask.o(i.FloatValueSolveFunction)
    FrictionWheelControl                     0x08002e99   Thumb Code    64  shootingtask.o(i.FrictionWheelControl)
    GMPitchControlLoop                       0x08002ef1   Thumb Code   868  speedtask.o(i.GMPitchControlLoop)
    GMYawControlLoop                         0x080032e5   Thumb Code   906  speedtask.o(i.GMYawControlLoop)
    GPIO_Init                                0x08003725   Thumb Code   144  stm32f4xx_gpio.o(i.GPIO_Init)
    GPIO_PinAFConfig                         0x080037b5   Thumb Code    70  stm32f4xx_gpio.o(i.GPIO_PinAFConfig)
    GPIO_SetBits                             0x080037fb   Thumb Code     4  stm32f4xx_gpio.o(i.GPIO_SetBits)
    GPIO_StructInit                          0x080037ff   Thumb Code    18  stm32f4xx_gpio.o(i.GPIO_StructInit)
    GetEncoderBias                           0x08003811   Thumb Code    20  encoder.o(i.GetEncoderBias)
    GetWorkState                             0x08003825   Thumb Code     6  workstate.o(i.GetWorkState)
    Get_CRC16_Check_Sum                      0x08003831   Thumb Code    46  crc.o(i.Get_CRC16_Check_Sum)
    Get_CRC8_Check_Sum                       0x08003865   Thumb Code    30  crc.o(i.Get_CRC8_Check_Sum)
    Get_Time_Micros                          0x08003889   Thumb Code     8  timer.o(i.Get_Time_Micros)
    GetlastWorkState                         0x08003891   Thumb Code     6  workstate.o(i.GetlastWorkState)
    GraduallyChangeCMSpeed                   0x0800389d   Thumb Code   202  speedtask.o(i.GraduallyChangeCMSpeed)
    GunHeart_CalcProcess                     0x08003989   Thumb Code    14  gunheartandbleed.o(i.GunHeart_CalcProcess)
    HardFault_Handler                        0x0800399d   Thumb Code     4  stm32f4xx_it.o(i.HardFault_Handler)
    HeatControl_Task                         0x080039a1   Thumb Code    10  shootingtask.o(i.HeatControl_Task)
    IMUDataProcess                           0x080039b5   Thumb Code   490  usart6.o(i.IMUDataProcess)
    MemManage_Handler                        0x08003bd5   Thumb Code     4  stm32f4xx_it.o(i.MemManage_Handler)
    Motor_2310_EncoderProcess                0x08003bd9   Thumb Code   242  encoder.o(i.Motor_2310_EncoderProcess)
    Motor_3508_EncoderProcess                0x08003ce5   Thumb Code   308  encoder.o(i.Motor_3508_EncoderProcess)
    Motor_6020_EncoderProcess                0x08003e31   Thumb Code   314  encoder.o(i.Motor_6020_EncoderProcess)
    NMI_Handler                              0x08003f7d   Thumb Code     2  stm32f4xx_it.o(i.NMI_Handler)
    NVIC_Init                                0x08003f81   Thumb Code   106  misc.o(i.NVIC_Init)
    NVIC_PriorityGroupConfig                 0x08003ff9   Thumb Code    10  misc.o(i.NVIC_PriorityGroupConfig)
    PID_Calc                                 0x0800400d   Thumb Code   954  pid.o(i.PID_Calc)
    PID_Reset                                0x080043d9   Thumb Code    74  pid.o(i.PID_Reset)
    Parameter_Transformation                 0x0800442d   Thumb Code   150  judgingsystemtask.o(i.Parameter_Transformation)
    PendSV_Handler                           0x080044cd   Thumb Code     2  stm32f4xx_it.o(i.PendSV_Handler)
    Phototube_Configuration                  0x080044d1   Thumb Code   126  phototube.o(i.Phototube_Configuration)
    Phototube_Handle                         0x08004559   Thumb Code   240  phototube.o(i.Phototube_Handle)
    RCC_AHB1PeriphClockCmd                   0x0800467d   Thumb Code    26  stm32f4xx_rcc.o(i.RCC_AHB1PeriphClockCmd)
    RCC_APB1PeriphClockCmd                   0x0800469d   Thumb Code    26  stm32f4xx_rcc.o(i.RCC_APB1PeriphClockCmd)
    RCC_APB1PeriphResetCmd                   0x080046bd   Thumb Code    26  stm32f4xx_rcc.o(i.RCC_APB1PeriphResetCmd)
    RCC_APB2PeriphClockCmd                   0x080046dd   Thumb Code    26  stm32f4xx_rcc.o(i.RCC_APB2PeriphClockCmd)
    RCC_APB2PeriphResetCmd                   0x080046fd   Thumb Code    26  stm32f4xx_rcc.o(i.RCC_APB2PeriphResetCmd)
    RCC_GetClocksFreq                        0x0800471d   Thumb Code   214  stm32f4xx_rcc.o(i.RCC_GetClocksFreq)
    RampCalc                                 0x08004805   Thumb Code    50  ramp.o(i.RampCalc)
    RampInit                                 0x08004837   Thumb Code     2  ramp.o(i.RampInit)
    RampIsOverflow                           0x08004839   Thumb Code    44  ramp.o(i.RampIsOverflow)
    RampResetCounter                         0x08004865   Thumb Code     6  ramp.o(i.RampResetCounter)
    RampSetCounter                           0x0800486b   Thumb Code     4  ramp.o(i.RampSetCounter)
    RampSetScale                             0x0800486f   Thumb Code     4  ramp.o(i.RampSetScale)
    RemoteDataPrcess                         0x08004875   Thumb Code   688  remotetask.o(i.RemoteDataPrcess)
    RingBuffer_Read                          0x08004b65   Thumb Code    50  judgingsystemtask.o(i.RingBuffer_Read)
    RingBuffer_Write                         0x08004b9d   Thumb Code    58  judgingsystemtask.o(i.RingBuffer_Write)
    SVC_Handler                              0x08004bdd   Thumb Code     2  stm32f4xx_it.o(i.SVC_Handler)
    Send_Down_to_Up_Message                  0x08004bdf   Thumb Code    76  canbustask.o(i.Send_Down_to_Up_Message)
    Sendtosightway                           0x08004c2d   Thumb Code   506  usart3.o(i.Sendtosightway)
    SetGimbalMotorOutput                     0x08004e69   Thumb Code   116  speedtask.o(i.SetGimbalMotorOutput)
    Set_CM_Speed                             0x08005011   Thumb Code    92  canbustask.o(i.Set_CM_Speed)
    Set_Gimbal_Current                       0x0800506d   Thumb Code    84  canbustask.o(i.Set_Gimbal_Current)
    Set_Gimbal_Current1                      0x080050c1   Thumb Code    86  canbustask.o(i.Set_Gimbal_Current1)
    ShooterMControlLoop                      0x08005119   Thumb Code   184  speedtask.o(i.ShooterMControlLoop)
    SysTick_Handler                          0x08005205   Thumb Code     2  stm32f4xx_it.o(i.SysTick_Handler)
    SystemInit                               0x08005209   Thumb Code    88  system_stm32f4xx.o(i.SystemInit)
    TIM2_Configuration                       0x08005271   Thumb Code    60  timer.o(i.TIM2_Configuration)
    TIM2_IRQHandler                          0x080052ad   Thumb Code    30  timer.o(i.TIM2_IRQHandler)
    TIM3_Configuration                       0x080052cd   Thumb Code    84  timer.o(i.TIM3_Configuration)
    TIM3_IRQHandler                          0x08005325   Thumb Code   102  timer.o(i.TIM3_IRQHandler)
    TIM3_Start                               0x080053a1   Thumb Code    30  timer.o(i.TIM3_Start)
    TIM6_Configuration                       0x080053c5   Thumb Code    70  timer.o(i.TIM6_Configuration)
    TIM6_DAC_IRQHandler                      0x08005411   Thumb Code    44  timer.o(i.TIM6_DAC_IRQHandler)
    TIM6_Start                               0x08005445   Thumb Code    30  timer.o(i.TIM6_Start)
    TIM_ARRPreloadConfig                     0x08005469   Thumb Code    24  stm32f4xx_tim.o(i.TIM_ARRPreloadConfig)
    TIM_ClearFlag                            0x08005481   Thumb Code     6  stm32f4xx_tim.o(i.TIM_ClearFlag)
    TIM_ClearITPendingBit                    0x08005487   Thumb Code     6  stm32f4xx_tim.o(i.TIM_ClearITPendingBit)
    TIM_Cmd                                  0x0800548d   Thumb Code    24  stm32f4xx_tim.o(i.TIM_Cmd)
    TIM_GetITStatus                          0x080054a5   Thumb Code    34  stm32f4xx_tim.o(i.TIM_GetITStatus)
    TIM_ITConfig                             0x080054c7   Thumb Code    18  stm32f4xx_tim.o(i.TIM_ITConfig)
    TIM_TimeBaseInit                         0x080054d9   Thumb Code   104  stm32f4xx_tim.o(i.TIM_TimeBaseInit)
    Transform_Hex_To_Oct                     0x0800555d   Thumb Code    86  judgingsystemtask.o(i.Transform_Hex_To_Oct)
    UART7_IRQHandler                         0x080055b5   Thumb Code   562  usart7.o(i.UART7_IRQHandler)
    USART1_Configuration                     0x0800581d   Thumb Code   300  usart1.o(i.USART1_Configuration)
    USART1_IRQHandler                        0x0800595d   Thumb Code   166  usart1.o(i.USART1_IRQHandler)
    USART3_IRQHandler                        0x08005a15   Thumb Code   164  usart3.o(i.USART3_IRQHandler)
    USART6_Configuration                     0x08005ac9   Thumb Code   296  usart6.o(i.USART6_Configuration)
    USART6_IRQHandler                        0x08005c01   Thumb Code   168  usart6.o(i.USART6_IRQHandler)
    USART_Cmd                                0x08005cb9   Thumb Code    24  stm32f4xx_usart.o(i.USART_Cmd)
    USART_DMACmd                             0x08005cd1   Thumb Code    18  stm32f4xx_usart.o(i.USART_DMACmd)
    USART_DeInit                             0x08005ce5   Thumb Code   206  stm32f4xx_usart.o(i.USART_DeInit)
    USART_GetITStatus                        0x08005dd5   Thumb Code    84  stm32f4xx_usart.o(i.USART_GetITStatus)
    USART_ITConfig                           0x08005e29   Thumb Code    74  stm32f4xx_usart.o(i.USART_ITConfig)
    USART_Init                               0x08005e75   Thumb Code   204  stm32f4xx_usart.o(i.USART_Init)
    USART_SendData                           0x08005f49   Thumb Code     8  stm32f4xx_usart.o(i.USART_SendData)
    USART_StructInit                         0x08005f51   Thumb Code    24  stm32f4xx_usart.o(i.USART_StructInit)
    Up_to_Down_Flag                          0x08005f69   Thumb Code     8  encoder.o(i.Up_to_Down_Flag)
    UsageFault_Handler                       0x08005f75   Thumb Code     4  stm32f4xx_it.o(i.UsageFault_Handler)
    WorkStateFSM                             0x08005f79   Thumb Code   432  workstate.o(i.WorkStateFSM)
    WorkStateSwitchProcess                   0x08006151   Thumb Code   602  workstate.o(i.WorkStateSwitchProcess)
    YawFreeRoation                           0x08006405   Thumb Code   824  freedom_status.o(i.YawFreeRoation)
    YawFreeRoation_Doget                     0x08006799   Thumb Code   184  doget_state.o(i.YawFreeRoation_Doget)
    __ARM_fpclassify                         0x08006889   Thumb Code    48  fpclassify.o(i.__ARM_fpclassify)
    __hardfp_exp                             0x080068b9   Thumb Code   714  exp.o(i.__hardfp_exp)
    __hardfp_fabs                            0x08006c11   Thumb Code    20  fabs.o(i.__hardfp_fabs)
    __hardfp_ldexp                           0x08006c29   Thumb Code   200  ldexp.o(i.__hardfp_ldexp)
    __kernel_poly                            0x08006cf9   Thumb Code   248  poly.o(i.__kernel_poly)
    __mathlib_dbl_infnan                     0x08006df1   Thumb Code    20  dunder.o(i.__mathlib_dbl_infnan)
    __mathlib_dbl_overflow                   0x08006e09   Thumb Code    24  dunder.o(i.__mathlib_dbl_overflow)
    __mathlib_dbl_underflow                  0x08006e29   Thumb Code    24  dunder.o(i.__mathlib_dbl_underflow)
    _sys_exit                                0x08006e49   Thumb Code     4  usart7.o(i._sys_exit)
    delay_ms                                 0x08006e4d   Thumb Code    28  common.o(i.delay_ms)
    delay_us                                 0x08006e69   Thumb Code    26  common.o(i.delay_us)
    engineerpower_Init                       0x08006e85   Thumb Code    56  controltask.o(i.engineerpower_Init)
    filter                                   0x08006ec1   Thumb Code    64  usart3.o(i.filter)
    getRandom_MotionRange                    0x08006f01   Thumb Code   420  doget_state.o(i.getRandom_MotionRange)
    getRobotHurt                             0x080070b9   Thumb Code    46  judgingsystemtask.o(i.getRobotHurt)
    getRobotPowerHeat                        0x080070ed   Thumb Code   232  judgingsystemtask.o(i.getRobotPowerHeat)
    getRobotShootData                        0x0800720d   Thumb Code   146  judgingsystemtask.o(i.getRobotShootData)
    getRobotState                            0x080072ad   Thumb Code    60  judgingsystemtask.o(i.getRobotState)
    main                                     0x080072ed   Thumb Code    38  main.o(i.main)
    senddata_control                         0x08007315   Thumb Code    18  usart3.o(i.senddata_control)
    solve_chengfang                          0x0800732d   Thumb Code    72  judgingsystemtask.o(i.solve_chengfang)
    usart3_Init                              0x08007379   Thumb Code   306  usart3.o(i.usart3_Init)
    usart7_Init                              0x080074bd   Thumb Code   306  usart7.o(i.usart7_Init)
    __aeabi_dneg                             0x08007601   Thumb Code     0  basic.o(x$fpl$basic)
    _dneg                                    0x08007601   Thumb Code     6  basic.o(x$fpl$basic)
    __aeabi_fneg                             0x08007607   Thumb Code     0  basic.o(x$fpl$basic)
    _fneg                                    0x08007607   Thumb Code     6  basic.o(x$fpl$basic)
    _dabs                                    0x0800760d   Thumb Code     6  basic.o(x$fpl$basic)
    _fabs                                    0x08007613   Thumb Code     6  basic.o(x$fpl$basic)
    __aeabi_d2f                              0x08007619   Thumb Code     0  d2f.o(x$fpl$d2f)
    _d2f                                     0x08007619   Thumb Code    98  d2f.o(x$fpl$d2f)
    __aeabi_dadd                             0x0800767d   Thumb Code     0  daddsub_clz.o(x$fpl$dadd)
    _dadd                                    0x0800767d   Thumb Code   332  daddsub_clz.o(x$fpl$dadd)
    __fpl_dcheck_NaN1                        0x080077cd   Thumb Code    10  dcheck1.o(x$fpl$dcheck1)
    __fpl_dcmp_Inf                           0x080077dd   Thumb Code    24  dcmpi.o(x$fpl$dcmpinf)
    __aeabi_ddiv                             0x080077f5   Thumb Code     0  ddiv.o(x$fpl$ddiv)
    _ddiv                                    0x080077f5   Thumb Code   552  ddiv.o(x$fpl$ddiv)
    __aeabi_cdcmpeq                          0x08007aa5   Thumb Code     0  deqf.o(x$fpl$deqf)
    _dcmpeq                                  0x08007aa5   Thumb Code   120  deqf.o(x$fpl$deqf)
    __aeabi_d2iz                             0x08007b1d   Thumb Code     0  dfix.o(x$fpl$dfix)
    _dfix                                    0x08007b1d   Thumb Code    94  dfix.o(x$fpl$dfix)
    __aeabi_i2d                              0x08007b7b   Thumb Code     0  dflt_clz.o(x$fpl$dflt)
    _dflt                                    0x08007b7b   Thumb Code    46  dflt_clz.o(x$fpl$dflt)
    __aeabi_ui2d                             0x08007ba9   Thumb Code     0  dflt_clz.o(x$fpl$dfltu)
    _dfltu                                   0x08007ba9   Thumb Code    38  dflt_clz.o(x$fpl$dfltu)
    __aeabi_cdcmple                          0x08007bd1   Thumb Code     0  dleqf.o(x$fpl$dleqf)
    _dcmple                                  0x08007bd1   Thumb Code   120  dleqf.o(x$fpl$dleqf)
    __fpl_dcmple_InfNaN                      0x08007c33   Thumb Code     0  dleqf.o(x$fpl$dleqf)
    __aeabi_dmul                             0x08007c49   Thumb Code     0  dmul.o(x$fpl$dmul)
    _dmul                                    0x08007c49   Thumb Code   332  dmul.o(x$fpl$dmul)
    __fpl_dnaninf                            0x08007d9d   Thumb Code   156  dnaninf.o(x$fpl$dnaninf)
    __fpl_dretinf                            0x08007e39   Thumb Code    12  dretinf.o(x$fpl$dretinf)
    __aeabi_cdrcmple                         0x08007e45   Thumb Code     0  drleqf.o(x$fpl$drleqf)
    _drcmple                                 0x08007e45   Thumb Code   108  drleqf.o(x$fpl$drleqf)
    __aeabi_drsub                            0x08007eb1   Thumb Code     0  daddsub_clz.o(x$fpl$drsb)
    _drsb                                    0x08007eb1   Thumb Code    22  daddsub_clz.o(x$fpl$drsb)
    __aeabi_dsub                             0x08007ec9   Thumb Code     0  daddsub_clz.o(x$fpl$dsub)
    _dsub                                    0x08007ec9   Thumb Code   464  daddsub_clz.o(x$fpl$dsub)
    __aeabi_f2d                              0x0800809d   Thumb Code     0  f2d.o(x$fpl$f2d)
    _f2d                                     0x0800809d   Thumb Code    86  f2d.o(x$fpl$f2d)
    __fpl_fnaninf                            0x080080f3   Thumb Code   140  fnaninf.o(x$fpl$fnaninf)
    _fp_init                                 0x0800817f   Thumb Code    10  fpinit.o(x$fpl$fpinit)
    __fplib_config_fpu_vfp                   0x08008187   Thumb Code     0  fpinit.o(x$fpl$fpinit)
    __fplib_config_pureend_doubles           0x08008187   Thumb Code     0  fpinit.o(x$fpl$fpinit)
    __fpl_fretinf                            0x08008189   Thumb Code    10  fretinf.o(x$fpl$fretinf)
    __fpl_return_NaN                         0x08008193   Thumb Code   100  retnan.o(x$fpl$retnan)
    __ARM_scalbn                             0x080081f7   Thumb Code    92  scalbn.o(x$fpl$scalbn)
    __fpl_cmpreturn                          0x08008253   Thumb Code    48  trapv.o(x$fpl$trapveneer)
    __I$use$fp                               0x08008282   Number         0  usenofp.o(x$fpl$usenofp)
    CRC8_INIT                                0x080082b0   Data           1  crc.o(.constdata)
    CRC8_TAB                                 0x080082b1   Data         256  crc.o(.constdata)
    wCRC_Table                               0x080083b2   Data         512  crc.o(.constdata)
    Region$$Table$$Base                      0x08008610   Number         0  anon$$obj.o(Region$$Table)
    Region$$Table$$Limit                     0x08008630   Number         0  anon$$obj.o(Region$$Table)
    time_testtt                              0x20000000   Data           4  timer.o(.data)
    time_test2                               0x20000004   Data           4  timer.o(.data)
    senddata_flag                            0x20000008   Data           4  timer.o(.data)
    sendcount                                0x2000000c   Data           4  timer.o(.data)
    test                                     0x20000010   Data           4  usart1.o(.data)
    a                                        0x20000014   Data           4  usart1.o(.data)
    USART3_RX_STA                            0x20000020   Data           2  usart3.o(.data)
    usart3_this_time_rx_len                  0x20000024   Data           4  usart3.o(.data)
    ChariotRecognitionTemp                   0x20000028   Data           6  usart3.o(.data)
    ChariotRecognitionDirection              0x2000002e   Data           4  usart3.o(.data)
    Chariot_Rec_Dir_rotate                   0x20000032   Data           4  usart3.o(.data)
    last_ChariotRecognition_pitch            0x20000038   Data           4  usart3.o(.data)
    ChariotRecognition_pitch                 0x2000003c   Data           4  usart3.o(.data)
    last_ChariotRecognition_yaw              0x20000040   Data           4  usart3.o(.data)
    ChariotRecognition_yaw                   0x20000044   Data           4  usart3.o(.data)
    last_Target_Distance                     0x20000048   Data           2  usart3.o(.data)
    Target_Distance                          0x2000004a   Data           2  usart3.o(.data)
    Dis_Buf_Index                            0x2000004c   Data           1  usart3.o(.data)
    Pitch_Add_Angle                          0x2000004d   Data           1  usart3.o(.data)
    Armor_R_Flag_Before                      0x20000050   Data           4  usart3.o(.data)
    Armor_R_Flag_Behind                      0x20000054   Data           4  usart3.o(.data)
    GM_Rotete_flag_Before                    0x20000058   Data           4  usart3.o(.data)
    GM_Rotete_flag_Behind                    0x2000005c   Data           4  usart3.o(.data)
    Time_count                               0x20000060   Data           4  usart3.o(.data)
    CR_yaw_Angle_Index                       0x20000064   Data           1  usart3.o(.data)
    CR_yaw_Angle_CNT                         0x20000065   Data           1  usart3.o(.data)
    loop_j                                   0x20000066   Data           1  usart3.o(.data)
    friction_wheel_count                     0x2000006c   Data           4  usart3.o(.data)
    kalman_yaw                               0x20000070   Data           4  usart3.o(.data)
    kalman_pitch                             0x20000074   Data           4  usart3.o(.data)
    kalman_yaw_feedforward                   0x20000078   Data           4  usart3.o(.data)
    update_flag                              0x2000007c   Data           1  usart3.o(.data)
    enter_CNT                                0x2000007d   Data           1  usart3.o(.data)
    Last_CameraDetectTarget_Flag             0x20000080   Data           4  usart3.o(.data)
    E_TEST                                   0x20000084   Data           4  usart3.o(.data)
    E_TEST1                                  0x20000088   Data           4  usart3.o(.data)
    E_TEST2                                  0x2000008c   Data           4  usart3.o(.data)
    E_TEST3                                  0x20000090   Data           4  usart3.o(.data)
    camere_count                             0x20000094   Data           4  usart3.o(.data)
    Yawangle                                 0x20000098   Data           8  usart3.o(.data)
    Yawsent                                  0x200000a0   Data           4  usart3.o(.data)
    t                                        0x200000a8   Data           8  usart3.o(.data)
    z                                        0x200000b0   Data           8  usart3.o(.data)
    colorflag                                0x200000b8   Data           1  usart3.o(.data)
    onerecogflag                             0x200000b9   Data           1  usart3.o(.data)
    qianshaoflag                             0x200000ba   Data           1  usart3.o(.data)
    state_distacne                           0x200000bb   Data           1  usart3.o(.data)
    Angles                                   0x200000bc   Data           4  usart6.o(.data)
    Gyro                                     0x200000c0   Data           6  usart6.o(.data)
    __stdout                                 0x200000e4   Data           4  usart7.o(.data)
    CRC8_Ref_Value                           0x200000e8   Data           1  usart7.o(.data)
    CRC8_Solve_Value                         0x200000e9   Data           1  usart7.o(.data)
    CRC16_Ref_Value                          0x200000ea   Data           2  usart7.o(.data)
    CRC16_Solve_Value                        0x200000ec   Data           2  usart7.o(.data)
    data_Length                              0x200000ee   Data           2  usart7.o(.data)
    Tail_Over_Zero_Value                     0x200000f0   Data           2  usart7.o(.data)
    Head_Over_Zero_Value                     0x200000f2   Data           2  usart7.o(.data)
    uart7_this_time_rx_len                   0x200000f4   Data           4  usart7.o(.data)
    YawCurrentPositionSave                   0x200000f8   Data           4  freedom_status.o(.data)
    PitchCurrentPositionSave                 0x200000fc   Data           4  freedom_status.o(.data)
    YawInitPositionSave                      0x20000100   Data           4  freedom_status.o(.data)
    DetectTargetFinish_Flag                  0x20000104   Data           1  freedom_status.o(.data)
    RotationDir_Flag                         0x20000105   Data           1  freedom_status.o(.data)
    Chassis_Change_Dir_Flag                  0x20000106   Data           1  freedom_status.o(.data)
    Chassis_Speed_UP_Flag                    0x20000107   Data           1  freedom_status.o(.data)
    Chassis_Speed_DOWN_Flag                  0x20000108   Data           1  freedom_status.o(.data)
    GimbalRefTest                            0x2000010a   Data           2  freedom_status.o(.data)
    YAW_Round_Cnt                            0x2000010c   Data           4  freedom_status.o(.data)
    YAW_Angle_YuShu                          0x20000110   Data           2  freedom_status.o(.data)
    Attacked_YAW_Pos_Ref                     0x20000114   Data           4  freedom_status.o(.data)
    Attacked_YAW_Rotation_Dir                0x20000118   Data           1  freedom_status.o(.data)
    Chassis_Freedom_i                        0x20000119   Data           1  freedom_status.o(.data)
    Yaw_rotate_flag                          0x2000011c   Data           4  freedom_status.o(.data)
    pitch_rotate_flag                        0x20000120   Data           4  freedom_status.o(.data)
    count_i                                  0x20000124   Data           4  freedom_status.o(.data)
    attack_dally_count                       0x20000128   Data           4  freedom_status.o(.data)
    Speed_change                             0x2000012c   Data           4  freedom_status.o(.data)
    time_CNT_i                               0x20000130   Data           4  freedom_status.o(.data)
    TimeCount                                0x20000134   Data           4  freedom_status.o(.data)
    Recognition_YAW_Rotation_Dir             0x20000138   Data           4  freedom_status.o(.data)
    Recognition_YAW_Pos_Ref                  0x2000013c   Data           4  freedom_status.o(.data)
    Freedom_Rotation_flag                    0x20000140   Data           4  freedom_status.o(.data)
    Recognition_Delay_count                  0x20000144   Data           4  freedom_status.o(.data)
    time_track_left                          0x20000148   Data           4  freedom_status.o(.data)
    time_track_left_max                      0x2000014c   Data           4  freedom_status.o(.data)
    time_track_right                         0x20000150   Data           4  freedom_status.o(.data)
    time_track_right_max                     0x20000154   Data           4  freedom_status.o(.data)
    yaw_ecd_angle_flag                       0x20000158   Data           8  freedom_status.o(.data)
    yaw_ecd_angle_flag1                      0x20000160   Data           8  freedom_status.o(.data)
    CMPositionPID                            0x20000168   Data         152  speedtask.o(.data)
    CM1SpeedPID                              0x20000200   Data         152  speedtask.o(.data)
    CM2SpeedPID                              0x20000298   Data         152  speedtask.o(.data)
    CM3SpeedPID                              0x20000330   Data         152  speedtask.o(.data)
    CM4SpeedPID                              0x200003c8   Data         152  speedtask.o(.data)
    Speed_Offset                             0x20000460   Data         152  speedtask.o(.data)
    GMPPositionPID                           0x200004f8   Data         152  speedtask.o(.data)
    GMPPositionPID1                          0x20000590   Data         152  speedtask.o(.data)
    GMPSpeedPID                              0x20000628   Data         152  speedtask.o(.data)
    GMYPositionPID                           0x200006c0   Data         152  speedtask.o(.data)
    GMYSpeedPID                              0x20000758   Data         152  speedtask.o(.data)
    CM7PositionPID                           0x200007f0   Data         152  speedtask.o(.data)
    CM7SpeedPID                              0x20000888   Data         152  speedtask.o(.data)
    GMPitchRamp                              0x20000920   Data          36  speedtask.o(.data)
    GMYawRamp                                0x20000944   Data          36  speedtask.o(.data)
    CMRamp                                   0x20000968   Data          36  speedtask.o(.data)
    GimbalRef                                0x2000098c   Data           8  speedtask.o(.data)
    CM2Ref                                   0x20000994   Data           4  speedtask.o(.data)
    Brake_flag                               0x20000998   Data           4  speedtask.o(.data)
    CMSpeedRate                              0x2000099c   Data           4  speedtask.o(.data)
    Yaw_FeedForward                          0x200009a0   Data           4  speedtask.o(.data)
    Chassis_Position_Ref                     0x200009a4   Data           4  speedtask.o(.data)
    last_Chassis_Temp_Speed                  0x200009a8   Data           4  speedtask.o(.data)
    Chassis_Temp_Speed                       0x200009ac   Data           4  speedtask.o(.data)
    last_Chassis_Temp_Speed_Save             0x200009b0   Data           4  speedtask.o(.data)
    Chassis_Temp_Speed_Save                  0x200009b4   Data           4  speedtask.o(.data)
    Chassis_Speed_Ref                        0x200009b8   Data           4  speedtask.o(.data)
    pitch_POS_Flag                           0x200009bc   Data           1  speedtask.o(.data)
    test1                                    0x200009c0   Data           4  speedtask.o(.data)
    GMY_Previous_Output                      0x200009c4   Data           4  speedtask.o(.data)
    GMY_Previous_Position_ref                0x200009c8   Data           4  speedtask.o(.data)
    GMY_Previous_Position_fdb                0x200009cc   Data           4  speedtask.o(.data)
    CR_yaw_Symbol                            0x200009d0   Data           4  speedtask.o(.data)
    CR_yaw_increment                         0x200009d4   Data           4  speedtask.o(.data)
    CR_Pitch_Symbol                          0x200009d8   Data           4  speedtask.o(.data)
    CR_Pitch_increment                       0x200009dc   Data           4  speedtask.o(.data)
    Dodeg_STATE_Change                       0x200009e0   Data           4  speedtask.o(.data)
    Last_Dodeg_STATE_Change                  0x200009e4   Data           4  speedtask.o(.data)
    sbyaw                                    0x200009e8   Data           4  speedtask.o(.data)
    count_temp                               0x200009ec   Data           2  speedtask.o(.data)
    time_tick_2ms                            0x200009f0   Data           4  controltask.o(.data)
    adc_Value                                0x200009f4   Data           2  controltask.o(.data)
    lastWorkState                            0x200009f8   Data           1  workstate.o(.data)
    workState                                0x200009f9   Data           1  workstate.o(.data)
    CameraDetectTarget_Flag                  0x200009fa   Data           1  workstate.o(.data)
    DodgeTarget_Flag                         0x200009fb   Data           1  workstate.o(.data)
    RemoteTest_Flag                          0x200009fc   Data           1  workstate.o(.data)
    Waiting_Flag                             0x200009fd   Data           1  workstate.o(.data)
    Chassis_Power_On_Flag                    0x200009fe   Data           1  workstate.o(.data)
    Attacked_Flag                            0x200009ff   Data           1  workstate.o(.data)
    Freedom_Flag                             0x20000a00   Data           1  workstate.o(.data)
    Waiting_COUNT                            0x20000a02   Data           2  workstate.o(.data)
    danliang_16                              0x20000a04   Data           2  workstate.o(.data)
    danliang                                 0x20000a08   Data           4  workstate.o(.data)
    Dodge_time_count                         0x20000a0c   Data           4  workstate.o(.data)
    friction_wheel_state                     0x20000a10   Data           1  shootingtask.o(.data)
    friction_wheel_state_flag                0x20000a11   Data           1  shootingtask.o(.data)
    FrictionWheel_COUNT                      0x20000a14   Data           4  shootingtask.o(.data)
    Friction_Output_Speed                    0x20000a18   Data           2  shootingtask.o(.data)
    frictionRamp                             0x20000a1c   Data          36  shootingtask.o(.data)
    shootState                               0x20000a40   Data           1  shootingtask.o(.data)
    TempShootingFlag                         0x20000a41   Data           1  shootingtask.o(.data)
    Friction_Speed                           0x20000a42   Data           4  shootingtask.o(.data)
    Bullet_Speed_Ref                         0x20000a46   Data           4  shootingtask.o(.data)
    Bullet_Freq_Ref                          0x20000a4a   Data           4  shootingtask.o(.data)
    Bullet_17_real_Speed                     0x20000a4e   Data           2  shootingtask.o(.data)
    Bullet_Ouput_Freq                        0x20000a50   Data           1  shootingtask.o(.data)
    Gravity_Add_Angle                        0x20000a51   Data           2  shootingtask.o(.data)
    GunHeart_Value                           0x20000a54   Data           2  gunheartandbleed.o(.data)
    Doget_bleed_time                         0x20000a58   Data           4  gunheartandbleed.o(.data)
    Dodeg_Delay_Count                        0x20000a5c   Data           4  gunheartandbleed.o(.data)
    Dodeg_Delay__Count_2                     0x20000a60   Data           4  gunheartandbleed.o(.data)
    test_HP                                  0x20000a64   Data           4  gunheartandbleed.o(.data)
    Count_flag                               0x20000a68   Data           4  gunheartandbleed.o(.data)
    HP_error                                 0x20000a6c   Data           4  gunheartandbleed.o(.data)
    HP__error_time_count                     0x20000a70   Data           2  gunheartandbleed.o(.data)
    HP__error_count                          0x20000a74   Data           4  gunheartandbleed.o(.data)
    Doget_HP_Flag                            0x20000a78   Data           4  gunheartandbleed.o(.data)
    Big_armor_recognition_count              0x20000a7c   Data           4  gunheartandbleed.o(.data)
    Big_armor_recognition_flag               0x20000a80   Data           4  gunheartandbleed.o(.data)
    Aerocraft_attack_flag                    0x20000a84   Data           4  gunheartandbleed.o(.data)
    Aerocraft_flag                           0x20000a88   Data           4  gunheartandbleed.o(.data)
    Aerocraft_doget_count_delay              0x20000a8c   Data           4  gunheartandbleed.o(.data)
    Aerocraft_Phototube_flag                 0x20000a90   Data           4  gunheartandbleed.o(.data)
    time_test                                0x20000a94   Data           4  gunheartandbleed.o(.data)
    robotHurt                                0x20000a98   Data           2  judgingsystemtask.o(.data)
    robotShootData                           0x20000a9a   Data           6  judgingsystemtask.o(.data)
    eventState                               0x20000aa0   Data           2  judgingsystemtask.o(.data)
    ChassisPower_temp                        0x20000aa4   Data           4  judgingsystemtask.o(.data)
    ChassisPower_buffer                      0x20000aa8   Data           4  judgingsystemtask.o(.data)
    chassisPowerBuffer                       0x20000aac   Data           4  judgingsystemtask.o(.data)
    Yaw_encoder                              0x20000ab0   Data           4  judgingsystemtask.o(.data)
    Yaw_encoder_s                            0x20000ab4   Data           4  judgingsystemtask.o(.data)
    test_power                               0x20000ab8   Data           4  judgingsystemtask.o(.data)
    lastPI7_Level                            0x20000abc   Data           1  phototube.o(.data)
    PI7_Level                                0x20000abd   Data           1  phototube.o(.data)
    lastPC6_Level                            0x20000abe   Data           1  phototube.o(.data)
    PC6_Level                                0x20000abf   Data           1  phototube.o(.data)
    lastPI6_Level                            0x20000ac0   Data           1  phototube.o(.data)
    PI6_Level                                0x20000ac1   Data           1  phototube.o(.data)
    Dir_Change_Flag                          0x20000ac2   Data           2  phototube.o(.data)
    Phototube_Flag                           0x20000ac4   Data           4  phototube.o(.data)
    Phototube_Left_Flag                      0x20000ac8   Data           1  phototube.o(.data)
    Phototube_Middle_Flag                    0x20000ac9   Data           1  phototube.o(.data)
    Phototube_Right_Flag                     0x20000aca   Data           1  phototube.o(.data)
    Phototube_Time_Count_R                   0x20000acc   Data           4  phototube.o(.data)
    Phototube_Time_Count_L                   0x20000ad0   Data           4  phototube.o(.data)
    Phototube_brake                          0x20000ad4   Data           4  phototube.o(.data)
    Phototube_brake1                         0x20000ad8   Data           4  phototube.o(.data)
    Doget_Change_Flag                        0x20000adc   Data           4  doget_state.o(.data)
    Destination_Flag                         0x20000ae0   Data           4  doget_state.o(.data)
    last_Random_MotionRange                  0x20000ae4   Data           2  doget_state.o(.data)
    Random_MotionRange                       0x20000ae6   Data           2  doget_state.o(.data)
    Doget_twice                              0x20000ae8   Data           4  doget_state.o(.data)
    Random_change_flag                       0x20000aec   Data           4  doget_state.o(.data)
    Random_change__flag_2                    0x20000af0   Data           4  doget_state.o(.data)
    Doget_rego_flag                          0x20000af4   Data           4  doget_state.o(.data)
    test_ecd                                 0x20000af8   Data           4  doget_state.o(.data)
    doget_chassis_speed                      0x20000afc   Data           4  doget_state.o(.data)
    speed_rand                               0x20000b00   Data           4  doget_state.o(.data)
    speed_dash_flag                          0x20000b04   Data           4  doget_state.o(.data)
    speed_rand_flag                          0x20000b08   Data           4  doget_state.o(.data)
    can_count                                0x20000b0c   Data           4  canbustask.o(.data)
    pitch_ecd_bias                           0x20000b10   Data           2  canbustask.o(.data)
    yaw_ecd_bias                             0x20000b12   Data           2  canbustask.o(.data)
    brake_ecd_bias                           0x20000b14   Data           2  canbustask.o(.data)
    Shooter_17_Heat                          0x20000b16   Data           2  canbustask.o(.data)
    lastRobotHP                              0x20000b18   Data           2  canbustask.o(.data)
    RobotHP                                  0x20000b1a   Data           2  canbustask.o(.data)
    Hurt_COUNT                               0x20000b1c   Data           2  canbustask.o(.data)
    Amor_ID                                  0x20000b1e   Data           1  canbustask.o(.data)
    pitch_err                                0x20000b20   Data           8  remotetask.o(.data)
    pitch_err_flag                           0x20000b28   Data           4  remotetask.o(.data)
    system_micrsecond                        0x20000b3c   Data          13  timer.o(.bss)
    shot_frequency_limt                      0x20000b49   Data          13  timer.o(.bss)
    Remote_microsecond                       0x20000b56   Data          13  timer.o(.bss)
    usart3_microsecond                       0x20000b63   Data          13  timer.o(.bss)
    mpu6050_micrsecond                       0x20000b70   Data          13  timer.o(.bss)
    USART3_TX_BUF                            0x20000bc0   Data         400  usart3.o(.bss)
    USART3_RX_BUF                            0x20000d50   Data         400  usart3.o(.bss)
    ChariotRecognition_data                  0x20000ee0   Data          24  usart3.o(.bss)
    Distance_buf                             0x20000ef8   Data          20  usart3.o(.bss)
    CR_ringBuffer                            0x20000f0c   Data          64  usart3.o(.bss)
    CR_yaw_Angle                             0x20000f4c   Data          80  usart3.o(.bss)
    Sendtosight                              0x20000f9c   Data          16  usart3.o(.bss)
    Eular                                    0x20001024   Data          12  usart6.o(.bss)
    UART7_DMA1_RX_BUF                        0x20001030   Data         200  usart7.o(.bss)
    Save_Element_Array                       0x200010f8   Data          30  usart7.o(.bss)
    HP_error__time                           0x20001116   Data         120  gunheartandbleed.o(.bss)
    robotState                               0x2000118e   Data          10  judgingsystemtask.o(.bss)
    gameState                                0x20001198   Data          11  judgingsystemtask.o(.bss)
    robotPowerHeat                           0x200011a3   Data          20  judgingsystemtask.o(.bss)
    buffer                                   0x200011b7   Data         108  judgingsystemtask.o(.bss)
    CM1Encoder                               0x20001228   Data          88  canbustask.o(.bss)
    CM2Encoder                               0x20001280   Data          88  canbustask.o(.bss)
    CM3Encoder                               0x200012d8   Data          88  canbustask.o(.bss)
    CM4Encoder                               0x20001330   Data          88  canbustask.o(.bss)
    GMYawEncoder                             0x20001388   Data          88  canbustask.o(.bss)
    GMPitchEncoder                           0x200013e0   Data          88  canbustask.o(.bss)
    CM6Encoder                               0x20001438   Data          88  canbustask.o(.bss)
    CM7Encoder                               0x20001490   Data          88  canbustask.o(.bss)
    utm123                                   0x200014e8   Data          24  encoder.o(.bss)
    RC_CtrlData                              0x20001500   Data          22  remotetask.o(.bss)
    _random_number_data                      0x20001518   Data         228  rand.o(.bss)
    __libspace_start                         0x200015fc   Data          96  libspace.o(.bss)
    __temporary_stack_top$libspace           0x2000165c   Data           0  libspace.o(.bss)



==============================================================================

Memory Map of the image

  Image Entry point : 0x080001ad

  Load Region LR_IROM1 (Base: 0x08000000, Size: 0x0000916c, Max: 0x00200000, ABSOLUTE, COMPRESSED[0x0000872c])

    Execution Region ER_IROM1 (Base: 0x08000000, Size: 0x00008630, Max: 0x00200000, ABSOLUTE)

    Base Addr    Size         Type   Attr      Idx    E Section Name        Object

    0x08000000   0x000001ac   Data   RO         5794    RESET               startup_stm32f427xx.o
    0x080001ac   0x00000008   Code   RO         5812  * !!!main             c_w.l(__main.o)
    0x080001b4   0x00000034   Code   RO         6085    !!!scatter          c_w.l(__scatter.o)
    0x080001e8   0x0000005a   Code   RO         6083    !!dczerorl2         c_w.l(__dczerorl2.o)
    0x08000242   0x00000002   PAD
    0x08000244   0x0000001c   Code   RO         6087    !!handler_zi        c_w.l(__scatter_zi.o)
    0x08000260   0x00000002   Code   RO         6010    .ARM.Collect$$libinit$$00000000  c_w.l(libinit.o)
    0x08000262   0x00000004   Code   RO         5889    .ARM.Collect$$libinit$$00000001  c_w.l(libinit2.o)
    0x08000266   0x00000000   Code   RO         5892    .ARM.Collect$$libinit$$00000004  c_w.l(libinit2.o)
    0x08000266   0x00000000   Code   RO         5895    .ARM.Collect$$libinit$$0000000A  c_w.l(libinit2.o)
    0x08000266   0x00000000   Code   RO         5897    .ARM.Collect$$libinit$$0000000C  c_w.l(libinit2.o)
    0x08000266   0x00000004   Code   RO         5898    .ARM.Collect$$libinit$$0000000D  c_w.l(libinit2.o)
    0x0800026a   0x00000000   Code   RO         5899    .ARM.Collect$$libinit$$0000000E  c_w.l(libinit2.o)
    0x0800026a   0x00000000   Code   RO         5902    .ARM.Collect$$libinit$$00000011  c_w.l(libinit2.o)
    0x0800026a   0x00000000   Code   RO         5904    .ARM.Collect$$libinit$$00000013  c_w.l(libinit2.o)
    0x0800026a   0x00000000   Code   RO         5906    .ARM.Collect$$libinit$$00000015  c_w.l(libinit2.o)
    0x0800026a   0x00000000   Code   RO         5908    .ARM.Collect$$libinit$$00000017  c_w.l(libinit2.o)
    0x0800026a   0x00000000   Code   RO         5910    .ARM.Collect$$libinit$$00000019  c_w.l(libinit2.o)
    0x0800026a   0x00000000   Code   RO         5912    .ARM.Collect$$libinit$$0000001B  c_w.l(libinit2.o)
    0x0800026a   0x00000000   Code   RO         5914    .ARM.Collect$$libinit$$0000001D  c_w.l(libinit2.o)
    0x0800026a   0x00000000   Code   RO         5916    .ARM.Collect$$libinit$$0000001F  c_w.l(libinit2.o)
    0x0800026a   0x00000000   Code   RO         5918    .ARM.Collect$$libinit$$00000021  c_w.l(libinit2.o)
    0x0800026a   0x00000000   Code   RO         5920    .ARM.Collect$$libinit$$00000023  c_w.l(libinit2.o)
    0x0800026a   0x00000000   Code   RO         5922    .ARM.Collect$$libinit$$00000025  c_w.l(libinit2.o)
    0x0800026a   0x00000000   Code   RO         5926    .ARM.Collect$$libinit$$0000002C  c_w.l(libinit2.o)
    0x0800026a   0x00000000   Code   RO         5928    .ARM.Collect$$libinit$$0000002E  c_w.l(libinit2.o)
    0x0800026a   0x00000000   Code   RO         5930    .ARM.Collect$$libinit$$00000030  c_w.l(libinit2.o)
    0x0800026a   0x00000000   Code   RO         5932    .ARM.Collect$$libinit$$00000032  c_w.l(libinit2.o)
    0x0800026a   0x00000002   Code   RO         5933    .ARM.Collect$$libinit$$00000033  c_w.l(libinit2.o)
    0x0800026c   0x00000002   Code   RO         6045    .ARM.Collect$$libshutdown$$00000000  c_w.l(libshutdown.o)
    0x0800026e   0x00000000   Code   RO         6052    .ARM.Collect$$libshutdown$$00000003  c_w.l(libshutdown2.o)
    0x0800026e   0x00000000   Code   RO         6055    .ARM.Collect$$libshutdown$$00000006  c_w.l(libshutdown2.o)
    0x0800026e   0x00000000   Code   RO         6058    .ARM.Collect$$libshutdown$$00000009  c_w.l(libshutdown2.o)
    0x0800026e   0x00000000   Code   RO         6060    .ARM.Collect$$libshutdown$$0000000B  c_w.l(libshutdown2.o)
    0x0800026e   0x00000000   Code   RO         6063    .ARM.Collect$$libshutdown$$0000000E  c_w.l(libshutdown2.o)
    0x0800026e   0x00000002   Code   RO         6064    .ARM.Collect$$libshutdown$$0000000F  c_w.l(libshutdown2.o)
    0x08000270   0x00000000   Code   RO         5886    .ARM.Collect$$rtentry$$00000000  c_w.l(__rtentry.o)
    0x08000270   0x00000000   Code   RO         5969    .ARM.Collect$$rtentry$$00000002  c_w.l(__rtentry2.o)
    0x08000270   0x00000006   Code   RO         5981    .ARM.Collect$$rtentry$$00000004  c_w.l(__rtentry4.o)
    0x08000276   0x00000000   Code   RO         5971    .ARM.Collect$$rtentry$$00000009  c_w.l(__rtentry2.o)
    0x08000276   0x00000004   Code   RO         5972    .ARM.Collect$$rtentry$$0000000A  c_w.l(__rtentry2.o)
    0x0800027a   0x00000000   Code   RO         5974    .ARM.Collect$$rtentry$$0000000C  c_w.l(__rtentry2.o)
    0x0800027a   0x00000008   Code   RO         5975    .ARM.Collect$$rtentry$$0000000D  c_w.l(__rtentry2.o)
    0x08000282   0x00000002   Code   RO         6015    .ARM.Collect$$rtexit$$00000000  c_w.l(rtexit.o)
    0x08000284   0x00000000   Code   RO         6027    .ARM.Collect$$rtexit$$00000002  c_w.l(rtexit2.o)
    0x08000284   0x00000004   Code   RO         6028    .ARM.Collect$$rtexit$$00000003  c_w.l(rtexit2.o)
    0x08000288   0x00000006   Code   RO         6029    .ARM.Collect$$rtexit$$00000004  c_w.l(rtexit2.o)
    0x0800028e   0x00000002   PAD
    0x08000290   0x00000034   Code   RO         5803    .emb_text           c_w.l(rand.o)
    0x080002c4   0x00000040   Code   RO         5795    .text               startup_stm32f427xx.o
    0x08000304   0x00000002   Code   RO         5801    .text               c_w.l(use_no_semi_2.o)
    0x08000306   0x00000002   PAD
    0x08000308   0x0000003c   Code   RO         5804    .text               c_w.l(rand.o)
    0x08000344   0x00000064   Code   RO         5808    .text               c_w.l(rt_memcpy_w.o)
    0x080003a8   0x00000006   Code   RO         5810    .text               c_w.l(heapauxi.o)
    0x080003ae   0x00000002   Code   RO         5884    .text               c_w.l(use_no_semi.o)
    0x080003b0   0x00000016   Code   RO         5887    .text               c_w.l(_rserrno.o)
    0x080003c6   0x00000002   PAD
    0x080003c8   0x00000008   Code   RO         5986    .text               c_w.l(rt_errno_addr_intlibspace.o)
    0x080003d0   0x00000008   Code   RO         5994    .text               c_w.l(libspace.o)
    0x080003d8   0x0000004a   Code   RO         5997    .text               c_w.l(sys_stackheap_outer.o)
    0x08000422   0x0000000c   Code   RO         5999    .text               c_w.l(exit.o)
    0x0800042e   0x00000002   PAD
    0x08000430   0x000001f8   Code   RO         1055    i.Attacked_Monitor  gunheartandbleed.o
    0x08000628   0x0000003c   Code   RO          362    i.BSP_Init          bsp.o
    0x08000664   0x00000244   Code   RO         1056    i.Bleed_Monitor     gunheartandbleed.o
    0x080008a8   0x00000080   Code   RO         1017    i.BoLunMotorControl  shootingtask.o
    0x08000928   0x00000098   Code   RO         1057    i.BulletSpeed_Monitor  gunheartandbleed.o
    0x080009c0   0x00000004   Code   RO          254    i.BusFault_Handler  stm32f4xx_it.o
    0x080009c4   0x00000110   Code   RO          465    i.CAN1_Configuration  can1.o
    0x08000ad4   0x0000003c   Code   RO          466    i.CAN1_RX0_IRQHandler  can1.o
    0x08000b10   0x0000001c   Code   RO          467    i.CAN1_TX_IRQHandler  can1.o
    0x08000b2c   0x00000114   Code   RO          430    i.CAN2_Configuration  can2.o
    0x08000c40   0x0000003c   Code   RO          431    i.CAN2_RX0_IRQHandler  can2.o
    0x08000c7c   0x0000001c   Code   RO          432    i.CAN2_TX_IRQHandler  can2.o
    0x08000c98   0x00000038   Code   RO         1920    i.CAN_ClearFlag     stm32f4xx_can.o
    0x08000cd0   0x000000a8   Code   RO         1921    i.CAN_ClearITPendingBit  stm32f4xx_can.o
    0x08000d78   0x00000038   Code   RO         1923    i.CAN_DeInit        stm32f4xx_can.o
    0x08000db0   0x00000108   Code   RO         1925    i.CAN_FilterInit    stm32f4xx_can.o
    0x08000eb8   0x00000120   Code   RO         1927    i.CAN_GetITStatus   stm32f4xx_can.o
    0x08000fd8   0x00000012   Code   RO         1931    i.CAN_ITConfig      stm32f4xx_can.o
    0x08000fea   0x00000114   Code   RO         1932    i.CAN_Init          stm32f4xx_can.o
    0x080010fe   0x000000f0   Code   RO         1935    i.CAN_Receive       stm32f4xx_can.o
    0x080011ee   0x00000020   Code   RO         1938    i.CAN_StructInit    stm32f4xx_can.o
    0x0800120e   0x00000126   Code   RO         1940    i.CAN_Transmit      stm32f4xx_can.o
    0x08001334   0x00000434   Code   RO          855    i.CMControlLoop     speedtask.o
    0x08001768   0x000001e0   Code   RO         1279    i.CanReceiveMsgProcess  canbustask.o
    0x08001948   0x000000c4   Code   RO         1280    i.CanReceiveMsgProcess1  canbustask.o
    0x08001a0c   0x000003c0   Code   RO          605    i.ChariotRecognition_Mes_Process  usart3.o
    0x08001dcc   0x0000028c   Code   RO          799    i.Chassis_Motion_Switch  freedom_status.o
    0x08002058   0x00000a04   Code   RO         1237    i.Chassis_Motion_Switch_Doget  doget_state.o
    0x08002a5c   0x00000012   Code   RO         1943    i.CheckITStatus     stm32f4xx_can.o
    0x08002a6e   0x00000002   PAD
    0x08002a70   0x00000084   Code   RO          920    i.Control_Task      controltask.o
    0x08002af4   0x000000e0   Code   RO          921    i.ControtLoopTaskInit  controltask.o
    0x08002bd4   0x00000016   Code   RO         2378    i.DMA_Cmd           stm32f4xx_dma.o
    0x08002bea   0x00000002   PAD
    0x08002bec   0x00000158   Code   RO         2379    i.DMA_DeInit        stm32f4xx_dma.o
    0x08002d44   0x00000016   Code   RO         2380    i.DMA_DoubleBufferModeCmd  stm32f4xx_dma.o
    0x08002d5a   0x00000018   Code   RO         2381    i.DMA_DoubleBufferModeConfig  stm32f4xx_dma.o
    0x08002d72   0x00000008   Code   RO         2384    i.DMA_GetCurrDataCounter  stm32f4xx_dma.o
    0x08002d7a   0x00000014   Code   RO         2385    i.DMA_GetCurrentMemoryTarget  stm32f4xx_dma.o
    0x08002d8e   0x00000002   PAD
    0x08002d90   0x00000058   Code   RO         2390    i.DMA_Init          stm32f4xx_dma.o
    0x08002de8   0x00000022   Code   RO         2394    i.DMA_StructInit    stm32f4xx_dma.o
    0x08002e0a   0x00000002   Code   RO          255    i.DebugMon_Handler  stm32f4xx_it.o
    0x08002e0c   0x0000008a   Code   RO         1106    i.FloatValueSolveFunction  judgingsystemtask.o
    0x08002e96   0x00000002   PAD
    0x08002e98   0x00000058   Code   RO         1018    i.FrictionWheelControl  shootingtask.o
    0x08002ef0   0x000003f4   Code   RO          856    i.GMPitchControlLoop  speedtask.o
    0x080032e4   0x00000440   Code   RO          857    i.GMYawControlLoop  speedtask.o
    0x08003724   0x00000090   Code   RO         2949    i.GPIO_Init         stm32f4xx_gpio.o
    0x080037b4   0x00000046   Code   RO         2950    i.GPIO_PinAFConfig  stm32f4xx_gpio.o
    0x080037fa   0x00000004   Code   RO         2957    i.GPIO_SetBits      stm32f4xx_gpio.o
    0x080037fe   0x00000012   Code   RO         2958    i.GPIO_StructInit   stm32f4xx_gpio.o
    0x08003810   0x00000014   Code   RO         1342    i.GetEncoderBias    encoder.o
    0x08003824   0x0000000c   Code   RO          959    i.GetWorkState      workstate.o
    0x08003830   0x00000034   Code   RO         1457    i.Get_CRC16_Check_Sum  crc.o
    0x08003864   0x00000024   Code   RO         1458    i.Get_CRC8_Check_Sum  crc.o
    0x08003888   0x00000008   Code   RO          500    i.Get_Time_Micros   timer.o
    0x08003890   0x0000000c   Code   RO          960    i.GetlastWorkState  workstate.o
    0x0800389c   0x000000ec   Code   RO          858    i.GraduallyChangeCMSpeed  speedtask.o
    0x08003988   0x00000014   Code   RO         1058    i.GunHeart_CalcProcess  gunheartandbleed.o
    0x0800399c   0x00000004   Code   RO          256    i.HardFault_Handler  stm32f4xx_it.o
    0x080039a0   0x00000014   Code   RO         1019    i.HeatControl_Task  shootingtask.o
    0x080039b4   0x00000220   Code   RO          704    i.IMUDataProcess    usart6.o
    0x08003bd4   0x00000004   Code   RO          257    i.MemManage_Handler  stm32f4xx_it.o
    0x08003bd8   0x0000010c   Code   RO         1343    i.Motor_2310_EncoderProcess  encoder.o
    0x08003ce4   0x0000014c   Code   RO         1344    i.Motor_3508_EncoderProcess  encoder.o
    0x08003e30   0x0000014c   Code   RO         1345    i.Motor_6020_EncoderProcess  encoder.o
    0x08003f7c   0x00000002   Code   RO          258    i.NMI_Handler       stm32f4xx_it.o
    0x08003f7e   0x00000002   PAD
    0x08003f80   0x00000078   Code   RO         1633    i.NVIC_Init         misc.o
    0x08003ff8   0x00000014   Code   RO         1634    i.NVIC_PriorityGroupConfig  misc.o
    0x0800400c   0x000003cc   Code   RO         1511    i.PID_Calc          pid.o
    0x080043d8   0x00000054   Code   RO         1512    i.PID_Reset         pid.o
    0x0800442c   0x000000a0   Code   RO         1107    i.Parameter_Transformation  judgingsystemtask.o
    0x080044cc   0x00000002   Code   RO          259    i.PendSV_Handler    stm32f4xx_it.o
    0x080044ce   0x00000002   PAD
    0x080044d0   0x00000088   Code   RO         1200    i.Phototube_Configuration  phototube.o
    0x08004558   0x00000124   Code   RO         1201    i.Phototube_Handle  phototube.o
    0x0800467c   0x00000020   Code   RO         3639    i.RCC_AHB1PeriphClockCmd  stm32f4xx_rcc.o
    0x0800469c   0x00000020   Code   RO         3648    i.RCC_APB1PeriphClockCmd  stm32f4xx_rcc.o
    0x080046bc   0x00000020   Code   RO         3650    i.RCC_APB1PeriphResetCmd  stm32f4xx_rcc.o
    0x080046dc   0x00000020   Code   RO         3651    i.RCC_APB2PeriphClockCmd  stm32f4xx_rcc.o
    0x080046fc   0x00000020   Code   RO         3653    i.RCC_APB2PeriphResetCmd  stm32f4xx_rcc.o
    0x0800471c   0x000000e8   Code   RO         3660    i.RCC_GetClocksFreq  stm32f4xx_rcc.o
    0x08004804   0x00000032   Code   RO         1551    i.RampCalc          ramp.o
    0x08004836   0x00000002   Code   RO         1552    i.RampInit          ramp.o
    0x08004838   0x0000002c   Code   RO         1553    i.RampIsOverflow    ramp.o
    0x08004864   0x00000006   Code   RO         1554    i.RampResetCounter  ramp.o
    0x0800486a   0x00000004   Code   RO         1555    i.RampSetCounter    ramp.o
    0x0800486e   0x00000004   Code   RO         1556    i.RampSetScale      ramp.o
    0x08004872   0x00000002   PAD
    0x08004874   0x000002f0   Code   RO         1398    i.RemoteDataPrcess  remotetask.o
    0x08004b64   0x00000038   Code   RO         1108    i.RingBuffer_Read   judgingsystemtask.o
    0x08004b9c   0x00000040   Code   RO         1109    i.RingBuffer_Write  judgingsystemtask.o
    0x08004bdc   0x00000002   Code   RO          260    i.SVC_Handler       stm32f4xx_it.o
    0x08004bde   0x0000004c   Code   RO         1281    i.Send_Down_to_Up_Message  canbustask.o
    0x08004c2a   0x00000002   PAD
    0x08004c2c   0x0000023c   Code   RO          607    i.Sendtosightway    usart3.o
    0x08004e68   0x00000088   Code   RO          859    i.SetGimbalMotorOutput  speedtask.o
    0x08004ef0   0x00000120   Code   RO          325    i.SetSysClock       system_stm32f4xx.o
    0x08005010   0x0000005c   Code   RO         1282    i.Set_CM_Speed      canbustask.o
    0x0800506c   0x00000054   Code   RO         1284    i.Set_Gimbal_Current  canbustask.o
    0x080050c0   0x00000056   Code   RO         1285    i.Set_Gimbal_Current1  canbustask.o
    0x08005116   0x00000002   PAD
    0x08005118   0x000000ec   Code   RO          860    i.ShooterMControlLoop  speedtask.o
    0x08005204   0x00000002   Code   RO          261    i.SysTick_Handler   stm32f4xx_it.o
    0x08005206   0x00000002   PAD
    0x08005208   0x00000068   Code   RO          327    i.SystemInit        system_stm32f4xx.o
    0x08005270   0x0000003c   Code   RO          501    i.TIM2_Configuration  timer.o
    0x080052ac   0x0000001e   Code   RO          502    i.TIM2_IRQHandler   timer.o
    0x080052ca   0x00000002   PAD
    0x080052cc   0x00000058   Code   RO          503    i.TIM3_Configuration  timer.o
    0x08005324   0x0000007c   Code   RO          504    i.TIM3_IRQHandler   timer.o
    0x080053a0   0x00000024   Code   RO          505    i.TIM3_Start        timer.o
    0x080053c4   0x0000004c   Code   RO          506    i.TIM6_Configuration  timer.o
    0x08005410   0x00000034   Code   RO          507    i.TIM6_DAC_IRQHandler  timer.o
    0x08005444   0x00000024   Code   RO          508    i.TIM6_Start        timer.o
    0x08005468   0x00000018   Code   RO         4807    i.TIM_ARRPreloadConfig  stm32f4xx_tim.o
    0x08005480   0x00000006   Code   RO         4813    i.TIM_ClearFlag     stm32f4xx_tim.o
    0x08005486   0x00000006   Code   RO         4814    i.TIM_ClearITPendingBit  stm32f4xx_tim.o
    0x0800548c   0x00000018   Code   RO         4819    i.TIM_Cmd           stm32f4xx_tim.o
    0x080054a4   0x00000022   Code   RO         4840    i.TIM_GetITStatus   stm32f4xx_tim.o
    0x080054c6   0x00000012   Code   RO         4844    i.TIM_ITConfig      stm32f4xx_tim.o
    0x080054d8   0x00000084   Code   RO         4891    i.TIM_TimeBaseInit  stm32f4xx_tim.o
    0x0800555c   0x00000056   Code   RO         1110    i.Transform_Hex_To_Oct  judgingsystemtask.o
    0x080055b2   0x00000002   PAD
    0x080055b4   0x00000268   Code   RO          749    i.UART7_IRQHandler  usart7.o
    0x0800581c   0x00000140   Code   RO          575    i.USART1_Configuration  usart1.o
    0x0800595c   0x000000b8   Code   RO          576    i.USART1_IRQHandler  usart1.o
    0x08005a14   0x000000b4   Code   RO          609    i.USART3_IRQHandler  usart3.o
    0x08005ac8   0x00000138   Code   RO          705    i.USART6_Configuration  usart6.o
    0x08005c00   0x000000b8   Code   RO          706    i.USART6_IRQHandler  usart6.o
    0x08005cb8   0x00000018   Code   RO         5369    i.USART_Cmd         stm32f4xx_usart.o
    0x08005cd0   0x00000012   Code   RO         5370    i.USART_DMACmd      stm32f4xx_usart.o
    0x08005ce2   0x00000002   PAD
    0x08005ce4   0x000000f0   Code   RO         5371    i.USART_DeInit      stm32f4xx_usart.o
    0x08005dd4   0x00000054   Code   RO         5373    i.USART_GetITStatus  stm32f4xx_usart.o
    0x08005e28   0x0000004a   Code   RO         5375    i.USART_ITConfig    stm32f4xx_usart.o
    0x08005e72   0x00000002   PAD
    0x08005e74   0x000000d4   Code   RO         5376    i.USART_Init        stm32f4xx_usart.o
    0x08005f48   0x00000008   Code   RO         5386    i.USART_SendData    stm32f4xx_usart.o
    0x08005f50   0x00000018   Code   RO         5392    i.USART_StructInit  stm32f4xx_usart.o
    0x08005f68   0x0000000c   Code   RO         1347    i.Up_to_Down_Flag   encoder.o
    0x08005f74   0x00000004   Code   RO          262    i.UsageFault_Handler  stm32f4xx_it.o
    0x08005f78   0x000001d8   Code   RO          962    i.WorkStateFSM      workstate.o
    0x08006150   0x000002b4   Code   RO          963    i.WorkStateSwitchProcess  workstate.o
    0x08006404   0x00000394   Code   RO          800    i.YawFreeRoation    freedom_status.o
    0x08006798   0x000000f0   Code   RO         1238    i.YawFreeRoation_Doget  doget_state.o
    0x08006888   0x00000030   Code   RO         5963    i.__ARM_fpclassify  m_wm.l(fpclassify.o)
    0x080068b8   0x00000358   Code   RO         5848    i.__hardfp_exp      m_wm.l(exp.o)
    0x08006c10   0x00000014   Code   RO         5862    i.__hardfp_fabs     m_wm.l(fabs.o)
    0x08006c24   0x00000004   PAD
    0x08006c28   0x000000d0   Code   RO         5868    i.__hardfp_ldexp    m_wm.l(ldexp.o)
    0x08006cf8   0x000000f8   Code   RO         5965    i.__kernel_poly     m_wm.l(poly.o)
    0x08006df0   0x00000014   Code   RO         5950    i.__mathlib_dbl_infnan  m_wm.l(dunder.o)
    0x08006e04   0x00000004   PAD
    0x08006e08   0x00000020   Code   RO         5953    i.__mathlib_dbl_overflow  m_wm.l(dunder.o)
    0x08006e28   0x00000020   Code   RO         5955    i.__mathlib_dbl_underflow  m_wm.l(dunder.o)
    0x08006e48   0x00000004   Code   RO          750    i._sys_exit         usart7.o
    0x08006e4c   0x0000001c   Code   RO         1429    i.delay_ms          common.o
    0x08006e68   0x0000001a   Code   RO         1430    i.delay_us          common.o
    0x08006e82   0x00000002   PAD
    0x08006e84   0x0000003c   Code   RO          922    i.engineerpower_Init  controltask.o
    0x08006ec0   0x00000040   Code   RO          610    i.filter            usart3.o
    0x08006f00   0x000001b8   Code   RO         1239    i.getRandom_MotionRange  doget_state.o
    0x080070b8   0x00000034   Code   RO         1113    i.getRobotHurt      judgingsystemtask.o
    0x080070ec   0x00000120   Code   RO         1114    i.getRobotPowerHeat  judgingsystemtask.o
    0x0800720c   0x000000a0   Code   RO         1115    i.getRobotShootData  judgingsystemtask.o
    0x080072ac   0x00000040   Code   RO         1116    i.getRobotState     judgingsystemtask.o
    0x080072ec   0x00000026   Code   RO            3    i.main              main.o
    0x08007312   0x00000002   PAD
    0x08007314   0x00000018   Code   RO          611    i.senddata_control  usart3.o
    0x0800732c   0x0000004c   Code   RO         1117    i.solve_chengfang   judgingsystemtask.o
    0x08007378   0x00000144   Code   RO          612    i.usart3_Init       usart3.o
    0x080074bc   0x00000144   Code   RO          752    i.usart7_Init       usart7.o
    0x08007600   0x00000018   Code   RO         5814    x$fpl$basic         fz_wm.l(basic.o)
    0x08007618   0x00000062   Code   RO         5816    x$fpl$d2f           fz_wm.l(d2f.o)
    0x0800767a   0x00000002   PAD
    0x0800767c   0x00000150   Code   RO         5818    x$fpl$dadd          fz_wm.l(daddsub_clz.o)
    0x080077cc   0x00000010   Code   RO         5990    x$fpl$dcheck1       fz_wm.l(dcheck1.o)
    0x080077dc   0x00000018   Code   RO         5934    x$fpl$dcmpinf       fz_wm.l(dcmpi.o)
    0x080077f4   0x000002b0   Code   RO         5825    x$fpl$ddiv          fz_wm.l(ddiv.o)
    0x08007aa4   0x00000078   Code   RO         5828    x$fpl$deqf          fz_wm.l(deqf.o)
    0x08007b1c   0x0000005e   Code   RO         5830    x$fpl$dfix          fz_wm.l(dfix.o)
    0x08007b7a   0x0000002e   Code   RO         5835    x$fpl$dflt          fz_wm.l(dflt_clz.o)
    0x08007ba8   0x00000026   Code   RO         5834    x$fpl$dfltu         fz_wm.l(dflt_clz.o)
    0x08007bce   0x00000002   PAD
    0x08007bd0   0x00000078   Code   RO         5840    x$fpl$dleqf         fz_wm.l(dleqf.o)
    0x08007c48   0x00000154   Code   RO         5842    x$fpl$dmul          fz_wm.l(dmul.o)
    0x08007d9c   0x0000009c   Code   RO         5936    x$fpl$dnaninf       fz_wm.l(dnaninf.o)
    0x08007e38   0x0000000c   Code   RO         5938    x$fpl$dretinf       fz_wm.l(dretinf.o)
    0x08007e44   0x0000006c   Code   RO         5844    x$fpl$drleqf        fz_wm.l(drleqf.o)
    0x08007eb0   0x00000016   Code   RO         5819    x$fpl$drsb          fz_wm.l(daddsub_clz.o)
    0x08007ec6   0x00000002   PAD
    0x08007ec8   0x000001d4   Code   RO         5820    x$fpl$dsub          fz_wm.l(daddsub_clz.o)
    0x0800809c   0x00000056   Code   RO         5846    x$fpl$f2d           fz_wm.l(f2d.o)
    0x080080f2   0x0000008c   Code   RO         5940    x$fpl$fnaninf       fz_wm.l(fnaninf.o)
    0x0800817e   0x0000000a   Code   RO         5992    x$fpl$fpinit        fz_wm.l(fpinit.o)
    0x08008188   0x0000000a   Code   RO         5942    x$fpl$fretinf       fz_wm.l(fretinf.o)
    0x08008192   0x00000064   Code   RO         6011    x$fpl$retnan        fz_wm.l(retnan.o)
    0x080081f6   0x0000005c   Code   RO         5946    x$fpl$scalbn        fz_wm.l(scalbn.o)
    0x08008252   0x00000030   Code   RO         6023    x$fpl$trapveneer    fz_wm.l(trapv.o)
    0x08008282   0x00000000   Code   RO         5948    x$fpl$usenofp       fz_wm.l(usenofp.o)
    0x08008282   0x00000002   PAD
    0x08008284   0x0000002c   Data   RO         1119    .constdata          judgingsystemtask.o
    0x080082b0   0x00000302   Data   RO         1461    .constdata          crc.o
    0x080085b2   0x00000006   PAD
    0x080085b8   0x00000058   Data   RO         5851    .constdata          m_wm.l(exp.o)
    0x08008610   0x00000020   Data   RO         6081    Region$$Table       anon$$obj.o


    Execution Region RW_IRAM1 (Base: 0x20000000, Size: 0x00002b60, Max: 0x00030000, ABSOLUTE, COMPRESSED[0x000000fc])

    Base Addr    Size         Type   Attr      Idx    E Section Name        Object

    0x20000000   0x00000010   Data   RW          510    .data               timer.o
    0x20000010   0x0000000c   Data   RW          578    .data               usart1.o
    0x2000001c   0x00000004   PAD
    0x20000020   0x0000009c   Data   RW          614    .data               usart3.o
    0x200000bc   0x00000028   Data   RW          709    .data               usart6.o
    0x200000e4   0x00000014   Data   RW          754    .data               usart7.o
    0x200000f8   0x00000070   Data   RW          802    .data               freedom_status.o
    0x20000168   0x00000886   Data   RW          861    .data               speedtask.o
    0x200009ee   0x00000002   PAD
    0x200009f0   0x00000006   Data   RW          923    .data               controltask.o
    0x200009f6   0x00000002   PAD
    0x200009f8   0x00000018   Data   RW          964    .data               workstate.o
    0x20000a10   0x00000043   Data   RW         1020    .data               shootingtask.o
    0x20000a53   0x00000001   PAD
    0x20000a54   0x00000044   Data   RW         1061    .data               gunheartandbleed.o
    0x20000a98   0x00000024   Data   RW         1120    .data               judgingsystemtask.o
    0x20000abc   0x00000020   Data   RW         1202    .data               phototube.o
    0x20000adc   0x00000030   Data   RW         1240    .data               doget_state.o
    0x20000b0c   0x00000013   Data   RW         1287    .data               canbustask.o
    0x20000b1f   0x00000001   PAD
    0x20000b20   0x0000000c   Data   RW         1400    .data               remotetask.o
    0x20000b2c   0x00000010   Data   RW         3692    .data               stm32f4xx_rcc.o
    0x20000b3c   0x00000041   Zero   RW          509    .bss                timer.o
    0x20000b7d   0x0000003c   Zero   RW          577    .bss                usart1.o
    0x20000bb9   0x00000007   PAD
    0x20000bc0   0x000003ec   Zero   RW          613    .bss                usart3.o
    0x20000fac   0x00000084   Zero   RW          708    .bss                usart6.o
    0x20001030   0x000000e6   Zero   RW          753    .bss                usart7.o
    0x20001116   0x00000078   Zero   RW         1060    .bss                gunheartandbleed.o
    0x2000118e   0x00000095   Zero   RW         1118    .bss                judgingsystemtask.o
    0x20001223   0x00000005   PAD
    0x20001228   0x000002c0   Zero   RW         1286    .bss                canbustask.o
    0x200014e8   0x00000018   Zero   RW         1348    .bss                encoder.o
    0x20001500   0x00000016   Zero   RW         1399    .bss                remotetask.o
    0x20001516   0x00000002   PAD
    0x20001518   0x000000e4   Zero   RW         5805    .bss                c_w.l(rand.o)
    0x200015fc   0x00000060   Zero   RW         5995    .bss                c_w.l(libspace.o)
    0x2000165c   0x00000004   PAD
    0x20001660   0x00000500   Zero   RW         5793    HEAP                startup_stm32f427xx.o
    0x20001b60   0x00001000   Zero   RW         5792    STACK               startup_stm32f427xx.o


==============================================================================

Image component sizes


      Code (inc. data)   RO Data    RW Data    ZI Data      Debug   Object Name

        60          0          0          0          0     244279   bsp.o
       360         26          0          0          0       1776   can1.o
       364         26          0          0          0       1776   can2.o
      1014         68          0         19        704       6267   canbustask.o
        54          0          0          0          0       1166   common.o
       416         96          0          6          0       1908   controltask.o
        88         12        770          0          0       2528   crc.o
      3244        300          0         48          0       3630   doget_state.o
       964         72          0          0         24       3936   encoder.o
      1568        170          0        112          0       3508   freedom_status.o
      1256        158          0         68        120       3854   gunheartandbleed.o
      1144        106         44         36        149       9773   judgingsystemtask.o
        38          0          0          0          0      68972   main.o
       140         24          0          0          0       1523   misc.o
       428         62          0         32          0       2268   phototube.o
      1056         28          0          0          0       1359   pid.o
       110          0          0          0          0       3298   ramp.o
       752         64          0         12         22       2934   remotetask.o
       236         58          0         67          0       3175   shootingtask.o
      3784        556          0       2182          0       8164   speedtask.o
        64         26        428          0       5376        824   startup_stm32f427xx.o
      1710         26          0          0          0       8048   stm32f4xx_can.o
       562         26          0          0          0       5980   stm32f4xx_dma.o
       236          0          0          0          0       2824   stm32f4xx_gpio.o
        26          0          0          0          0       4046   stm32f4xx_it.o
       392         48          0         16          0       5737   stm32f4xx_rcc.o
       244         28          0          0          0       4745   stm32f4xx_tim.o
       684         42          0          0          0       5996   stm32f4xx_usart.o
       392         32          0          0          0       1501   system_stm32f4xx.o
       510         52          0         16         65       5489   timer.o
       504         38          0         12         60       1868   usart1.o
      2124        226          0        156       1004       8175   usart3.o
      1040         86          0         40        132       2736   usart6.o
       944         72          0         20        230       4447   usart7.o
      1188        152          0         24          0       3755   workstate.o

    ----------------------------------------------------------------------
     27728       2680       1280       2876       7900     442265   Object Totals
         0          0         32          0          0          0   (incl. Generated)
        32          0          6         10         14          0   (incl. Padding)

    ----------------------------------------------------------------------

      Code (inc. data)   RO Data    RW Data    ZI Data      Debug   Library Member Name

        90          0          0          0          0          0   __dczerorl2.o
         8          0          0          0          0         68   __main.o
         0          0          0          0          0          0   __rtentry.o
        12          0          0          0          0          0   __rtentry2.o
         6          0          0          0          0          0   __rtentry4.o
        52          8          0          0          0          0   __scatter.o
        28          0          0          0          0          0   __scatter_zi.o
        22          0          0          0          0        100   _rserrno.o
        12          0          0          0          0         72   exit.o
         6          0          0          0          0        152   heapauxi.o
         2          0          0          0          0          0   libinit.o
        10          0          0          0          0          0   libinit2.o
         2          0          0          0          0          0   libshutdown.o
         2          0          0          0          0          0   libshutdown2.o
         8          4          0          0         96         68   libspace.o
       112         18          0          0        228        160   rand.o
         8          4          0          0          0         68   rt_errno_addr_intlibspace.o
       100          0          0          0          0         80   rt_memcpy_w.o
         2          0          0          0          0          0   rtexit.o
        10          0          0          0          0          0   rtexit2.o
        74          0          0          0          0         80   sys_stackheap_outer.o
         2          0          0          0          0         68   use_no_semi.o
         2          0          0          0          0         68   use_no_semi_2.o
        24          0          0          0          0        164   basic.o
        98          4          0          0          0        140   d2f.o
       826         16          0          0          0        492   daddsub_clz.o
        16          4          0          0          0        116   dcheck1.o
        24          0          0          0          0        116   dcmpi.o
       688        140          0          0          0        256   ddiv.o
       120          4          0          0          0        140   deqf.o
        94          4          0          0          0        140   dfix.o
        84          0          0          0          0        232   dflt_clz.o
       120          4          0          0          0        140   dleqf.o
       340         12          0          0          0        152   dmul.o
       156          4          0          0          0        140   dnaninf.o
        12          0          0          0          0        116   dretinf.o
       108          0          0          0          0        128   drleqf.o
        86          4          0          0          0        132   f2d.o
       140          4          0          0          0        132   fnaninf.o
        10          0          0          0          0        116   fpinit.o
        10          0          0          0          0        116   fretinf.o
       100          0          0          0          0        116   retnan.o
        92          0          0          0          0        116   scalbn.o
        48          0          0          0          0        116   trapv.o
         0          0          0          0          0          0   usenofp.o
        84         16          0          0          0        372   dunder.o
       856        142         88          0          0        288   exp.o
        20          0          0          0          0        124   fabs.o
        48          0          0          0          0        124   fpclassify.o
       208          8          0          0          0        184   ldexp.o
       248          0          0          0          0        152   poly.o

    ----------------------------------------------------------------------
      5256        400         88          0        328       5544   Library Totals
        26          0          0          0          4          0   (incl. Padding)

    ----------------------------------------------------------------------

      Code (inc. data)   RO Data    RW Data    ZI Data      Debug   Library Name

       570         34          0          0        324        984   c_w.l
      3196        200          0          0          0       3316   fz_wm.l
      1464        166         88          0          0       1244   m_wm.l

    ----------------------------------------------------------------------
      5256        400         88          0        328       5544   Library Totals

    ----------------------------------------------------------------------

==============================================================================


      Code (inc. data)   RO Data    RW Data    ZI Data      Debug   

     32984       3080       1368       2876       8228     430493   Grand Totals
     32984       3080       1368        252       8228     430493   ELF Image Totals (compressed)
     32984       3080       1368        252          0          0   ROM Totals

==============================================================================

    Total RO  Size (Code + RO Data)                34352 (  33.55kB)
    Total RW  Size (RW Data + ZI Data)             11104 (  10.84kB)
    Total ROM Size (Code + RO Data + RW Data)      34604 (  33.79kB)

==============================================================================

